Component: ARM Compiler 5.06 update 6 (build 750) Tool: armlink [4d35ed]

==============================================================================

Section Cross References

    startup_stm32f10x_md.o(RESET) refers to startup_stm32f10x_md.o(STACK) for __initial_sp
    startup_stm32f10x_md.o(RESET) refers to startup_stm32f10x_md.o(.text) for Reset_Handler
    startup_stm32f10x_md.o(RESET) refers to stm32f10x_it.o(i.NMI_Handler) for NMI_Handler
    startup_stm32f10x_md.o(RESET) refers to context_rvds.o(.text) for HardFault_Handler
    startup_stm32f10x_md.o(RESET) refers to stm32f10x_it.o(i.MemManage_Handler) for MemManage_Handler
    startup_stm32f10x_md.o(RESET) refers to stm32f10x_it.o(i.BusFault_Handler) for BusFault_Handler
    startup_stm32f10x_md.o(RESET) refers to stm32f10x_it.o(i.UsageFault_Handler) for UsageFault_Handler
    startup_stm32f10x_md.o(RESET) refers to stm32f10x_it.o(i.SVC_Handler) for SVC_Handler
    startup_stm32f10x_md.o(RESET) refers to stm32f10x_it.o(i.DebugMon_Handler) for DebugMon_Handler
    startup_stm32f10x_md.o(RESET) refers to board.o(i.SysTick_Handler) for SysTick_Handler
    startup_stm32f10x_md.o(RESET) refers to rtc_system.o(i.RTC_IRQHandler) for RTC_IRQHandler
    startup_stm32f10x_md.o(RESET) refers to oled_command.o(i.DMA1_Channel6_IRQHandler) for DMA1_Channel6_IRQHandler
    startup_stm32f10x_md.o(RESET) refers to drive_timer.o(i.TIM2_IRQHandler) for TIM2_IRQHandler
    startup_stm32f10x_md.o(RESET) refers to drive_timer.o(i.TIM3_IRQHandler) for TIM3_IRQHandler
    startup_stm32f10x_md.o(RESET) refers to drive_usart.o(i.USART1_IRQHandler) for USART1_IRQHandler
    startup_stm32f10x_md.o(.text) refers to system_stm32f10x.o(i.SystemInit) for SystemInit
    startup_stm32f10x_md.o(.text) refers to entry.o(.ARM.Collect$$$$00000000) for __main
    system_stm32f10x.o(i.SetSysClock) refers to system_stm32f10x.o(i.SetSysClockTo72) for SetSysClockTo72
    system_stm32f10x.o(i.SystemCoreClockUpdate) refers to system_stm32f10x.o(.data) for SystemCoreClock
    system_stm32f10x.o(i.SystemInit) refers to system_stm32f10x.o(i.SetSysClock) for SetSysClock
    stm32f10x_adc.o(i.ADC_DeInit) refers to stm32f10x_rcc.o(i.RCC_APB2PeriphResetCmd) for RCC_APB2PeriphResetCmd
    stm32f10x_bkp.o(i.BKP_DeInit) refers to stm32f10x_rcc.o(i.RCC_BackupResetCmd) for RCC_BackupResetCmd
    stm32f10x_can.o(i.CAN_DeInit) refers to stm32f10x_rcc.o(i.RCC_APB1PeriphResetCmd) for RCC_APB1PeriphResetCmd
    stm32f10x_can.o(i.CAN_GetITStatus) refers to stm32f10x_can.o(i.CheckITStatus) for CheckITStatus
    stm32f10x_cec.o(i.CEC_DeInit) refers to stm32f10x_rcc.o(i.RCC_APB1PeriphResetCmd) for RCC_APB1PeriphResetCmd
    stm32f10x_dac.o(i.DAC_DeInit) refers to stm32f10x_rcc.o(i.RCC_APB1PeriphResetCmd) for RCC_APB1PeriphResetCmd
    stm32f10x_flash.o(i.FLASH_EnableWriteProtection) refers to stm32f10x_flash.o(i.FLASH_WaitForLastOperation) for FLASH_WaitForLastOperation
    stm32f10x_flash.o(i.FLASH_EraseAllBank1Pages) refers to stm32f10x_flash.o(i.FLASH_WaitForLastBank1Operation) for FLASH_WaitForLastBank1Operation
    stm32f10x_flash.o(i.FLASH_EraseAllPages) refers to stm32f10x_flash.o(i.FLASH_WaitForLastOperation) for FLASH_WaitForLastOperation
    stm32f10x_flash.o(i.FLASH_EraseOptionBytes) refers to stm32f10x_flash.o(i.FLASH_GetReadOutProtectionStatus) for FLASH_GetReadOutProtectionStatus
    stm32f10x_flash.o(i.FLASH_EraseOptionBytes) refers to stm32f10x_flash.o(i.FLASH_WaitForLastOperation) for FLASH_WaitForLastOperation
    stm32f10x_flash.o(i.FLASH_ErasePage) refers to stm32f10x_flash.o(i.FLASH_WaitForLastOperation) for FLASH_WaitForLastOperation
    stm32f10x_flash.o(i.FLASH_ProgramHalfWord) refers to stm32f10x_flash.o(i.FLASH_WaitForLastOperation) for FLASH_WaitForLastOperation
    stm32f10x_flash.o(i.FLASH_ProgramOptionByteData) refers to stm32f10x_flash.o(i.FLASH_WaitForLastOperation) for FLASH_WaitForLastOperation
    stm32f10x_flash.o(i.FLASH_ProgramWord) refers to stm32f10x_flash.o(i.FLASH_WaitForLastOperation) for FLASH_WaitForLastOperation
    stm32f10x_flash.o(i.FLASH_ReadOutProtection) refers to stm32f10x_flash.o(i.FLASH_WaitForLastOperation) for FLASH_WaitForLastOperation
    stm32f10x_flash.o(i.FLASH_UserOptionByteConfig) refers to stm32f10x_flash.o(i.FLASH_WaitForLastOperation) for FLASH_WaitForLastOperation
    stm32f10x_flash.o(i.FLASH_WaitForLastBank1Operation) refers to stm32f10x_flash.o(i.FLASH_GetBank1Status) for FLASH_GetBank1Status
    stm32f10x_flash.o(i.FLASH_WaitForLastOperation) refers to stm32f10x_flash.o(i.FLASH_GetBank1Status) for FLASH_GetBank1Status
    stm32f10x_gpio.o(i.GPIO_AFIODeInit) refers to stm32f10x_rcc.o(i.RCC_APB2PeriphResetCmd) for RCC_APB2PeriphResetCmd
    stm32f10x_gpio.o(i.GPIO_DeInit) refers to stm32f10x_rcc.o(i.RCC_APB2PeriphResetCmd) for RCC_APB2PeriphResetCmd
    stm32f10x_i2c.o(i.I2C_DeInit) refers to stm32f10x_rcc.o(i.RCC_APB1PeriphResetCmd) for RCC_APB1PeriphResetCmd
[...]
    __GetGame                                0x08004801   Thumb Code    38  game.o(i.__GetGame)
    __GetGameRole                            0x08004835   Thumb Code    44  role_manager.o(i.__GetGameRole)
    __GetI2CDevice                           0x08004865   Thumb Code    44  i2c_device.o(i.__GetI2CDevice)
    __GetLedDevice                           0x08004895   Thumb Code    44  led_device.o(i.__GetLedDevice)
    __GetOption                              0x080048c5   Thumb Code    60  option_manager.o(i.__GetOption)
    __InitInputDevice                        0x08004929   Thumb Code    20  input_device.o(i.__InitInputDevice)
    __rt_ffs                                 0x08004941   Thumb Code    70  kservice.o(i.__rt_ffs)
    __scatterload_copy                       0x0800498d   Thumb Code    14  handlers.o(i.__scatterload_copy)
    __scatterload_null                       0x0800499b   Thumb Code     2  handlers.o(i.__scatterload_null)
    __scatterload_zeroinit                   0x0800499d   Thumb Code    14  handlers.o(i.__scatterload_zeroinit)
    button_cb                                0x08004d61   Thumb Code    20  button.o(i.button_cb)
    delay                                    0x08004e55   Thumb Code    24  drive_delay.o(i.delay)
    fputc                                    0x08004f59   Thumb Code    18  drive_usart.o(i.fputc)
    $Super$$main                             0x08004fe1   Thumb Code   244  main.o(i.main)
    main_thread_entry                        0x08005141   Thumb Code    14  components.o(i.main_thread_entry)
    malloc                                   0x08005151   Thumb Code    92  malloc.o(i.malloc)
    my_button_scan                           0x0800537d   Thumb Code   374  button_device.o(i.my_button_scan)
    oled_clear                               0x080054fd   Thumb Code    30  oled_command.o(i.oled_clear)
    oled_gram_refresh_dma                    0x0800551d   Thumb Code   128  oled_command.o(i.oled_gram_refresh_dma)
    oled_init                                0x080055b5   Thumb Code   212  oled_command.o(i.oled_init)
    oled_setcursor                           0x08005689   Thumb Code    38  oled_command.o(i.oled_setcursor)
    ring_buffer_init                         0x0800591b   Thumb Code    10  ring_buffer.o(i.ring_buffer_init)
    ring_buffer_write                        0x08005925   Thumb Code    34  ring_buffer.o(i.ring_buffer_write)
    rt_application_init                      0x08005949   Thumb Code    34  components.o(i.rt_application_init)
    rt_components_board_init                 0x08005979   Thumb Code    20  components.o(i.rt_components_board_init)
    rt_components_init                       0x08005995   Thumb Code    20  components.o(i.rt_components_init)
    rt_enter_critical                        0x080059b1   Thumb Code    28  scheduler.o(i.rt_enter_critical)
    rt_event_create                          0x080059d1   Thumb Code    38  ipc.o(i.rt_event_create)
    rt_event_recv                            0x080059f7   Thumb Code   238  ipc.o(i.rt_event_recv)
    rt_event_send                            0x08005ae5   Thumb Code   194  ipc.o(i.rt_event_send)
    rt_exit_critical                         0x08005ba9   Thumb Code    60  scheduler.o(i.rt_exit_critical)
    rt_free                                  0x08005bed   Thumb Code   128  mem.o(i.rt_free)
    rt_heap_begin_get                        0x08005ccd   Thumb Code     4  board.o(i.rt_heap_begin_get)
    rt_heap_end_get                          0x08005cd5   Thumb Code     4  board.o(i.rt_heap_end_get)
    rt_hw_board_init                         0x08005cdd   Thumb Code   110  board.o(i.rt_hw_board_init)
    rt_hw_console_output                     0x08005d59   Thumb Code    74  board.o(i.rt_hw_console_output)
    rt_hw_hard_fault_exception               0x08005da9   Thumb Code   190  cpuport.o(i.rt_hw_hard_fault_exception)
    rt_hw_stack_init                         0x08005fa9   Thumb Code    70  cpuport.o(i.rt_hw_stack_init)
    rt_interrupt_enter                       0x08005ff5   Thumb Code    26  irq.o(i.rt_interrupt_enter)
    rt_interrupt_leave                       0x08006015   Thumb Code    26  irq.o(i.rt_interrupt_leave)
    rt_kprintf                               0x080060c9   Thumb Code    44  kservice.o(i.rt_kprintf)
    rt_malloc                                0x08006199   Thumb Code   336  mem.o(i.rt_malloc)
    rt_mb_create                             0x08006305   Thumb Code    82  ipc.o(i.rt_mb_create)
    rt_mb_recv                               0x08006357   Thumb Code   250  ipc.o(i.rt_mb_recv)
    rt_mb_send                               0x08006451   Thumb Code    18  ipc.o(i.rt_mb_send)
    rt_mb_send_wait                          0x08006463   Thumb Code   270  ipc.o(i.rt_mb_send_wait)
    rt_memcpy                                0x08006571   Thumb Code   124  kservice.o(i.rt_memcpy)
    rt_memset                                0x080065ed   Thumb Code    72  kservice.o(i.rt_memset)
    rt_mq_create                             0x08006635   Thumb Code   136  ipc.o(i.rt_mq_create)
    rt_mq_recv                               0x080066bd   Thumb Code   290  ipc.o(i.rt_mq_recv)
    rt_mq_send                               0x080067df   Thumb Code    22  ipc.o(i.rt_mq_send)
    rt_mq_send_wait                          0x080067f5   Thumb Code   300  ipc.o(i.rt_mq_send_wait)
    rt_object_allocate                       0x08006921   Thumb Code    84  object.o(i.rt_object_allocate)
    rt_object_delete                         0x08006975   Thumb Code    36  object.o(i.rt_object_delete)
    rt_object_detach                         0x08006999   Thumb Code    30  object.o(i.rt_object_detach)
    rt_object_get_information                0x080069b9   Thumb Code    36  object.o(i.rt_object_get_information)
    rt_object_init                           0x080069e1   Thumb Code    86  object.o(i.rt_object_init)
    rt_object_is_systemobject                0x08006a37   Thumb Code    18  object.o(i.rt_object_is_systemobject)
    rt_schedule                              0x08006a49   Thumb Code   106  scheduler.o(i.rt_schedule)
    rt_schedule_insert_thread                0x08006acd   Thumb Code    72  scheduler.o(i.rt_schedule_insert_thread)
    rt_schedule_remove_thread                0x08006b1d   Thumb Code    76  scheduler.o(i.rt_schedule_remove_thread)
    rt_sem_create                            0x08006b71   Thumb Code    42  ipc.o(i.rt_sem_create)
    rt_sem_init                              0x08006b9b   Thumb Code    38  ipc.o(i.rt_sem_init)
    rt_sem_release                           0x08006bc1   Thumb Code    82  ipc.o(i.rt_sem_release)
    rt_sem_take                              0x08006c13   Thumb Code   116  ipc.o(i.rt_sem_take)
    rt_show_version                          0x08006c89   Thumb Code    38  kservice.o(i.rt_show_version)
    rt_strncpy                               0x08006d39   Thumb Code    52  kservice.o(i.rt_strncpy)
    rt_system_heap_init                      0x08006d6d   Thumb Code   160  mem.o(i.rt_system_heap_init)
    rt_system_scheduler_init                 0x08006e65   Thumb Code    52  scheduler.o(i.rt_system_scheduler_init)
    rt_system_scheduler_start                0x08006eb1   Thumb Code    36  scheduler.o(i.rt_system_scheduler_start)
    rt_system_timer_init                     0x08006ee1   Thumb Code    24  timer.o(i.rt_system_timer_init)
    rt_system_timer_thread_init              0x08006efd   Thumb Code     2  timer.o(i.rt_system_timer_thread_init)
    rt_thread_create                         0x08006eff   Thumb Code    80  thread.o(i.rt_thread_create)
    rt_thread_delay                          0x08006f4f   Thumb Code    12  thread.o(i.rt_thread_delay)
    rt_thread_exit                           0x08006f5d   Thumb Code    78  thread.o(i.rt_thread_exit)
    rt_thread_idle_excute                    0x08006fbd   Thumb Code    92  idle.o(i.rt_thread_idle_excute)
    rt_thread_idle_init                      0x0800701d   Thumb Code    38  idle.o(i.rt_thread_idle_init)
    rt_thread_init                           0x08007059   Thumb Code    52  thread.o(i.rt_thread_init)
    rt_thread_resume                         0x0800708d   Thumb Code    60  thread.o(i.rt_thread_resume)
    rt_thread_self                           0x080070c9   Thumb Code     6  thread.o(i.rt_thread_self)
    rt_thread_sleep                          0x080070d5   Thumb Code    62  thread.o(i.rt_thread_sleep)
    rt_thread_startup                        0x08007119   Thumb Code    44  thread.o(i.rt_thread_startup)
    rt_thread_suspend                        0x08007145   Thumb Code    68  thread.o(i.rt_thread_suspend)
    rt_thread_timeout                        0x08007189   Thumb Code    32  thread.o(i.rt_thread_timeout)
    rt_thread_yield                          0x080071a9   Thumb Code    92  thread.o(i.rt_thread_yield)
    rt_tick_get                              0x0800720d   Thumb Code     6  clock.o(i.rt_tick_get)
    rt_tick_increase                         0x08007219   Thumb Code    42  clock.o(i.rt_tick_increase)
    rt_timer_check                           0x08007249   Thumb Code   160  timer.o(i.rt_timer_check)
    rt_timer_control                         0x080072ed   Thumb Code    98  timer.o(i.rt_timer_control)
    rt_timer_detach                          0x0800734f   Thumb Code    40  timer.o(i.rt_timer_detach)
    rt_timer_init                            0x08007377   Thumb Code    46  timer.o(i.rt_timer_init)
    rt_timer_start                           0x080073a5   Thumb Code   226  timer.o(i.rt_timer_start)
    rt_timer_stop                            0x08007491   Thumb Code    48  timer.o(i.rt_timer_stop)
    rt_vsnprintf                             0x080074c1   Thumb Code   824  kservice.o(i.rt_vsnprintf)
    rtthread_startup                         0x08007811   Thumb Code    42  components.o(i.rtthread_startup)
    ascii_font                               0x080078e4   Data        2048  ascii_fontlib.o(.constdata)
    song1                                    0x0800814c   Data         530  player.o(.constdata)
    song2                                    0x0800835e   Data         530  player.o(.constdata)
    song3                                    0x08008570   Data         530  player.o(.constdata)
    song4                                    0x08008782   Data         530  player.o(.constdata)
    song5                                    0x08008994   Data         530  player.o(.constdata)
    CLOUD                                    0x08008ba6   Data          24  graph_data.o(.constdata)
    DINOSAUR                                 0x08008bbe   Data          64  graph_data.o(.constdata)
    GROUND                                   0x08008bfe   Data         600  graph_data.o(.constdata)
    GroundImg                                0x08008e56   Data        1024  graph_data.o(.constdata)
    Cactus1                                  0x08009256   Data         128  graph_data.o(.constdata)
    CACTUS_1                                 0x080092d6   Data          16  graph_data.o(.constdata)
    CACTUS_2                                 0x080092e6   Data          32  graph_data.o(.constdata)
    CACTUS_3                                 0x08009306   Data          48  graph_data.o(.constdata)
    CACTUS_4                                 0x08009336   Data          48  graph_data.o(.constdata)
    RESTART                                  0x08009366   Data          72  graph_data.o(.constdata)
    START                                    0x080093ae   Data        1024  graph_data.o(.constdata)
    HOME                                     0x080097ae   Data         288  graph_data.o(.constdata)
    TEMP                                     0x080098ce   Data         288  graph_data.o(.constdata)
    GAME                                     0x080099ee   Data         288  graph_data.o(.constdata)
    PLAYER                                   0x08009b0e   Data         128  graph_data.o(.constdata)
    SETTING                                  0x08009b8e   Data         288  graph_data.o(.constdata)
    INFORMATION                              0x08009cae   Data         288  graph_data.o(.constdata)
    LEFT                                     0x08009dce   Data          32  graph_data.o(.constdata)
    RIGHT                                    0x08009dee   Data          32  graph_data.o(.constdata)
    SIGNAL                                   0x08009e0e   Data          60  graph_data.o(.constdata)
    __lowest_bit_bitmap                      0x08009e4a   Data         256  kservice.o(.constdata)
    __rt_init_rti_start                      0x08009fd0   Data           4  components.o(.rti_fn.0)
    __rt_init_rti_board_start                0x08009fd4   Data           4  components.o(.rti_fn.0.end)
    __rt_init_rti_board_end                  0x08009fd8   Data           4  components.o(.rti_fn.1.end)
    __rt_init_rti_end                        0x08009fdc   Data           4  components.o(.rti_fn.6.end)
    Region$$Table$$Base                      0x08009fe0   Number         0  anon$$obj.o(Region$$Table)
    Region$$Table$$Limit                     0x0800a000   Number         0  anon$$obj.o(Region$$Table)
    SystemCoreClock                          0x20000000   Data           4  system_stm32f10x.o(.data)
    AHBPrescTable                            0x20000004   Data          16  system_stm32f10x.o(.data)
    g_tQueueInput                            0x20000028   Data           4  main.o(.data)
    g_tBackEvent                             0x2000002c   Data           4  main.o(.data)
    g_tPlayerSem                             0x20000030   Data           4  main.o(.data)
    g_tGameSem                               0x20000034   Data           4  main.o(.data)
    g_tMsgCentrerMb                          0x20000038   Data           4  main.o(.data)
    g_ptLogicThread                          0x2000003c   Data           4  main.o(.data)
    g_ptMenuThread                           0x20000040   Data           4  main.o(.data)
    g_ptPlayerThread                         0x20000044   Data           4  main.o(.data)
    g_ptGameThread                           0x20000048   Data           4  main.o(.data)
    g_ptMessageCentrerThread                 0x2000004c   Data           4  main.o(.data)
    g_tMsgRTC                                0x20000088   Data           8  rtc_system.o(.data)
    g_tPublisherrRTC                         0x20000090   Data           4  rtc_system.o(.data)
    flush_start                              0x20000188   Data           4  display_device.o(.data)
    g_ptFaultDisplayDev                      0x2000019c   Data           4  display_system.o(.data)
    iFPS                                     0x200001a0   Data           4  display_system.o(.data)
    OLED_I2C1_DMA_BUSYFLAG                   0x200001a8   Data           4  oled_command.o(.data)
    player_status                            0x200001f4   Data           4  player_system.o(.data)
    g_tMsgPlayer                             0x200001f8   Data           8  player_system.o(.data)
    g_tPublisherPlayer                       0x20000200   Data           4  player_system.o(.data)
    YES                                      0x20000208   Data          32  graph_data.o(.data)
    BACK                                     0x20000228   Data          32  graph_data.o(.data)
    BATTERY                                  0x20000248   Data          32  graph_data.o(.data)
    BLUETOOTH                                0x20000268   Data          32  graph_data.o(.data)
    g_tRoleGraphCloud                        0x20000288   Data          32  role.o(.data)
    g_tGameRoleCloud1                        0x200002a8   Data          44  role.o(.data)
    g_tGameRoleCloud2                        0x200002d4   Data          44  role.o(.data)
    g_tRoleGraphGround                       0x20000300   Data          32  role.o(.data)
    g_tGameRoleGround                        0x20000320   Data          44  role.o(.data)
    g_tRoleGraphCactus1                      0x20000354   Data          32  role.o(.data)
    g_tRoleGraphCactus2                      0x20000374   Data          32  role.o(.data)
    g_tGameRoleCactus1                       0x20000394   Data          44  role.o(.data)
    g_tGameRoleCactus2                       0x200003c0   Data          44  role.o(.data)
    speed_index                              0x200003f8   Data           4  role.o(.data)
    g_tRoleGraphDinosaur                     0x200003fc   Data          32  role.o(.data)
    g_tGameRoleDinosaur                      0x2000041c   Data          44  role.o(.data)
    g_ptIndicateLed                          0x20000448   Data           4  role_manager.o(.data)
    g_tAggregate                             0x2000044c   Data          52  role_manager.o(.data)
    g_tIterator                              0x20000480   Data          16  role_manager.o(.data)
    g_ptDefaultPLAYERRole                    0x20000490   Data           4  role_system.o(.data)
    g_tGraphRESTART                          0x20000498   Data          32  game_system.o(.data)
    g_tGraphSTART                            0x200004b8   Data          32  game_system.o(.data)
    enter_node_count                         0x200004dc   Data           4  option.o(.data)
    enter_status_count                       0x200004e0   Data           4  option.o(.data)
    g_tMenuGraphSIGNAL                       0x200004e4   Data          32  option.o(.data)
    g_tMenuGraphBLUETOOTH                    0x20000504   Data          32  option.o(.data)
    g_tMenuGraphBATTERY                      0x20000524   Data          32  option.o(.data)
    g_tMenuGraphLEFT                         0x20000544   Data          32  option.o(.data)
    g_tMenuGraphRIGHT                        0x20000564   Data          32  option.o(.data)
    g_tMenuGraphHOME                         0x20000584   Data          32  option.o(.data)
    g_tMenuGraphYES                          0x200005a4   Data          32  option.o(.data)
    g_tMenuGraphBACK                         0x200005c4   Data          32  option.o(.data)
    g_tOptionHOME                            0x200005e4   Data          28  option.o(.data)
    g_tMenuGraphTEMP                         0x20000600   Data          32  option.o(.data)
    g_tOptionTEMPATURE                       0x20000620   Data          28  option.o(.data)
    g_tMenuGraphGAME                         0x2000063c   Data          32  option.o(.data)
    g_tOptionGAME                            0x2000065c   Data          28  option.o(.data)
    g_tMenuGraphPLAYER                       0x20000678   Data          32  option.o(.data)
    g_tOptionPLAYER                          0x20000698   Data          28  option.o(.data)
    g_tMenuGraphSETTING                      0x200006b4   Data          32  option.o(.data)
    g_tOptionSETTING                         0x200006d4   Data          28  option.o(.data)
    g_tMenuGraphINFORMATION                  0x200006f0   Data          32  option.o(.data)
    g_tOptionINFORMATION                     0x20000710   Data          28  option.o(.data)
    g_tOptionGAMEStart                       0x2000072c   Data          28  option.o(.data)
    g_tOptionGAMESet                         0x20000748   Data          28  option.o(.data)
    g_tOptionGAMEInfo                        0x20000764   Data          28  option.o(.data)
    current_option                           0x20000790   Data           4  option_manager.o(.data)
    menu_data                                0x20000794   Data           8  option_manager.o(.data)
    g_tMsgMenu                               0x2000079c   Data           8  option_manager.o(.data)
    g_tPublisherMenu                         0x200007a4   Data           4  option_manager.o(.data)
    ElementFlag                              0x200007ac   Data           4  logic_control.o(.data)
    iSubscribePlayerStatus                   0x200007b0   Data           4  logic_control.o(.data)
    tSubscribeMenuStatus                     0x200007b4   Data           8  logic_control.o(.data)
    g_tPlayerElement                         0x200007bc   Data          24  logic_control.o(.data)
    g_tGameElement                           0x200007d4   Data          24  logic_control.o(.data)
    g_tMenuElement                           0x200007ec   Data          24  logic_control.o(.data)
    g_tVisitorKEY1ShortPress                 0x20000804   Data           4  logic_control.o(.data)
    g_tVisitorKEY2ShortPress                 0x20000808   Data           4  logic_control.o(.data)
    g_tVisitorKEY3ShortPress                 0x2000080c   Data           4  logic_control.o(.data)
    g_tVisitorKEY1LongPress                  0x20000810   Data           4  logic_control.o(.data)
    g_tVisitorKEY2LongPress                  0x20000814   Data           4  logic_control.o(.data)
    g_tVisitorKEY3LongPress                  0x20000818   Data           4  logic_control.o(.data)
    g_tSubcriberPlayerMsg                    0x20000824   Data          12  logic_control.o(.data)
    g_tSubcriberMenuMsg                      0x20000834   Data          12  logic_control.o(.data)
    g_tSubcriberRTCMsg                       0x20000840   Data          12  logic_control.o(.data)
    g_ptOledDev                              0x20000850   Data           4  displaydev_init.o(.data)
    rt_interrupt_nest                        0x20000858   Data           1  irq.o(.data)
    rt_thread_ready_priority_group           0x200008d4   Data           4  scheduler.o(.data)
    rt_current_thread                        0x200008dc   Data           4  scheduler.o(.data)
    rt_current_priority                      0x200008e0   Data           1  scheduler.o(.data)
    rt_thread_defunct                        0x200008e4   Data           8  scheduler.o(.data)
    rt_interrupt_from_thread                 0x200008f8   Data           4  cpuport.o(.data)
    rt_interrupt_to_thread                   0x200008fc   Data           4  cpuport.o(.data)
    rt_thread_switch_interrupt_flag          0x20000900   Data           4  cpuport.o(.data)
    __stdout                                 0x2000090c   Data           4  stdout.o(.data)
    __microlib_freelist                      0x20000910   Data           4  mvars.o(.data)
    __microlib_freelist_initialised          0x20000914   Data           4  mvars.o(.data)
    usart1_ring_buffer                       0x20002118   Data        1032  drive_usart.o(.bss)
    g_tGame                                  0x2000365c   Data          20  game.o(.bss)
    rt_thread_priority_table                 0x20003af4   Data         256  scheduler.o(.bss)
    __heap_base                              0x20003bf8   Data           0  startup_stm32f10x_md.o(HEAP)
    __heap_limit                             0x20003df8   Data           0  startup_stm32f10x_md.o(HEAP)
    __initial_sp                             0x200049f8   Data           0  startup_stm32f10x_md.o(STACK)



==============================================================================

Memory Map of the image

  Image Entry point : 0x080000ed

  Load Region LR_IROM1 (Base: 0x08000000, Size: 0x0000a918, Max: 0x00010000, ABSOLUTE, COMPRESSED[0x0000a320])

    Execution Region ER_IROM1 (Exec base: 0x08000000, Load base: 0x08000000, Size: 0x0000a000, Max: 0x00010000, ABSOLUTE)

    Exec Addr    Load Addr    Size         Type   Attr      Idx    E Section Name        Object

    0x08000000   0x08000000   0x000000ec   Data   RO            3    RESET               startup_stm32f10x_md.o
    0x080000ec   0x080000ec   0x00000000   Code   RO         7014  * .ARM.Collect$$$$00000000  mc_w.l(entry.o)
    0x080000ec   0x080000ec   0x00000004   Code   RO         7319    .ARM.Collect$$$$00000001  mc_w.l(entry2.o)
    0x080000f0   0x080000f0   0x00000004   Code   RO         7322    .ARM.Collect$$$$00000004  mc_w.l(entry5.o)
    0x080000f4   0x080000f4   0x00000000   Code   RO         7324    .ARM.Collect$$$$00000008  mc_w.l(entry7b.o)
    0x080000f4   0x080000f4   0x00000000   Code   RO         7326    .ARM.Collect$$$$0000000A  mc_w.l(entry8b.o)
    0x080000f4   0x080000f4   0x00000008   Code   RO         7327    .ARM.Collect$$$$0000000B  mc_w.l(entry9a.o)
    0x080000fc   0x080000fc   0x00000000   Code   RO         7329    .ARM.Collect$$$$0000000D  mc_w.l(entry10a.o)
    0x080000fc   0x080000fc   0x00000000   Code   RO         7331    .ARM.Collect$$$$0000000F  mc_w.l(entry11a.o)
    0x080000fc   0x080000fc   0x00000004   Code   RO         7320    .ARM.Collect$$$$00002712  mc_w.l(entry2.o)
    0x08000100   0x08000100   0x00000024   Code   RO            4    .text               startup_stm32f10x_md.o
    0x08000124   0x08000124   0x000000f4   Code   RO         6971    .text               context_rvds.o
    0x08000218   0x08000218   0x00000024   Code   RO         7017    .text               mc_w.l(rand.o)
    0x0800023c   0x0800023c   0x00000024   Code   RO         7020    .text               mc_w.l(memcpya.o)
    0x08000260   0x08000260   0x0000001c   Code   RO         7022    .text               mc_w.l(strcmp.o)
    0x0800027c   0x0800027c   0x0000002c   Code   RO         7335    .text               mc_w.l(uidiv.o)
    0x080002a8   0x080002a8   0x00000024   Code   RO         7356    .text               mc_w.l(init.o)
    0x080002cc   0x080002cc   0x00000056   Code   RO         7388    .text               mc_w.l(__dczerorl2.o)
    0x08000322   0x08000322   0x0000000a   Code   RO         5956    i.$Sub$$main        components.o
    0x0800032c   0x0800032c   0x00000008   Code   RO         4699    i.ADDBeepDevice     beep_system.o
    0x08000334   0x08000334   0x00000008   Code   RO         4379    i.ADDDisplayDevice  display_system.o
    0x0800033c   0x0800033c   0x00000008   Code   RO         4555    i.ADDFontLib        fontlib_system.o
    0x08000344   0x08000344   0x00000008   Code   RO         4085    i.ADDI2CDevice      i2c_system.o
    0x0800034c   0x0800034c   0x00000054   Code   RO         4504    i.ASCIIGetFontBitMap  ascii_fontlib.o
    0x080003a0   0x080003a0   0x0000000e   Code   RO         4505    i.ASCIIGetFontSize  ascii_fontlib.o
    0x080003ae   0x080003ae   0x00000002   PAD
    0x080003b0   0x080003b0   0x00000020   Code   RO         4642    i.AddBeepDeviceBeep  beep.o
    0x080003d0   0x080003d0   0x0000000c   Code   RO         4189    i.AddButtonDevice   button_system.o
    0x080003dc   0x080003dc   0x00000040   Code   RO         4106    i.AddButtonDeviceKEY  button.o
    0x0800041c   0x0800041c   0x00000010   Code   RO         4210    i.AddButtonInputDevice  button_input.o
    0x0800042c   0x0800042c   0x00000018   Code   RO         4312    i.AddDisplayDeviceOLED  oled.o
    0x08000444   0x08000444   0x00000018   Code   RO         4506    i.AddFontLibASCII   ascii_fontlib.o
    0x0800045c   0x0800045c   0x00000018   Code   RO         4030    i.AddI2CDeviceI2C1  i2c.o
    0x08000474   0x08000474   0x00000008   Code   RO         4262    i.AddInputDevice    input_system.o
    0x0800047c   0x0800047c   0x00000008   Code   RO         3976    i.AddLedDevice      led_system.o
    0x08000484   0x08000484   0x00000028   Code   RO         3929    i.AddLedDeviceToManager  led.o
    0x080004ac   0x080004ac   0x000000c4   Code   RO         5306    i.AddOptionToManager  option.o
    0x08000570   0x08000570   0x0000000c   Code   RO         5151    i.AddRole           role_system.o
    0x0800057c   0x0800057c   0x00000040   Code   RO         4965    i.AddRoleToManager  role.o
    0x080005bc   0x080005bc   0x00000010   Code   RO          401    i.BKP_DeInit        stm32f10x_bkp.o
    0x080005cc   0x080005cc   0x0000000c   Code   RO         4643    i.BeepDeviceInit    beep.o
    0x080005d8   0x080005d8   0x00000014   Code   RO         4644    i.BeepDevicePWMCfg  beep.o
    0x080005ec   0x080005ec   0x0000000c   Code   RO         4645    i.BeepDevicePWMOff  beep.o
    0x080005f8   0x080005f8   0x0000000c   Code   RO         4646    i.BeepDevicePWMOn   beep.o
    0x08000604   0x08000604   0x0000004c   Code   RO         4679    i.BeepDeviceRegister  beep_device.o
    0x08000650   0x08000650   0x000000dc   Code   RO         4720    i.BeepSongDecode    decode.o
    0x0800072c   0x0800072c   0x0000002c   Code   RO         4721    i.BeepSongDecodeInit  decode.o
    0x08000758   0x08000758   0x0000002a   Code   RO         4722    i.BeepSongGetData   decode.o
    0x08000782   0x08000782   0x00000002   PAD
    0x08000784   0x08000784   0x00000068   Code   RO         4723    i.BeepSongNewFreqTable  decode.o
    0x080007ec   0x080007ec   0x00000044   Code   RO         3108    i.BoradInit         main.o
    0x08000830   0x08000830   0x00000004   Code   RO         3235    i.BusFault_Handler  stm32f10x_it.o
    0x08000834   0x08000834   0x00000044   Code   RO         4211    i.ButtonInputDeviceCallBack  button_input.o
    0x08000878   0x08000878   0x00000010   Code   RO         4212    i.ButtonInputInit   button_input.o
    0x08000888   0x08000888   0x00000034   Code   RO         4135    i.ButtonRegister    button_device.o
    0x080008bc   0x080008bc   0x00000008   Code   RO         4136    i.ButtonTimerInit   button_device.o
    0x080008c4   0x080008c4   0x00000014   Code   RO         3663    i.CAL_BeepDevicePWMCfg  cal_beep.o
    0x080008d8   0x080008d8   0x0000000c   Code   RO         3664    i.CAL_BeepDevicePWMOff  cal_beep.o
    0x080008e4   0x080008e4   0x0000000c   Code   RO         3665    i.CAL_BeepDevicePWMOn  cal_beep.o
    0x080008f0   0x080008f0   0x0000000c   Code   RO         3588    i.CAL_GPIOButtonInit  cal_button.o
    0x080008fc   0x080008fc   0x00000010   Code   RO         3636    i.CAL_GPIOI2CDevInit  cal_i2c.o
    0x0800090c   0x0800090c   0x00000012   Code   RO         3615    i.CAL_GPIOLedDevControl  cal_led.o
    0x0800091e   0x0800091e   0x0000000e   Code   RO         3616    i.CAL_GPIOLedDevInit  cal_led.o
    0x0800092c   0x0800092c   0x0000000e   Code   RO         3666    i.CAL_HardwareBeepDevInit  cal_beep.o
    0x0800093a   0x0800093a   0x00000010   Code   RO         3637    i.CAL_I2CDMACfg     cal_i2c.o
    0x0800094a   0x0800094a   0x0000000c   Code   RO         3638    i.CAL_I2CDMAEnable  cal_i2c.o
    0x08000956   0x08000956   0x00000008   Code   RO         3603    i.CAL_TimerInit     cal_timer.o
    0x0800095e   0x0800095e   0x0000003a   Code   RO         4918    i.ClearGraphBitMapOnFrameBuffer  show_graph.o
    0x08000998   0x08000998   0x00000034   Code   RO         4919    i.ClearGraphInDisplayDev  show_graph.o
    0x080009cc   0x080009cc   0x0000004c   Code   RO         4920    i.ClearInDisplayDev  show_graph.o
    0x08000a18   0x08000a18   0x00000034   Code   RO         4137    i.ConstrcutorButtonManage  button_device.o
    0x08000a4c   0x08000a4c   0x00000104   Code   RO         5499    i.CoreProcssThreadEntry  message_manager.o
    0x08000b50   0x08000b50   0x00000010   Code   RO         3997    i.DHT11Init         dht11_device.o
    0x08000b60   0x08000b60   0x00000048   Code   RO         3998    i.DHT11ReceiveAck   dht11_device.o
    0x08000ba8   0x08000ba8   0x00000048   Code   RO         3999    i.DHT11ReceiveByte  dht11_device.o
    0x08000bf0   0x08000bf0   0x00000070   Code   RO         4000    i.DHT11ReceiveData  dht11_device.o
    0x08000c60   0x08000c60   0x00000030   Code   RO         4001    i.DHT11Start        dht11_device.o
    0x08000c90   0x08000c90   0x0000002c   Code   RO         4421    i.DMA1_Channel6_IRQHandler  oled_command.o
    0x08000cbc   0x08000cbc   0x0000001c   Code   RO          866    i.DMA_ClearFlag     stm32f10x_dma.o
    0x08000cd8   0x08000cd8   0x00000018   Code   RO          868    i.DMA_Cmd           stm32f10x_dma.o
    0x08000cf0   0x08000cf0   0x0000014c   Code   RO          869    i.DMA_DeInit        stm32f10x_dma.o
    0x08000e3c   0x08000e3c   0x0000002c   Code   RO          871    i.DMA_GetFlagStatus  stm32f10x_dma.o
    0x08000e68   0x08000e68   0x00000012   Code   RO          873    i.DMA_ITConfig      stm32f10x_dma.o
    0x08000e7a   0x08000e7a   0x0000003c   Code   RO          874    i.DMA_Init          stm32f10x_dma.o
    0x08000eb6   0x08000eb6   0x00000004   Code   RO          875    i.DMA_SetCurrDataCounter  stm32f10x_dma.o
    0x08000eba   0x08000eba   0x00000002   Code   RO         3236    i.DebugMon_Handler  stm32f10x_it.o
    0x08000ebc   0x08000ebc   0x00000014   Code   RO         5089    i.DefaultDinosaurCollisionEXCUTE  role_manager.o
    0x08000ed0   0x08000ed0   0x00000018   Code   RO         5152    i.DefaultDinosaurCollisionJUDGE  role_system.o
    0x08000ee8   0x08000ee8   0x00000018   Code   RO         5153    i.DefaultDinosaurJUMP  role_system.o
    0x08000f00   0x08000f00   0x00000034   Code   RO         5213    i.DefaultGameControl  game_system.o
    0x08000f34   0x08000f34   0x00000078   Code   RO         4826    i.DefaultPlayerControl  player_system.o
    0x08000fac   0x08000fac   0x0000002c   Code   RO         3538    i.Delay_10us        drive_delay.o
    0x08000fd8   0x08000fd8   0x00000016   Code   RO         3539    i.Delay_ms          drive_delay.o
    0x08000fee   0x08000fee   0x00000002   PAD
    0x08000ff0   0x08000ff0   0x00000224   Code   RO         5708    i.DisplayDevInit    displaydev_init.o
    0x08001214   0x08001214   0x00000018   Code   RO         4346    i.DisplayDevTimerFlushControl  display_device.o
    0x0800122c   0x0800122c   0x00000028   Code   RO         4347    i.DisplayDeviceRegister  display_device.o
    0x08001254   0x08001254   0x00000046   Code   RO         4590    i.DrawBitMapOnFrameBuffer  show_text.o
    0x0800129a   0x0800129a   0x00000046   Code   RO         4921    i.DrawGraphBitMapOnFrameBuffer  show_graph.o
    0x080012e0   0x080012e0   0x00000006   Code   RO         4630    i.EncodeStr         encode_str.o
    0x080012e6   0x080012e6   0x0000000a   Code   RO         5526    i.FKLPVisit         logic_control.o
    0x080012f0   0x080012f0   0x0000000a   Code   RO         5527    i.FKSPVisit         logic_control.o
    0x080012fa   0x080012fa   0x00000002   PAD
    0x080012fc   0x080012fc   0x0000001c   Code   RO         4535    i.FontLibRegister   fontlib_manager.o
    0x08001318   0x08001318   0x0000006c   Code   RO         5307    i.GAMEInfoOptionChooseFUN  option.o
    0x08001384   0x08001384   0x00000028   Code   RO         5308    i.GAMEInfoOptionEnterFUN  option.o
    0x080013ac   0x080013ac   0x0000006c   Code   RO         5309    i.GAMESetOptionChooseFUN  option.o
    0x08001418   0x08001418   0x00000028   Code   RO         5310    i.GAMESetOptionEnterFUN  option.o
    0x08001440   0x08001440   0x000000b8   Code   RO         5311    i.GAMEStartOptionChooseFUN  option.o
    0x080014f8   0x080014f8   0x00000088   Code   RO         5312    i.GAMEStartOptionEnterFUN  option.o
    0x08001580   0x08001580   0x0000000c   Code   RO         4138    i.GPIOButtonInit    button_device.o
    0x0800158c   0x0800158c   0x00000116   Code   RO         1292    i.GPIO_Init         stm32f10x_gpio.o
    0x080016a2   0x080016a2   0x00000012   Code   RO         1296    i.GPIO_ReadInputDataBit  stm32f10x_gpio.o
    0x080016b4   0x080016b4   0x0000000a   Code   RO         1303    i.GPIO_WriteBit     stm32f10x_gpio.o
    0x080016be   0x080016be   0x00000002   PAD
    0x080016c0   0x080016c0   0x000000d4   Code   RO         5313    i.GameChooseFUN     option.o
    0x08001794   0x08001794   0x00000028   Code   RO         5314    i.GameEnterFUN      option.o
    0x080017bc   0x080017bc   0x00000002   Code   RO         5528    i.GameFirstKeyLongPressFun  logic_control.o
    0x080017be   0x080017be   0x00000002   PAD
    0x080017c0   0x080017c0   0x00000020   Code   RO         5529    i.GameFirstKeyShortPressFun  logic_control.o
    0x080017e0   0x080017e0   0x00000054   Code   RO         5215    i.GameRunning       game_system.o
    0x08001834   0x08001834   0x00000002   Code   RO         5530    i.GameSecondKeyLongPressFun  logic_control.o
    0x08001836   0x08001836   0x0000000a   Code   RO         5531    i.GameSecondKeyShortPressFun  logic_control.o
    0x08001840   0x08001840   0x00000038   Code   RO         5216    i.GameShow          game_system.o
    0x08001878   0x08001878   0x00000064   Code   RO         5217    i.GameStop          game_system.o
    0x080018dc   0x080018dc   0x00000002   Code   RO         5532    i.GameThirdKeyLongPressFun  logic_control.o
    0x080018de   0x080018de   0x0000000a   Code   RO         5533    i.GameThirdKeyShortPressFun  logic_control.o
    0x080018e8   0x080018e8   0x000000c4   Code   RO         5218    i.GameThreadEntry   game_system.o
    0x080019ac   0x080019ac   0x00000014   Code   RO         5219    i.GameThreadInit    game_system.o
    0x080019c0   0x080019c0   0x00000030   Code   RO         5430    i.GetBackOption     option_manager.o
    0x080019f0   0x080019f0   0x0000000c   Code   RO         4700    i.GetBeepDevice     beep_system.o
    0x080019fc   0x080019fc   0x0000001c   Code   RO         4724    i.GetBeepSongLen    decode.o
    0x08001a18   0x08001a18   0x00000016   Code   RO         4725    i.GetBeepSongName   decode.o
    0x08001a2e   0x08001a2e   0x0000000c   Code   RO         4380    i.GetDisplayDevice  display_system.o
    0x08001a3a   0x08001a3a   0x00000002   PAD
    0x08001a3c   0x08001a3c   0x00000024   Code   RO         5431    i.GetEnterOption    option_manager.o
    0x08001a60   0x08001a60   0x00000018   Code   RO         4556    i.GetFontBitMap     fontlib_system.o
    0x08001a78   0x08001a78   0x0000000c   Code   RO         4557    i.GetFontLib        fontlib_system.o
    0x08001a84   0x08001a84   0x00000008   Code   RO         5220    i.GetGame           game_system.o
    0x08001a8c   0x08001a8c   0x00000046   Code   RO         4922    i.GetGraphPixelColorFromFrameBuffer  show_graph.o
    0x08001ad2   0x08001ad2   0x00000002   PAD
    0x08001ad4   0x08001ad4   0x00000098   Code   RO         3807    i.GetGregorianDay   convert.o
    0x08001b6c   0x08001b6c   0x0000000c   Code   RO         4086    i.GetI2CDevice      i2c_system.o
    0x08001b78   0x08001b78   0x00000048   Code   RO         4289    i.GetInputBuffer    input_buffer.o
    0x08001bc0   0x08001bc0   0x0000000c   Code   RO         3977    i.GetLedDevice      led_system.o
    0x08001bcc   0x08001bcc   0x0000002c   Code   RO         5432    i.GetNextOption     option_manager.o
    0x08001bf8   0x08001bf8   0x0000001c   Code   RO         5274    i.GetNodeFirstChild  node_manager.o
    0x08001c14   0x08001c14   0x0000001c   Code   RO         5275    i.GetNodeParent     node_manager.o
    0x08001c30   0x08001c30   0x0000001c   Code   RO         5276    i.GetNodeRightSibling  node_manager.o
    0x08001c4c   0x08001c4c   0x000000dc   Code   RO         3808    i.GetNormalTime     convert.o
    0x08001d28   0x08001d28   0x00000038   Code   RO         4591    i.GetPixelColorFromFrameBuffer  show_text.o
    0x08001d60   0x08001d60   0x0000007c   Code   RO         3809    i.GetUnixTime       convert.o
    0x08001ddc   0x08001ddc   0x0000002c   Code   RO         5534    i.HandlerMenuMsg    logic_control.o
    0x08001e08   0x08001e08   0x0000000c   Code   RO         5535    i.HandlerPlayerMsg  logic_control.o
    0x08001e14   0x08001e14   0x00000100   Code   RO         5536    i.HandlerRTCMsg     logic_control.o
    0x08001f14   0x08001f14   0x0000009c   Code   RO         5315    i.HomeChooseFUN     option.o
    0x08001fb0   0x08001fb0   0x00000028   Code   RO         5316    i.HomeEnterFUN      option.o
    0x08001fd8   0x08001fd8   0x0000000c   Code   RO         4031    i.I2CDeviceDMACfg   i2c.o
    0x08001fe4   0x08001fe4   0x0000000c   Code   RO         4032    i.I2CDeviceDMAEnable  i2c.o
    0x08001ff0   0x08001ff0   0x0000000c   Code   RO         4033    i.I2CDeviceInit     i2c.o
    0x08001ffc   0x08001ffc   0x00000028   Code   RO         4062    i.I2CDeviceRegister  i2c_device.o
    0x08002024   0x08002024   0x0000002a   Code   RO         1403    i.I2C_CheckEvent    stm32f10x_i2c.o
    0x0800204e   0x0800204e   0x00000018   Code   RO         1406    i.I2C_Cmd           stm32f10x_i2c.o
    0x08002066   0x08002066   0x00000018   Code   RO         1407    i.I2C_DMACmd        stm32f10x_i2c.o
    0x0800207e   0x0800207e   0x00000018   Code   RO         1413    i.I2C_GenerateSTART  stm32f10x_i2c.o
    0x08002096   0x08002096   0x00000018   Code   RO         1414    i.I2C_GenerateSTOP  stm32f10x_i2c.o
    0x080020ae   0x080020ae   0x0000003a   Code   RO         1415    i.I2C_GetFlagStatus  stm32f10x_i2c.o
    0x080020e8   0x080020e8   0x000000ec   Code   RO         1420    i.I2C_Init          stm32f10x_i2c.o
    0x080021d4   0x080021d4   0x00000012   Code   RO         1427    i.I2C_Send7bitAddress  stm32f10x_i2c.o
    0x080021e6   0x080021e6   0x00000004   Code   RO         1428    i.I2C_SendData      stm32f10x_i2c.o
    0x080021ea   0x080021ea   0x00000002   PAD
    0x080021ec   0x080021ec   0x00000028   Code   RO         5090    i.IndicateLedClose  role_manager.o
    0x08002214   0x08002214   0x00000028   Code   RO         5091    i.IndicateLedOpen   role_manager.o
    0x0800223c   0x0800223c   0x00000030   Code   RO         5317    i.InfoChooseFUN     option.o
    0x0800226c   0x0800226c   0x00000024   Code   RO         5318    i.InfoEnterFUN      option.o
    0x08002290   0x08002290   0x00000008   Code   RO         4264    i.InitInputDevice   input_system.o
    0x08002298   0x08002298   0x000001f8   Code   RO         3109    i.InitInputQueue    main.o
    0x08002490   0x08002490   0x00000020   Code   RO         5433    i.InitMenuOption    option_manager.o
    0x080024b0   0x080024b0   0x00000010   Code   RO         4236    i.InputDeviceRegister  input_device.o
    0x080024c0   0x080024c0   0x00000020   Code   RO         3774    i.KAL_BeepDevicePWMCfg  kal_beep.o
    0x080024e0   0x080024e0   0x0000000c   Code   RO         3775    i.KAL_BeepDevicePWMOff  kal_beep.o
    0x080024ec   0x080024ec   0x0000000c   Code   RO         3776    i.KAL_BeepDevicePWMOn  kal_beep.o
    0x080024f8   0x080024f8   0x0000000c   Code   RO         3696    i.KAL_GPIOButtonInit  kal_button.o
    0x08002504   0x08002504   0x0000000c   Code   RO         3747    i.KAL_GPIOI2CDevInit  kal_i2c.o
    0x08002510   0x08002510   0x00000010   Code   RO         3726    i.KAL_GPIOLedDevControl  kal_led.o
    0x08002520   0x08002520   0x0000000c   Code   RO         3727    i.KAL_GPIOLedDevInit  kal_led.o
    0x0800252c   0x0800252c   0x0000000c   Code   RO         3777    i.KAL_HardwareBeepDevInit  kal_beep.o
    0x08002538   0x08002538   0x0000000c   Code   RO         3748    i.KAL_I2CDMACfg     kal_i2c.o
    0x08002544   0x08002544   0x0000000c   Code   RO         3749    i.KAL_I2CDMAEnable  kal_i2c.o
    0x08002550   0x08002550   0x00000008   Code   RO         3711    i.KAL_TimerInit     kal_timer.o
    0x08002558   0x08002558   0x00000010   Code   RO         3930    i.LedDeviceControl  led.o
    0x08002568   0x08002568   0x0000000c   Code   RO         3931    i.LedDeviceInit     led.o
    0x08002574   0x08002574   0x00000028   Code   RO         3956    i.LedDeviceRegister  led_device.o
    0x0800259c   0x0800259c   0x00000184   Code   RO         5537    i.LogicThreadEntry  logic_control.o
    0x08002720   0x08002720   0x00000080   Code   RO         5538    i.LogicThreadInit   logic_control.o
    0x080027a0   0x080027a0   0x00000004   Code   RO         3237    i.MemManage_Handler  stm32f10x_it.o
    0x080027a4   0x080027a4   0x0000000a   Code   RO         5539    i.MenuFirstKeyLongPressFun  logic_control.o
    0x080027ae   0x080027ae   0x0000000a   Code   RO         5540    i.MenuFirstKeyShortPressFun  logic_control.o
    0x080027b8   0x080027b8   0x00000020   Code   RO         5434    i.MenuPublish       option_manager.o
    0x080027d8   0x080027d8   0x0000000a   Code   RO         5541    i.MenuSecondKeyLongPressFun  logic_control.o
    0x080027e2   0x080027e2   0x0000000a   Code   RO         5542    i.MenuSecondKeyShortPressFun  logic_control.o
    0x080027ec   0x080027ec   0x0000000a   Code   RO         5543    i.MenuThirdKeyLongPressFun  logic_control.o
    0x080027f6   0x080027f6   0x0000000a   Code   RO         5544    i.MenuThirdKeyShortPressFun  logic_control.o
    0x08002800   0x08002800   0x00000078   Code   RO         5435    i.MenuThreadEntry   option_manager.o
    0x08002878   0x08002878   0x00000030   Code   RO         5436    i.MenuThreadInit    option_manager.o
    0x080028a8   0x080028a8   0x00000002   Code   RO         3238    i.NMI_Handler       stm32f10x_it.o
    0x080028aa   0x080028aa   0x00000028   Code   RO         3401    i.NVIC_Configuration  drive_usart.o
    0x080028d2   0x080028d2   0x00000002   PAD
    0x080028d4   0x080028d4   0x00000070   Code   RO          137    i.NVIC_Init         misc.o
    0x08002944   0x08002944   0x00000014   Code   RO          138    i.NVIC_PriorityGroupConfig  misc.o
    0x08002958   0x08002958   0x00000018   Code   RO         5277    i.NodeRegisterToTREE  node_manager.o
    0x08002970   0x08002970   0x0000008c   Code   RO         4422    i.OLEDByteSend      oled_command.o
    0x080029fc   0x080029fc   0x0000000e   Code   RO         4423    i.OLEDCommandSend   oled_command.o
    0x08002a0a   0x08002a0a   0x0000000e   Code   RO         4424    i.OLEDDataSend      oled_command.o
    0x08002a18   0x08002a18   0x0000000a   Code   RO         4313    i.OLEDDeviceFlush   oled.o
    0x08002a22   0x08002a22   0x0000000e   Code   RO         4314    i.OLEDDeviceInit    oled.o
    0x08002a30   0x08002a30   0x00000078   Code   RO         4315    i.OLEDDeviceSetPixel  oled.o
    0x08002aa8   0x08002aa8   0x0000003c   Code   RO         4425    i.OLEDInfDevInit    oled_command.o
    0x08002ae4   0x08002ae4   0x00000038   Code   RO         5437    i.OptionControl     option_manager.o
    0x08002b1c   0x08002b1c   0x00000028   Code   RO         5438    i.OptionRegister    option_manager.o
    0x08002b44   0x08002b44   0x0000000c   Code   RO         1646    i.PWR_BackupAccessCmd  stm32f10x_pwr.o
    0x08002b50   0x08002b50   0x00000020   Code   RO         4827    i.PlayerAddSong     player_system.o
    0x08002b70   0x08002b70   0x000000d4   Code   RO         5319    i.PlayerChooseFUN   option.o
    0x08002c44   0x08002c44   0x000000d0   Code   RO         5320    i.PlayerEnterFUN    option.o
    0x08002d14   0x08002d14   0x00000028   Code   RO         5545    i.PlayerFirstKeyLongPressFun  logic_control.o
    0x08002d3c   0x08002d3c   0x00000010   Code   RO         5546    i.PlayerFirstKeyShortPressFun  logic_control.o
    0x08002d4c   0x08002d4c   0x000000b0   Code   RO         4766    i.PlayerInit        player.o
    0x08002dfc   0x08002dfc   0x00000042   Code   RO         4829    i.PlayerLast        player_system.o
    0x08002e3e   0x08002e3e   0x00000044   Code   RO         4830    i.PlayerNext        player_system.o
    0x08002e82   0x08002e82   0x00000002   PAD
    0x08002e84   0x08002e84   0x0000001c   Code   RO         4831    i.PlayerPlay        player_system.o
    0x08002ea0   0x08002ea0   0x00000020   Code   RO         4832    i.PlayerPublish     player_system.o
    0x08002ec0   0x08002ec0   0x00000030   Code   RO         5547    i.PlayerSecondKeyLongPressFun  logic_control.o
    0x08002ef0   0x08002ef0   0x00000044   Code   RO         5548    i.PlayerSecondKeyShortPressFun  logic_control.o
    0x08002f34   0x08002f34   0x0000010c   Code   RO         4833    i.PlayerShow        player_system.o
    0x08003040   0x08003040   0x00000068   Code   RO         4834    i.PlayerStart       player_system.o
    0x080030a8   0x080030a8   0x00000010   Code   RO         4835    i.PlayerStop        player_system.o
    0x080030b8   0x080030b8   0x00000028   Code   RO         5549    i.PlayerThirdKeyLongPressFun  logic_control.o
    0x080030e0   0x080030e0   0x00000010   Code   RO         5550    i.PlayerThirdKeyShortPressFun  logic_control.o
    0x080030f0   0x080030f0   0x00000124   Code   RO         4836    i.PlayerThreadEntry  player_system.o
    0x08003214   0x08003214   0x00000044   Code   RO         4837    i.PlayerThreadInit  player_system.o
    0x08003258   0x08003258   0x00000050   Code   RO         4290    i.PutInputBuffer    input_buffer.o
    0x080032a8   0x080032a8   0x00000020   Code   RO         1707    i.RCC_AHBPeriphClockCmd  stm32f10x_rcc.o
    0x080032c8   0x080032c8   0x00000020   Code   RO         1708    i.RCC_APB1PeriphClockCmd  stm32f10x_rcc.o
    0x080032e8   0x080032e8   0x00000020   Code   RO         1710    i.RCC_APB2PeriphClockCmd  stm32f10x_rcc.o
    0x08003308   0x08003308   0x0000000c   Code   RO         1713    i.RCC_BackupResetCmd  stm32f10x_rcc.o
    0x08003314   0x08003314   0x000000d4   Code   RO         1718    i.RCC_GetClocksFreq  stm32f10x_rcc.o
    0x080033e8   0x080033e8   0x0000003c   Code   RO         1719    i.RCC_GetFlagStatus  stm32f10x_rcc.o
    0x08003424   0x08003424   0x0000000c   Code   RO         1727    i.RCC_LSICmd        stm32f10x_rcc.o
    0x08003430   0x08003430   0x0000000c   Code   RO         1733    i.RCC_RTCCLKCmd     stm32f10x_rcc.o
    0x0800343c   0x0800343c   0x00000010   Code   RO         1734    i.RCC_RTCCLKConfig  stm32f10x_rcc.o
    0x0800344c   0x0800344c   0x00000028   Code   RO         3883    i.RTCInit           rtc_system.o
    0x08003474   0x08003474   0x00000014   Code   RO         3846    i.RTCNormalTime     rtc_device.o
    0x08003488   0x08003488   0x00000020   Code   RO         3884    i.RTCPublish        rtc_system.o
    0x080034a8   0x080034a8   0x00000030   Code   RO         3885    i.RTCThreadInit     rtc_system.o
    0x080034d8   0x080034d8   0x0000001e   Code   RO         3847    i.RTCTimeStamp      rtc_device.o
    0x080034f6   0x080034f6   0x00000002   PAD
    0x080034f8   0x080034f8   0x00000010   Code   RO         1907    i.RTC_ClearITPendingBit  stm32f10x_rtc.o
    0x08003508   0x08003508   0x00000014   Code   RO         1908    i.RTC_EnterConfigMode  stm32f10x_rtc.o
    0x0800351c   0x0800351c   0x00000014   Code   RO         1909    i.RTC_ExitConfigMode  stm32f10x_rtc.o
    0x08003530   0x08003530   0x00000014   Code   RO         1910    i.RTC_GetCounter    stm32f10x_rtc.o
    0x08003544   0x08003544   0x00000024   Code   RO         1913    i.RTC_GetITStatus   stm32f10x_rtc.o
    0x08003568   0x08003568   0x00000030   Code   RO         3886    i.RTC_IRQHandler    rtc_system.o
    0x08003598   0x08003598   0x00000020   Code   RO         1914    i.RTC_ITConfig      stm32f10x_rtc.o
    0x080035b8   0x080035b8   0x0000001c   Code   RO         1916    i.RTC_SetCounter    stm32f10x_rtc.o
    0x080035d4   0x080035d4   0x00000020   Code   RO         1917    i.RTC_SetPrescaler  stm32f10x_rtc.o
    0x080035f4   0x080035f4   0x00000014   Code   RO         1918    i.RTC_WaitForLastTask  stm32f10x_rtc.o
    0x08003608   0x08003608   0x00000024   Code   RO         1919    i.RTC_WaitForSynchro  stm32f10x_rtc.o
    0x0800362c   0x0800362c   0x0000000c   Code   RO         5154    i.RecoverSpeedIndex  role_system.o
    0x08003638   0x08003638   0x000000c4   Code   RO         5500    i.RegisterMessage   message_manager.o
    0x080036fc   0x080036fc   0x000000f8   Code   RO         5501    i.RegisterSubscriber  message_manager.o
    0x080037f4   0x080037f4   0x00000058   Code   RO         5092    i.RoleRegister      role_manager.o
    0x0800384c   0x0800384c   0x00000020   Code   RO         3570    i.RtcNvicConfig     drive_rtc.o
    0x0800386c   0x0800386c   0x00000008   Code   RO         3848    i.RtcNvicInit       rtc_device.o
    0x08003874   0x08003874   0x00000060   Code   RO         3571    i.RtcPeripheralConfig  drive_rtc.o
    0x080038d4   0x080038d4   0x0000000a   Code   RO         5551    i.SKLPVisit         logic_control.o
    0x080038de   0x080038de   0x0000000a   Code   RO         5552    i.SKSPVisit         logic_control.o
    0x080038e8   0x080038e8   0x0000006a   Code   RO         3511    i.STD_BeepDevicePWMCfg  drive_pwm.o
    0x08003952   0x08003952   0x00000012   Code   RO         3512    i.STD_BeepDevicePWMOff  drive_pwm.o
    0x08003964   0x08003964   0x0000002a   Code   RO         3328    i.STD_DHT11GpioConfigure  drive_gpio.o
    0x0800398e   0x0800398e   0x0000002a   Code   RO         3513    i.STD_GPIOBeepDevConfig  drive_pwm.o
    0x080039b8   0x080039b8   0x0000002c   Code   RO         3329    i.STD_GPIOButtonConfig  drive_gpio.o
    0x080039e4   0x080039e4   0x0000007c   Code   RO         3484    i.STD_GPIOI2CDevConfig  drive_i2c.o
    0x08003a60   0x08003a60   0x0000002a   Code   RO         3330    i.STD_GPIOLedDevConfig  drive_gpio.o
    0x08003a8a   0x08003a8a   0x00000022   Code   RO         3331    i.STD_GPIOLedDevControl  drive_gpio.o
    0x08003aac   0x08003aac   0x00000070   Code   RO         3485    i.STD_I2CDMACfg     drive_i2c.o
    0x08003b1c   0x08003b1c   0x0000002c   Code   RO         3486    i.STD_I2CDMAEnable  drive_i2c.o
    0x08003b48   0x08003b48   0x00000064   Code   RO         3358    i.STD_Timer3Config  drive_timer.o
    0x08003bac   0x08003bac   0x00000068   Code   RO         3359    i.STD_TimerConfig   drive_timer.o
    0x08003c14   0x08003c14   0x00000002   Code   RO         3239    i.SVC_Handler       stm32f10x_it.o
    0x08003c16   0x08003c16   0x00000002   PAD
    0x08003c18   0x08003c18   0x0000000c   Code   RO         4107    i.SetButtonInputDeviceCallBack  button.o
    0x08003c24   0x08003c24   0x00000030   Code   RO         5321    i.SetChooseFUN      option.o
    0x08003c54   0x08003c54   0x00000080   Code   RO         4381    i.SetDefaultDisplayDev  display_system.o
    0x08003cd4   0x08003cd4   0x0000006c   Code   RO         4558    i.SetDefaultFontLib  fontlib_system.o
    0x08003d40   0x08003d40   0x00000038   Code   RO         5155    i.SetDefaultPLAYERDinosaur  role_system.o
    0x08003d78   0x08003d78   0x00000028   Code   RO         5322    i.SetEnterFUN       option.o
    0x08003da0   0x08003da0   0x00000008   Code   RO           24    i.SetSysClock       system_stm32f10x.o
    0x08003da8   0x08003da8   0x000000e0   Code   RO           25    i.SetSysClockTo72   system_stm32f10x.o
    0x08003e88   0x08003e88   0x0000000c   Code   RO         3360    i.SetTimerProcessFunction  drive_timer.o
    0x08003e94   0x08003e94   0x00000026   Code   RO         4923    i.ShowGraphInDisplayDev  show_graph.o
    0x08003eba   0x08003eba   0x00000002   PAD
    0x08003ebc   0x08003ebc   0x00000050   Code   RO         4592    i.ShowNumberInDisplayDev  show_text.o
    0x08003f0c   0x08003f0c   0x0000004a   Code   RO         4593    i.ShowTextInDisplayDev  show_text.o
    0x08003f56   0x08003f56   0x00000010   Code   RO         5553    i.SubscribeMsg      logic_control.o
    0x08003f66   0x08003f66   0x00000010   Code   RO         3280    i.SysTick_Handler   board.o
    0x08003f76   0x08003f76   0x00000002   PAD
    0x08003f78   0x08003f78   0x00000060   Code   RO           27    i.SystemInit        system_stm32f10x.o
    0x08003fd8   0x08003fd8   0x00000038   Code   RO         3361    i.TIM2_IRQHandler   drive_timer.o
    0x08004010   0x08004010   0x00000020   Code   RO         3362    i.TIM3_IRQHandler   drive_timer.o
    0x08004030   0x08004030   0x00000006   Code   RO         2337    i.TIM_ClearITPendingBit  stm32f10x_tim.o
    0x08004036   0x08004036   0x00000018   Code   RO         2342    i.TIM_Cmd           stm32f10x_tim.o
    0x0800404e   0x0800404e   0x00000022   Code   RO         2363    i.TIM_GetITStatus   stm32f10x_tim.o
    0x08004070   0x08004070   0x00000012   Code   RO         2367    i.TIM_ITConfig      stm32f10x_tim.o
    0x08004082   0x08004082   0x00000002   PAD
    0x08004084   0x08004084   0x000000a0   Code   RO         2381    i.TIM_OC3Init       stm32f10x_tim.o
    0x08004124   0x08004124   0x00000012   Code   RO         2384    i.TIM_OC3PreloadConfig  stm32f10x_tim.o
    0x08004136   0x08004136   0x00000002   PAD
    0x08004138   0x08004138   0x000000a4   Code   RO         2413    i.TIM_TimeBaseInit  stm32f10x_tim.o
    0x080041dc   0x080041dc   0x0000000a   Code   RO         5554    i.TKLPVisit         logic_control.o
    0x080041e6   0x080041e6   0x0000000a   Code   RO         5555    i.TKSPVisit         logic_control.o
    0x080041f0   0x080041f0   0x000000d4   Code   RO         5323    i.TempatureChooseFUN  option.o
    0x080042c4   0x080042c4   0x00000108   Code   RO         5324    i.TempatureEnterFUN  option.o
    0x080043cc   0x080043cc   0x00000024   Code   RO         4382    i.TimerFlushDisplayDev  display_system.o
    0x080043f0   0x080043f0   0x00000018   Code   RO         3540    i.TimingDelay_Decrement  drive_delay.o
    0x08004408   0x08004408   0x0000001c   Code   RO         3402    i.USART1_IRQHandler  drive_usart.o
    0x08004424   0x08004424   0x00000018   Code   RO         2878    i.USART_Cmd         stm32f10x_usart.o
    0x0800443c   0x0800443c   0x00000090   Code   RO         3403    i.USART_Config      drive_usart.o
    0x080044cc   0x080044cc   0x0000001a   Code   RO         2881    i.USART_GetFlagStatus  stm32f10x_usart.o
    0x080044e6   0x080044e6   0x0000004a   Code   RO         2884    i.USART_ITConfig    stm32f10x_usart.o
    0x08004530   0x08004530   0x000000d8   Code   RO         2885    i.USART_Init        stm32f10x_usart.o
    0x08004608   0x08004608   0x0000000a   Code   RO         2892    i.USART_ReceiveData  stm32f10x_usart.o
    0x08004612   0x08004612   0x00000008   Code   RO         2895    i.USART_SendData    stm32f10x_usart.o
    0x0800461a   0x0800461a   0x00000004   Code   RO         3240    i.UsageFault_Handler  stm32f10x_it.o
    0x0800461e   0x0800461e   0x00000002   PAD
    0x08004620   0x08004620   0x00000078   Code   RO         5692    i.UsartInit         usart_init.o
    0x08004698   0x08004698   0x0000001e   Code   RO         3404    i.Usart_SendByte    drive_usart.o
    0x080046b6   0x080046b6   0x0000002a   Code   RO         3405    i.Usart_SendString  drive_usart.o
    0x080046e0   0x080046e0   0x00000020   Code   RO         7115    i.__0printf$3       mc_w.l(printf3.o)
    0x08004700   0x08004700   0x00000028   Code   RO         4139    i.__ButtonDevcieManagerInit  button_device.o
    0x08004728   0x08004728   0x00000014   Code   RO         4348    i.__DisplayDevTimerFlushControl  display_device.o
    0x0800473c   0x0800473c   0x00000064   Code   RO         4680    i.__GetBeepDevice   beep_device.o
    0x080047a0   0x080047a0   0x00000030   Code   RO         4349    i.__GetDisplayDevice  display_device.o
    0x080047d0   0x080047d0   0x00000030   Code   RO         4536    i.__GetFontLib      fontlib_manager.o
    0x08004800   0x08004800   0x00000034   Code   RO         5193    i.__GetGame         game.o
    0x08004834   0x08004834   0x00000030   Code   RO         5093    i.__GetGameRole     role_manager.o
    0x08004864   0x08004864   0x00000030   Code   RO         4063    i.__GetI2CDevice    i2c_device.o
    0x08004894   0x08004894   0x00000030   Code   RO         3957    i.__GetLedDevice    led_device.o
    0x080048c4   0x080048c4   0x00000064   Code   RO         5439    i.__GetOption       option_manager.o
    0x08004928   0x08004928   0x00000018   Code   RO         4238    i.__InitInputDevice  input_device.o
    0x08004940   0x08004940   0x0000004c   Code   RO         6328    i.__rt_ffs          kservice.o
    0x0800498c   0x0800498c   0x0000000e   Code   RO         7382    i.__scatterload_copy  mc_w.l(handlers.o)
    0x0800499a   0x0800499a   0x00000002   Code   RO         7383    i.__scatterload_null  mc_w.l(handlers.o)
    0x0800499c   0x0800499c   0x0000000e   Code   RO         7384    i.__scatterload_zeroinit  mc_w.l(handlers.o)
    0x080049aa   0x080049aa   0x00000002   PAD
    0x080049ac   0x080049ac   0x000001b8   Code   RO         7122    i._printf_core      mc_w.l(printf3.o)
    0x08004b64   0x08004b64   0x00000084   Code   RO         6727    i._rt_thread_init   thread.o
    0x08004be8   0x08004be8   0x00000042   Code   RO         6859    i._rt_timer_init    timer.o
    0x08004c2a   0x08004c2a   0x0000001c   Code   RO         6860    i._rt_timer_remove  timer.o
    0x08004c46   0x08004c46   0x0000001c   Code   RO         6728    i._thread_cleanup_execute  thread.o
    0x08004c62   0x08004c62   0x00000002   PAD
    0x08004c64   0x08004c64   0x00000028   Code   RO         4767    i.audio_close       player.o
    0x08004c8c   0x08004c8c   0x00000030   Code   RO         4768    i.audio_control     player.o
    0x08004cbc   0x08004cbc   0x00000030   Code   RO         4769    i.audio_init        player.o
    0x08004cec   0x08004cec   0x00000018   Code   RO         4770    i.audio_open        player.o
    0x08004d04   0x08004d04   0x0000005c   Code   RO         4771    i.audio_write       player.o
    0x08004d60   0x08004d60   0x00000018   Code   RO         4108    i.button_cb         button.o
    0x08004d78   0x08004d78   0x0000001c   Code   RO         4966    i.clear_cactus      role.o
    0x08004d94   0x08004d94   0x0000001c   Code   RO         4967    i.clear_cloud       role.o
    0x08004db0   0x08004db0   0x0000001c   Code   RO         4968    i.clear_dinosaur    role.o
    0x08004dcc   0x08004dcc   0x00000006   Code   RO         4969    i.clear_ground      role.o
    0x08004dd2   0x08004dd2   0x00000038   Code   RO         4970    i.control_dinosaur  role.o
    0x08004e0a   0x08004e0a   0x00000024   Code   RO         4772    i.decode_control    player.o
    0x08004e2e   0x08004e2e   0x0000000a   Code   RO         4773    i.decode_init       player.o
    0x08004e38   0x08004e38   0x0000001c   Code   RO         4774    i.decode_read       player.o
    0x08004e54   0x08004e54   0x00000018   Code   RO         3541    i.delay             drive_delay.o
    0x08004e6c   0x08004e6c   0x0000001c   Code   RO         4971    i.excute_cactus1    role.o
    0x08004e88   0x08004e88   0x0000001c   Code   RO         4972    i.excute_cactus2    role.o
    0x08004ea4   0x08004ea4   0x0000001c   Code   RO         4973    i.excute_cloud      role.o
    0x08004ec0   0x08004ec0   0x0000001c   Code   RO         4974    i.excute_dinosaur   role.o
    0x08004edc   0x08004edc   0x0000001c   Code   RO         4975    i.excute_ground     role.o
    0x08004ef8   0x08004ef8   0x00000060   Code   RO         5094    i.excute_item       role_manager.o
    0x08004f58   0x08004f58   0x00000018   Code   RO         3407    i.fputc             drive_usart.o
    0x08004f70   0x08004f70   0x0000001c   Code   RO         4976    i.load_cactus       role.o
    0x08004f8c   0x08004f8c   0x0000001c   Code   RO         4977    i.load_cloud        role.o
    0x08004fa8   0x08004fa8   0x0000001c   Code   RO         4978    i.load_dinosaur     role.o
    0x08004fc4   0x08004fc4   0x0000001c   Code   RO         4979    i.load_ground       role.o
    0x08004fe0   0x08004fe0   0x00000160   Code   RO         3110    i.main              main.o
    0x08005140   0x08005140   0x0000000e   Code   RO         5957    i.main_thread_entry  components.o
    0x0800514e   0x0800514e   0x00000002   PAD
    0x08005150   0x08005150   0x0000006c   Code   RO         7288    i.malloc            mc_w.l(malloc.o)
    0x080051bc   0x080051bc   0x00000060   Code   RO         4980    i.move_cactus1      role.o
    0x0800521c   0x0800521c   0x00000060   Code   RO         4981    i.move_cactus2      role.o
    0x0800527c   0x0800527c   0x00000040   Code   RO         4982    i.move_cloud        role.o
    0x080052bc   0x080052bc   0x0000009c   Code   RO         4983    i.move_dinosaur     role.o
    0x08005358   0x08005358   0x00000022   Code   RO         4984    i.move_ground       role.o
    0x0800537a   0x0800537a   0x00000002   PAD
    0x0800537c   0x0800537c   0x00000180   Code   RO         4141    i.my_button_scan    button_device.o
    0x080054fc   0x080054fc   0x0000001e   Code   RO         4427    i.oled_clear        oled_command.o
    0x0800551a   0x0800551a   0x00000002   PAD
    0x0800551c   0x0800551c   0x00000098   Code   RO         4429    i.oled_gram_refresh_dma  oled_command.o
    0x080055b4   0x080055b4   0x000000d4   Code   RO         4431    i.oled_init         oled_command.o
    0x08005688   0x08005688   0x00000026   Code   RO         4432    i.oled_setcursor    oled_command.o
    0x080056ae   0x080056ae   0x00000002   PAD
    0x080056b0   0x080056b0   0x00000078   Code   RO         6505    i.plug_holes        mem.o
    0x08005728   0x08005728   0x00000198   Code   RO         6330    i.print_number      kservice.o
    0x080058c0   0x080058c0   0x00000010   Code   RO         4985    i.recover_data      role.o
    0x080058d0   0x080058d0   0x00000024   Code   RO         5095    i.recover_item      role_manager.o
    0x080058f4   0x080058f4   0x00000026   Code   RO         4594    i.reverse           show_text.o
    0x0800591a   0x0800591a   0x0000000a   Code   RO         3457    i.ring_buffer_init  ring_buffer.o
    0x08005924   0x08005924   0x00000022   Code   RO         3459    i.ring_buffer_write  ring_buffer.o
    0x08005946   0x08005946   0x00000002   PAD
    0x08005948   0x08005948   0x00000030   Code   RO         5958    i.rt_application_init  components.o
    0x08005978   0x08005978   0x0000001c   Code   RO         5959    i.rt_components_board_init  components.o
    0x08005994   0x08005994   0x0000001c   Code   RO         5960    i.rt_components_init  components.o
    0x080059b0   0x080059b0   0x00000020   Code   RO         6655    i.rt_enter_critical  scheduler.o
    0x080059d0   0x080059d0   0x00000026   Code   RO         6066    i.rt_event_create   ipc.o
    0x080059f6   0x080059f6   0x000000ee   Code   RO         6070    i.rt_event_recv     ipc.o
    0x08005ae4   0x08005ae4   0x000000c2   Code   RO         6071    i.rt_event_send     ipc.o
    0x08005ba6   0x08005ba6   0x00000002   PAD
    0x08005ba8   0x08005ba8   0x00000044   Code   RO         6656    i.rt_exit_critical  scheduler.o
    0x08005bec   0x08005bec   0x000000e0   Code   RO         6507    i.rt_free           mem.o
    0x08005ccc   0x08005ccc   0x00000008   Code   RO         3281    i.rt_heap_begin_get  board.o
    0x08005cd4   0x08005cd4   0x00000008   Code   RO         3282    i.rt_heap_end_get   board.o
    0x08005cdc   0x08005cdc   0x0000007c   Code   RO         3283    i.rt_hw_board_init  board.o
    0x08005d58   0x08005d58   0x00000050   Code   RO         3284    i.rt_hw_console_output  board.o
    0x08005da8   0x08005da8   0x00000200   Code   RO         6978    i.rt_hw_hard_fault_exception  cpuport.o
    0x08005fa8   0x08005fa8   0x0000004c   Code   RO         6979    i.rt_hw_stack_init  cpuport.o
    0x08005ff4   0x08005ff4   0x00000020   Code   RO         6301    i.rt_interrupt_enter  irq.o
    0x08006014   0x08006014   0x00000020   Code   RO         6303    i.rt_interrupt_leave  irq.o
    0x08006034   0x08006034   0x00000014   Code   RO         6072    i.rt_ipc_list_resume  ipc.o
    0x08006048   0x08006048   0x0000006e   Code   RO         6074    i.rt_ipc_list_suspend  ipc.o
    0x080060b6   0x080060b6   0x00000010   Code   RO         6075    i.rt_ipc_object_init  ipc.o
    0x080060c6   0x080060c6   0x00000002   PAD
    0x080060c8   0x080060c8   0x00000030   Code   RO         6334    i.rt_kprintf        kservice.o
    0x080060f8   0x080060f8   0x00000006   Code   RO         6076    i.rt_list_init      ipc.o
    0x080060fe   0x080060fe   0x00000006   Code   RO         6657    i.rt_list_init      scheduler.o
    0x08006104   0x08006104   0x00000006   Code   RO         6861    i.rt_list_init      timer.o
    0x0800610a   0x0800610a   0x0000000e   Code   RO         6567    i.rt_list_insert_after  object.o
    0x08006118   0x08006118   0x0000000e   Code   RO         6729    i.rt_list_insert_after  thread.o
    0x08006126   0x08006126   0x0000000e   Code   RO         6862    i.rt_list_insert_after  timer.o
    0x08006134   0x08006134   0x0000000e   Code   RO         6077    i.rt_list_insert_before  ipc.o
    0x08006142   0x08006142   0x00000010   Code   RO         6078    i.rt_list_isempty   ipc.o
    0x08006152   0x08006152   0x00000010   Code   RO         6863    i.rt_list_isempty   timer.o
    0x08006162   0x08006162   0x00000012   Code   RO         6568    i.rt_list_remove    object.o
    0x08006174   0x08006174   0x00000012   Code   RO         6730    i.rt_list_remove    thread.o
    0x08006186   0x08006186   0x00000012   Code   RO         6864    i.rt_list_remove    timer.o
    0x08006198   0x08006198   0x0000016c   Code   RO         6508    i.rt_malloc         mem.o
    0x08006304   0x08006304   0x00000052   Code   RO         6080    i.rt_mb_create      ipc.o
    0x08006356   0x08006356   0x000000fa   Code   RO         6084    i.rt_mb_recv        ipc.o
    0x08006450   0x08006450   0x00000012   Code   RO         6085    i.rt_mb_send        ipc.o
    0x08006462   0x08006462   0x0000010e   Code   RO         6086    i.rt_mb_send_wait   ipc.o
    0x08006570   0x08006570   0x0000007c   Code   RO         6338    i.rt_memcpy         kservice.o
    0x080065ec   0x080065ec   0x00000048   Code   RO         6340    i.rt_memset         kservice.o
    0x08006634   0x08006634   0x00000088   Code   RO         6088    i.rt_mq_create      ipc.o
    0x080066bc   0x080066bc   0x00000122   Code   RO         6092    i.rt_mq_recv        ipc.o
    0x080067de   0x080067de   0x00000016   Code   RO         6093    i.rt_mq_send        ipc.o
    0x080067f4   0x080067f4   0x0000012c   Code   RO         6094    i.rt_mq_send_wait   ipc.o
    0x08006920   0x08006920   0x00000054   Code   RO         6569    i.rt_object_allocate  object.o
    0x08006974   0x08006974   0x00000024   Code   RO         6570    i.rt_object_delete  object.o
    0x08006998   0x08006998   0x0000001e   Code   RO         6571    i.rt_object_detach  object.o
    0x080069b6   0x080069b6   0x00000002   PAD
    0x080069b8   0x080069b8   0x00000028   Code   RO         6573    i.rt_object_get_information  object.o
    0x080069e0   0x080069e0   0x00000056   Code   RO         6577    i.rt_object_init    object.o
    0x08006a36   0x08006a36   0x00000012   Code   RO         6578    i.rt_object_is_systemobject  object.o
    0x08006a48   0x08006a48   0x00000084   Code   RO         6658    i.rt_schedule       scheduler.o
    0x08006acc   0x08006acc   0x00000050   Code   RO         6659    i.rt_schedule_insert_thread  scheduler.o
    0x08006b1c   0x08006b1c   0x00000054   Code   RO         6660    i.rt_schedule_remove_thread  scheduler.o
    0x08006b70   0x08006b70   0x0000002a   Code   RO         6097    i.rt_sem_create     ipc.o
    0x08006b9a   0x08006b9a   0x00000026   Code   RO         6100    i.rt_sem_init       ipc.o
    0x08006bc0   0x08006bc0   0x00000052   Code   RO         6101    i.rt_sem_release    ipc.o
    0x08006c12   0x08006c12   0x00000074   Code   RO         6102    i.rt_sem_take       ipc.o
    0x08006c86   0x08006c86   0x00000002   PAD
    0x08006c88   0x08006c88   0x000000b0   Code   RO         6342    i.rt_show_version   kservice.o
    0x08006d38   0x08006d38   0x00000034   Code   RO         6350    i.rt_strncpy        kservice.o
    0x08006d6c   0x08006d6c   0x000000f8   Code   RO         6511    i.rt_system_heap_init  mem.o
    0x08006e64   0x08006e64   0x0000004c   Code   RO         6661    i.rt_system_scheduler_init  scheduler.o
    0x08006eb0   0x08006eb0   0x00000030   Code   RO         6662    i.rt_system_scheduler_start  scheduler.o
    0x08006ee0   0x08006ee0   0x0000001c   Code   RO         6865    i.rt_system_timer_init  timer.o
    0x08006efc   0x08006efc   0x00000002   Code   RO         6866    i.rt_system_timer_thread_init  timer.o
    0x08006efe   0x08006efe   0x00000050   Code   RO         6732    i.rt_thread_create  thread.o
    0x08006f4e   0x08006f4e   0x0000000c   Code   RO         6733    i.rt_thread_delay   thread.o
    0x08006f5a   0x08006f5a   0x00000002   PAD
    0x08006f5c   0x08006f5c   0x00000058   Code   RO         6737    i.rt_thread_exit    thread.o
    0x08006fb4   0x08006fb4   0x00000008   Code   RO         6030    i.rt_thread_idle_entry  idle.o
    0x08006fbc   0x08006fbc   0x00000060   Code   RO         6031    i.rt_thread_idle_excute  idle.o
    0x0800701c   0x0800701c   0x0000003c   Code   RO         6033    i.rt_thread_idle_init  idle.o
    0x08007058   0x08007058   0x00000034   Code   RO         6739    i.rt_thread_init    thread.o
    0x0800708c   0x0800708c   0x0000003c   Code   RO         6741    i.rt_thread_resume  thread.o
    0x080070c8   0x080070c8   0x0000000c   Code   RO         6742    i.rt_thread_self    thread.o
    0x080070d4   0x080070d4   0x00000044   Code   RO         6743    i.rt_thread_sleep   thread.o
    0x08007118   0x08007118   0x0000002c   Code   RO         6744    i.rt_thread_startup  thread.o
    0x08007144   0x08007144   0x00000044   Code   RO         6745    i.rt_thread_suspend  thread.o
    0x08007188   0x08007188   0x00000020   Code   RO         6746    i.rt_thread_timeout  thread.o
    0x080071a8   0x080071a8   0x00000064   Code   RO         6747    i.rt_thread_yield   thread.o
    0x0800720c   0x0800720c   0x0000000c   Code   RO         5920    i.rt_tick_get       clock.o
    0x08007218   0x08007218   0x00000030   Code   RO         5921    i.rt_tick_increase  clock.o
    0x08007248   0x08007248   0x000000a4   Code   RO         6867    i.rt_timer_check    timer.o
    0x080072ec   0x080072ec   0x00000062   Code   RO         6868    i.rt_timer_control  timer.o
    0x0800734e   0x0800734e   0x00000028   Code   RO         6871    i.rt_timer_detach   timer.o
    0x08007376   0x08007376   0x0000002e   Code   RO         6872    i.rt_timer_init     timer.o
    0x080073a4   0x080073a4   0x000000ec   Code   RO         6875    i.rt_timer_start    timer.o
    0x08007490   0x08007490   0x00000030   Code   RO         6876    i.rt_timer_stop     timer.o
    0x080074c0   0x080074c0   0x00000340   Code   RO         6353    i.rt_vsnprintf      kservice.o
    0x08007800   0x08007800   0x00000004   Code   RO         5961    i.rti_board_end     components.o
    0x08007804   0x08007804   0x00000004   Code   RO         5962    i.rti_board_start   components.o
    0x08007808   0x08007808   0x00000004   Code   RO         5963    i.rti_end           components.o
    0x0800780c   0x0800780c   0x00000004   Code   RO         5964    i.rti_start         components.o
    0x08007810   0x08007810   0x0000002a   Code   RO         5965    i.rtthread_startup  components.o
    0x0800783a   0x0800783a   0x00000026   Code   RO         6355    i.skip_atoi         kservice.o
    0x08007860   0x08007860   0x00000026   Code   RO         5096    i.traversal_excute_item  role_manager.o
    0x08007886   0x08007886   0x0000002e   Code   RO         5097    i.traversal_recover_item  role_manager.o
    0x080078b4   0x080078b4   0x00000030   Data   RO         3810    .constdata          convert.o
    0x080078e4   0x080078e4   0x00000800   Data   RO         4507    .constdata          ascii_fontlib.o
    0x080080e4   0x080080e4   0x00000068   Data   RO         4727    .constdata          decode.o
    0x0800814c   0x0800814c   0x00000a5a   Data   RO         4776    .constdata          player.o
    0x08008ba6   0x08008ba6   0x000012a4   Data   RO         4957    .constdata          graph_data.o
    0x08009e4a   0x08009e4a   0x00000122   Data   RO         6357    .constdata          kservice.o
    0x08009f6c   0x08009f6c   0x0000000a   Data   RO         3889    .conststring        rtc_system.o
    0x08009f76   0x08009f76   0x00000002   PAD
    0x08009f78   0x08009f78   0x00000007   Data   RO         4213    .conststring        button_input.o
    0x08009f7f   0x08009f7f   0x00000001   PAD
    0x08009f80   0x08009f80   0x0000000d   Data   RO         4838    .conststring        player_system.o
    0x08009f8d   0x08009f8d   0x00000003   PAD
    0x08009f90   0x08009f90   0x00000031   Data   RO         4986    .conststring        role.o
    0x08009fc1   0x08009fc1   0x00000003   PAD
    0x08009fc4   0x08009fc4   0x0000000b   Data   RO         5441    .conststring        option_manager.o
    0x08009fcf   0x08009fcf   0x00000001   PAD
    0x08009fd0   0x08009fd0   0x00000004   Data   RO         5966    .rti_fn.0           components.o
    0x08009fd4   0x08009fd4   0x00000004   Data   RO         5967    .rti_fn.0.end       components.o
    0x08009fd8   0x08009fd8   0x00000004   Data   RO         5968    .rti_fn.1.end       components.o
    0x08009fdc   0x08009fdc   0x00000004   Data   RO         5969    .rti_fn.6.end       components.o
    0x08009fe0   0x08009fe0   0x00000020   Data   RO         7380    Region$$Table       anon$$obj.o


    Execution Region RW_IRAM1 (Exec base: 0x20000000, Load base: 0x0800a000, Size: 0x000049f8, Max: 0x00005000, ABSOLUTE, COMPRESSED[0x00000320])

    Exec Addr    Load Addr    Size         Type   Attr      Idx    E Section Name        Object

    0x20000000   COMPRESSED   0x00000014   Data   RW           28    .data               system_stm32f10x.o
    0x20000014   COMPRESSED   0x00000014   Data   RW         1738    .data               stm32f10x_rcc.o
    0x20000028   COMPRESSED   0x00000028   Data   RW         3111    .data               main.o
    0x20000050   COMPRESSED   0x00000004   Data   RW         3363    .data               drive_timer.o
    0x20000054   COMPRESSED   0x00000004   Data   RW         3542    .data               drive_delay.o
    0x20000058   COMPRESSED   0x00000030   Data   RW         3811    .data               convert.o
    0x20000088   COMPRESSED   0x0000000c   Data   RW         3890    .data               rtc_system.o
    0x20000094   COMPRESSED   0x00000030   Data   RW         3932    .data               led.o
    0x200000c4   COMPRESSED   0x0000002c   Data   RW         4034    .data               i2c.o
    0x200000f0   COMPRESSED   0x00000058   Data   RW         4109    .data               button.o
    0x20000148   COMPRESSED   0x00000004   Data   RW         4143    .data               button_device.o
    0x2000014c   COMPRESSED   0x00000014   Data   RW         4214    .data               button_input.o
    0x20000160   COMPRESSED   0x00000004   Data   RW         4239    .data               input_device.o
    0x20000164   COMPRESSED   0x00000024   Data   RW         4317    .data               oled.o
    0x20000188   COMPRESSED   0x00000014   Data   RW         4350    .data               display_device.o
    0x2000019c   COMPRESSED   0x00000008   Data   RW         4384    .data               display_system.o
    0x200001a4   COMPRESSED   0x00000008   Data   RW         4433    .data               oled_command.o
    0x200001ac   COMPRESSED   0x00000014   Data   RW         4508    .data               ascii_fontlib.o
    0x200001c0   COMPRESSED   0x00000004   Data   RW         4559    .data               fontlib_system.o
    0x200001c4   COMPRESSED   0x00000020   Data   RW         4647    .data               beep.o
    0x200001e4   COMPRESSED   0x0000000c   Data   RW         4777    .data               player.o
    0x200001f0   COMPRESSED   0x00000018   Data   RW         4839    .data               player_system.o
    0x20000208   COMPRESSED   0x00000080   Data   RW         4958    .data               graph_data.o
    0x20000288   COMPRESSED   0x000001c0   Data   RW         4987    .data               role.o
    0x20000448   COMPRESSED   0x00000048   Data   RW         5098    .data               role_manager.o
    0x20000490   COMPRESSED   0x00000004   Data   RW         5156    .data               role_system.o
    0x20000494   COMPRESSED   0x00000004   Data   RW         5195    .data               game.o
    0x20000498   COMPRESSED   0x00000044   Data   RW         5221    .data               game_system.o
    0x200004dc   COMPRESSED   0x000002b4   Data   RW         5325    .data               option.o
    0x20000790   COMPRESSED   0x00000018   Data   RW         5442    .data               option_manager.o
    0x200007a8   COMPRESSED   0x000000a8   Data   RW         5557    .data               logic_control.o
    0x20000850   COMPRESSED   0x00000004   Data   RW         5709    .data               displaydev_init.o
    0x20000854   COMPRESSED   0x00000004   Data   RW         5923    .data               clock.o
    0x20000858   COMPRESSED   0x00000001   Data   RW         6304    .data               irq.o
    0x20000859   COMPRESSED   0x00000003   PAD
    0x2000085c   COMPRESSED   0x00000018   Data   RW         6513    .data               mem.o
    0x20000874   COMPRESSED   0x00000060   Data   RW         6580    .data               object.o
    0x200008d4   COMPRESSED   0x00000018   Data   RW         6664    .data               scheduler.o
    0x200008ec   COMPRESSED   0x0000000c   Data   RW         6877    .data               timer.o
    0x200008f8   COMPRESSED   0x00000010   Data   RW         6980    .data               cpuport.o
    0x20000908   COMPRESSED   0x00000004   Data   RW         7018    .data               mc_w.l(rand.o)
    0x2000090c   COMPRESSED   0x00000004   Data   RW         7334    .data               mc_w.l(stdout.o)
    0x20000910   COMPRESSED   0x00000004   Data   RW         7339    .data               mc_w.l(mvars.o)
    0x20000914   COMPRESSED   0x00000004   Data   RW         7340    .data               mc_w.l(mvars.o)
    0x20000918        -       0x00001800   Zero   RW         3286    .bss                board.o
    0x20002118        -       0x00000408   Zero   RW         3408    .bss                drive_usart.o
    0x20002520        -       0x0000001c   Zero   RW         3888    .bss                rtc_system.o
    0x2000253c        -       0x00000018   Zero   RW         3958    .bss                led_device.o
    0x20002554        -       0x0000000c   Zero   RW         4064    .bss                i2c_device.o
    0x20002560        -       0x00000030   Zero   RW         4142    .bss                button_device.o
    0x20002590        -       0x00001000   Zero   RW         4316    .bss                oled.o
    0x20003590        -       0x00000014   Zero   RW         4537    .bss                fontlib_manager.o
    0x200035a4        -       0x00000014   Zero   RW         4595    .bss                show_text.o
    0x200035b8        -       0x0000000c   Zero   RW         4681    .bss                beep_device.o
    0x200035c4        -       0x00000030   Zero   RW         4726    .bss                decode.o
    0x200035f4        -       0x00000068   Zero   RW         4775    .bss                player.o
    0x2000365c        -       0x00000014   Zero   RW         5194    .bss                game.o
    0x20003670        -       0x00000054   Zero   RW         5278    .bss                node_manager.o
    0x200036c4        -       0x00000054   Zero   RW         5440    .bss                option_manager.o
    0x20003718        -       0x00000120   Zero   RW         5502    .bss                message_manager.o
    0x20003838        -       0x0000001c   Zero   RW         5556    .bss                logic_control.o
    0x20003854        -       0x00000180   Zero   RW         6034    .bss                idle.o
    0x200039d4        -       0x00000100   Zero   RW         6356    .bss                kservice.o
    0x20003ad4        -       0x00000020   Zero   RW         6512    .bss                mem.o
    0x20003af4        -       0x00000100   Zero   RW         6663    .bss                scheduler.o
    0x20003bf4   COMPRESSED   0x00000004   PAD
    0x20003bf8        -       0x00000200   Zero   RW            2    HEAP                startup_stm32f10x_md.o
    0x20003df8        -       0x00000c00   Zero   RW            1    STACK               startup_stm32f10x_md.o


==============================================================================

Image component sizes


      Code (inc. data)   RO Data    RW Data    ZI Data      Debug   Object Name

       122         18       2048         20          0       3295   ascii_fontlib.o
        88         14          0         32          0       3088   beep.o
       176         74          0          0         12       2047   beep_device.o
        20          0          0          0          0       1004   beep_system.o
       236         28          0          0       6144      18405   board.o
       100         46          0         88          0       2608   button.o
       548         30          0          4         48       4214   button_device.o
       100         10          7         20          0       1731   button_input.o
        12          0          0          0          0        478   button_system.o
        58          0          0          0          0       3130   cal_beep.o
        12          0          0          0          0        517   cal_button.o
        44          0          0          0          0       2576   cal_i2c.o
        32          0          0          0          0       1949   cal_led.o
         8          0          0          0          0        444   cal_timer.o
        60         12          0          4          0       1161   clock.o
       186         30         16          0          0       5712   components.o
       244         28          0          0          0        792   context_rvds.o
       496         18         48         48          0       3138   convert.o
         0          0          0          0          0       4508   core_cm3.o
       588        328          0         16          0       3274   cpuport.o
       460         44        104          0         48       5262   decode.o
       320         46          0          0          0       2687   dht11_device.o
       132         18          0         20          0       3341   display_device.o
       184         92          0          8          0       2423   display_system.o
       548        146          0          4          0       1123   displaydev_init.o
       114         14          0          4          0       2188   drive_delay.o
       162          6          0          0          0       2391   drive_gpio.o
       280         14          0          0          0       2130   drive_i2c.o
       166          0          0          0          0       1926   drive_pwm.o
       128          0          0          0          0       1014   drive_rtc.o
       304         26          0          4          0       4047   drive_timer.o
       308         22          0          0       1032       4432   drive_usart.o
         6          0          0          0          0        516   encode_str.o
        76          8          0          0         20       1989   fontlib_manager.o
       152         74          0          4          0       2322   fontlib_system.o
        52         14          0          4         20        726   game.o
       516        106          0         68          0       4106   game_system.o
         0          0       4772        128          0       1375   graph_data.o
        60         12          0         44          0       2547   i2c.o
        88         10          0          0         12       2661   i2c_device.o
        20          0          0          0          0        994   i2c_system.o
       164         26          0          0        384       5034   idle.o
       152         82          0          0          0       1646   input_buffer.o
        40          8          0          4          0       1570   input_device.o
        16          0          0          0          0        923   input_system.o
      2298          0          0          0          0      18549   ipc.o
        64         12          0          1          0       1546   irq.o
        68          4          0          0          0       2522   kal_beep.o
        12          0          0          0          0        517   kal_button.o
        36          0          0          0          0       1836   kal_i2c.o
        28          0          0          0          0       1409   kal_led.o
         8          0          0          0          0        444   kal_timer.o
      1826        164        290          0        256       8992   kservice.o
        68         20          0         48          0       2232   led.o
        88         10          0          0         24       1989   led_device.o
        20          0          0          0          0        994   led_system.o
      1250        250          0        168         28      15346   logic_control.o
       924        436          0         40          0      17833   main.o
       956        224          0         24         32       3844   mem.o
       704        310          0          0        288       3301   message_manager.o
       132         22          0          0          0       1655   misc.o
       108         22          0          0         84       2839   node_manager.o
       326          4          0         96          0       8188   object.o
       168         12          0         36       4096       3011   oled.o
       704         58          0          8          0       6030   oled_command.o
      2328        712          0        692          0      11812   option.o
       556        166         11         24         84       6882   option_manager.o
       502        116       2650         12        104       5517   player.o
      1094        280         13         24          0       7933   player_system.o
        44          0          0          0          0       1435   ring_buffer.o
       924         80         49        448          0      12197   role.o
       452         62          0         72          0       5737   role_manager.o
       128         52          0          4          0       2584   role_system.o
        58          0          0          0          0       2013   rtc_device.o
       168         58         10         12         28       2237   rtc_system.o
       526         90          0         24        256       8334   scheduler.o
       364          8          0          0          0       4633   show_graph.o
       318          4          0          0         20       4036   show_text.o
        36          8        236          0       3584        860   startup_stm32f10x_md.o
        16          0          0          0          0        513   stm32f10x_bkp.o
       510         26          0          0          0       5982   stm32f10x_dma.o
       306          0          0          0          0       3324   stm32f10x_gpio.o
       454         14          0          0          0       7499   stm32f10x_i2c.o
        18          0          0          0          0       2527   stm32f10x_it.o
        12          6          0          0          0        546   stm32f10x_pwr.o
       420         64          0         20          0       8071   stm32f10x_rcc.o
       260         48          0          0          0       5504   stm32f10x_rtc.o
       424         52          0          0          0       5147   stm32f10x_tim.o
       358          6          0          0          0       5673   stm32f10x_usart.o
       328         28          0         20          0     267273   system_stm32f10x.o
       808         38          0          0          0      12159   thread.o
       810         24          0         12          0      11412   timer.o
       120         62          0          0          0        536   usart_init.o

    ----------------------------------------------------------------------
     29766       4956      10296       2312      16608     638897   Object Totals
         0          0         32          0          0          0   (incl. Generated)
        58          0         10          3          4          0   (incl. Padding)

    ----------------------------------------------------------------------

      Code (inc. data)   RO Data    RW Data    ZI Data      Debug   Library Member Name

        86          0          0          0          0          0   __dczerorl2.o
         0          0          0          0          0          0   entry.o
         0          0          0          0          0          0   entry10a.o
         0          0          0          0          0          0   entry11a.o
         8          4          0          0          0          0   entry2.o
         4          0          0          0          0          0   entry5.o
         0          0          0          0          0          0   entry7b.o
         0          0          0          0          0          0   entry8b.o
         8          4          0          0          0          0   entry9a.o
        30          0          0          0          0          0   handlers.o
        36          8          0          0          0         68   init.o
       108         16          0          0          0         84   malloc.o
        36          0          0          0          0         68   memcpya.o
         0          0          0          8          0          0   mvars.o
       472         14          0          0          0        184   printf3.o
        36         10          0          4          0        136   rand.o
         0          0          0          4          0          0   stdout.o
        28          0          0          0          0         76   strcmp.o
        44          0          0          0          0         80   uidiv.o

    ----------------------------------------------------------------------
       898         56          0         16          0        696   Library Totals
         2          0          0          0          0          0   (incl. Padding)

    ----------------------------------------------------------------------

      Code (inc. data)   RO Data    RW Data    ZI Data      Debug   Library Name

       896         56          0         16          0        696   mc_w.l

    ----------------------------------------------------------------------
       898         56          0         16          0        696   Library Totals

    ----------------------------------------------------------------------

==============================================================================


      Code (inc. data)   RO Data    RW Data    ZI Data      Debug   

     30664       5012      10296       2328      16608     615957   Grand Totals
     30664       5012      10296        800      16608     615957   ELF Image Totals (compressed)
     30664       5012      10296        800          0          0   ROM Totals

==============================================================================

    Total RO  Size (Code + RO Data)                40960 (  40.00kB)
    Total RW  Size (RW Data + ZI Data)             18936 (  18.49kB)
    Total ROM Size (Code + RO Data + RW Data)      41760 (  40.78kB)

==============================================================================

