Component: ARM Compiler 5.06 update 6 (build 750) Tool: armlink [4d35ed]

==============================================================================

Section Cross References

    startup_stm32f10x_md.o(RESET) refers to startup_stm32f10x_md.o(STACK) for __initial_sp
    startup_stm32f10x_md.o(RESET) refers to startup_stm32f10x_md.o(.text) for Reset_Handler
    startup_stm32f10x_md.o(RESET) refers to stm32f10x_it.o(i.NMI_Handler) for NMI_Handler
    startup_stm32f10x_md.o(RESET) refers to stm32f10x_it.o(i.HardFault_Handler) for HardFault_Handler
    startup_stm32f10x_md.o(RESET) refers to stm32f10x_it.o(i.MemManage_Handler) for MemManage_Handler
    startup_stm32f10x_md.o(RESET) refers to stm32f10x_it.o(i.BusFault_Handler) for BusFault_Handler
    startup_stm32f10x_md.o(RESET) refers to stm32f10x_it.o(i.UsageFault_Handler) for UsageFault_Handler
    startup_stm32f10x_md.o(RESET) refers to stm32f10x_it.o(i.SVC_Handler) for SVC_Handler
    startup_stm32f10x_md.o(RESET) refers to stm32f10x_it.o(i.DebugMon_Handler) for DebugMon_Handler
    startup_stm32f10x_md.o(RESET) refers to context_rvds.o(.text) for PendSV_Handler
    startup_stm32f10x_md.o(RESET) refers to stm32f10x_it.o(i.SysTick_Handler) for SysTick_Handler
    startup_stm32f10x_md.o(RESET) refers to rtc_system.o(i.RTC_IRQHandler) for RTC_IRQHandler
    startup_stm32f10x_md.o(RESET) refers to oled_command.o(i.DMA1_Channel6_IRQHandler) for DMA1_Channel6_IRQHandler
    startup_stm32f10x_md.o(RESET) refers to drive_timer.o(i.TIM2_IRQHandler) for TIM2_IRQHandler
    startup_stm32f10x_md.o(RESET) refers to drive_timer.o(i.TIM3_IRQHandler) for TIM3_IRQHandler
    startup_stm32f10x_md.o(RESET) refers to drive_usart.o(i.USART1_IRQHandler) for USART1_IRQHandler
    startup_stm32f10x_md.o(.text) refers to system_stm32f10x.o(i.SystemInit) for SystemInit
    startup_stm32f10x_md.o(.text) refers to entry.o(.ARM.Collect$$$$00000000) for __main
    system_stm32f10x.o(i.SetSysClock) refers to system_stm32f10x.o(i.SetSysClockTo72) for SetSysClockTo72
    system_stm32f10x.o(i.SystemCoreClockUpdate) refers to system_stm32f10x.o(.data) for SystemCoreClock
    system_stm32f10x.o(i.SystemInit) refers to system_stm32f10x.o(i.SetSysClock) for SetSysClock
    stm32f10x_adc.o(i.ADC_DeInit) refers to stm32f10x_rcc.o(i.RCC_APB2PeriphResetCmd) for RCC_APB2PeriphResetCmd
    stm32f10x_bkp.o(i.BKP_DeInit) refers to stm32f10x_rcc.o(i.RCC_BackupResetCmd) for RCC_BackupResetCmd
    stm32f10x_can.o(i.CAN_DeInit) refers to stm32f10x_rcc.o(i.RCC_APB1PeriphResetCmd) for RCC_APB1PeriphResetCmd
    stm32f10x_can.o(i.CAN_GetITStatus) refers to stm32f10x_can.o(i.CheckITStatus) for CheckITStatus
    stm32f10x_cec.o(i.CEC_DeInit) refers to stm32f10x_rcc.o(i.RCC_APB1PeriphResetCmd) for RCC_APB1PeriphResetCmd
    stm32f10x_dac.o(i.DAC_DeInit) refers to stm32f10x_rcc.o(i.RCC_APB1PeriphResetCmd) for RCC_APB1PeriphResetCmd
    stm32f10x_flash.o(i.FLASH_EnableWriteProtection) refers to stm32f10x_flash.o(i.FLASH_WaitForLastOperation) for FLASH_WaitForLastOperation
    stm32f10x_flash.o(i.FLASH_EraseAllBank1Pages) refers to stm32f10x_flash.o(i.FLASH_WaitForLastBank1Operation) for FLASH_WaitForLastBank1Operation
    stm32f10x_flash.o(i.FLASH_EraseAllPages) refers to stm32f10x_flash.o(i.FLASH_WaitForLastOperation) for FLASH_WaitForLastOperation
    stm32f10x_flash.o(i.FLASH_EraseOptionBytes) refers to stm32f10x_flash.o(i.FLASH_GetReadOutProtectionStatus) for FLASH_GetReadOutProtectionStatus
    stm32f10x_flash.o(i.FLASH_EraseOptionBytes) refers to stm32f10x_flash.o(i.FLASH_WaitForLastOperation) for FLASH_WaitForLastOperation
    stm32f10x_flash.o(i.FLASH_ErasePage) refers to stm32f10x_flash.o(i.FLASH_WaitForLastOperation) for FLASH_WaitForLastOperation
    stm32f10x_flash.o(i.FLASH_ProgramHalfWord) refers to stm32f10x_flash.o(i.FLASH_WaitForLastOperation) for FLASH_WaitForLastOperation
    stm32f10x_flash.o(i.FLASH_ProgramOptionByteData) refers to stm32f10x_flash.o(i.FLASH_WaitForLastOperation) for FLASH_WaitForLastOperation
    stm32f10x_flash.o(i.FLASH_ProgramWord) refers to stm32f10x_flash.o(i.FLASH_WaitForLastOperation) for FLASH_WaitForLastOperation
    stm32f10x_flash.o(i.FLASH_ReadOutProtection) refers to stm32f10x_flash.o(i.FLASH_WaitForLastOperation) for FLASH_WaitForLastOperation
    stm32f10x_flash.o(i.FLASH_UserOptionByteConfig) refers to stm32f10x_flash.o(i.FLASH_WaitForLastOperation) for FLASH_WaitForLastOperation
    stm32f10x_flash.o(i.FLASH_WaitForLastBank1Operation) refers to stm32f10x_flash.o(i.FLASH_GetBank1Status) for FLASH_GetBank1Status
    stm32f10x_flash.o(i.FLASH_WaitForLastOperation) refers to stm32f10x_flash.o(i.FLASH_GetBank1Status) for FLASH_GetBank1Status
    stm32f10x_gpio.o(i.GPIO_AFIODeInit) refers to stm32f10x_rcc.o(i.RCC_APB2PeriphResetCmd) for RCC_APB2PeriphResetCmd
    stm32f10x_gpio.o(i.GPIO_DeInit) refers to stm32f10x_rcc.o(i.RCC_APB2PeriphResetCmd) for RCC_APB2PeriphResetCmd
[...]
    DisplayDevTimerFlushControl              0x080011b5   Thumb Code    20  display_device.o(i.DisplayDevTimerFlushControl)
    DisplayDeviceRegister                    0x080011cd   Thumb Code    36  display_device.o(i.DisplayDeviceRegister)
    EncodeStr                                0x08001281   Thumb Code     6  encode_str.o(i.EncodeStr)
    FontLibRegister                          0x0800129d   Thumb Code    24  fontlib_manager.o(i.FontLibRegister)
    GAMEInfoOptionChooseFUN                  0x080012b9   Thumb Code    76  option.o(i.GAMEInfoOptionChooseFUN)
    GAMEInfoOptionEnterFUN                   0x08001325   Thumb Code    24  option.o(i.GAMEInfoOptionEnterFUN)
    GAMESetOptionChooseFUN                   0x0800134d   Thumb Code    76  option.o(i.GAMESetOptionChooseFUN)
    GAMESetOptionEnterFUN                    0x080013b9   Thumb Code    24  option.o(i.GAMESetOptionEnterFUN)
    GAMEStartOptionChooseFUN                 0x080013e1   Thumb Code   144  option.o(i.GAMEStartOptionChooseFUN)
    GAMEStartOptionEnterFUN                  0x08001499   Thumb Code    24  option.o(i.GAMEStartOptionEnterFUN)
    GPIO_Init                                0x080014c9   Thumb Code   278  stm32f10x_gpio.o(i.GPIO_Init)
    GPIO_ReadInputDataBit                    0x080015df   Thumb Code    18  stm32f10x_gpio.o(i.GPIO_ReadInputDataBit)
    GPIO_WriteBit                            0x080015f1   Thumb Code    10  stm32f10x_gpio.o(i.GPIO_WriteBit)
    GameChooseFUN                            0x080015fd   Thumb Code   172  option.o(i.GameChooseFUN)
    GameEnterFUN                             0x080016d1   Thumb Code    12  option.o(i.GameEnterFUN)
    GameRunning                              0x08001789   Thumb Code    46  game_system.o(i.GameRunning)
    GameShow                                 0x0800182d   Thumb Code    48  game_system.o(i.GameShow)
    GameStop                                 0x08001865   Thumb Code    76  game_system.o(i.GameStop)
    GameThreadEntry                          0x08001925   Thumb Code   134  game_system.o(i.GameThreadEntry)
    GameThreadInit                           0x080019c9   Thumb Code    16  game_system.o(i.GameThreadInit)
    GetBeepDevice                            0x08001a59   Thumb Code    12  beep_system.o(i.GetBeepDevice)
    GetBeepSongLen                           0x08001a65   Thumb Code    28  decode.o(i.GetBeepSongLen)
    GetBeepSongName                          0x08001a81   Thumb Code    22  decode.o(i.GetBeepSongName)
    GetDisplayDevice                         0x08001a97   Thumb Code    12  display_system.o(i.GetDisplayDevice)
    GetFontBitMap                            0x08001af1   Thumb Code    20  fontlib_system.o(i.GetFontBitMap)
    GetFontLib                               0x08001b09   Thumb Code    12  fontlib_system.o(i.GetFontLib)
    GetGame                                  0x08001b15   Thumb Code     8  game_system.o(i.GetGame)
    GetI2CDevice                             0x08001bfd   Thumb Code    12  i2c_system.o(i.GetI2CDevice)
    GetInputBuffer                           0x08001c09   Thumb Code    90  input_buffer.o(i.GetInputBuffer)
    GetLedDevice                             0x08001c69   Thumb Code    12  led_system.o(i.GetLedDevice)
    GetNodeFirstChild                        0x08001cf5   Thumb Code    22  node_manager.o(i.GetNodeFirstChild)
    GetNodeParent                            0x08001d11   Thumb Code    22  node_manager.o(i.GetNodeParent)
    GetNodeRightSibling                      0x08001d2d   Thumb Code    22  node_manager.o(i.GetNodeRightSibling)
    GetNormalTime                            0x08001d49   Thumb Code   212  convert.o(i.GetNormalTime)
    GetUnixTime                              0x08001e5d   Thumb Code   120  convert.o(i.GetUnixTime)
    HandlerMenuMsg                           0x08001ed9   Thumb Code    36  logic_control.o(i.HandlerMenuMsg)
    HandlerPlayerMsg                         0x08001f05   Thumb Code    18  logic_control.o(i.HandlerPlayerMsg)
    HandlerRTCMsg                            0x08001f41   Thumb Code   234  logic_control.o(i.HandlerRTCMsg)
    HardFault_Handler                        0x08002041   Thumb Code     4  stm32f10x_it.o(i.HardFault_Handler)
    HomeChooseFUN                            0x08002045   Thumb Code   118  option.o(i.HomeChooseFUN)
    HomeEnterFUN                             0x080020e1   Thumb Code    12  option.o(i.HomeEnterFUN)
    I2CDeviceRegister                        0x0800212d   Thumb Code    34  i2c_device.o(i.I2CDeviceRegister)
    I2C_CheckEvent                           0x08002155   Thumb Code    42  stm32f10x_i2c.o(i.I2C_CheckEvent)
    I2C_Cmd                                  0x0800217f   Thumb Code    24  stm32f10x_i2c.o(i.I2C_Cmd)
    I2C_DMACmd                               0x08002197   Thumb Code    24  stm32f10x_i2c.o(i.I2C_DMACmd)
    I2C_GenerateSTART                        0x080021af   Thumb Code    24  stm32f10x_i2c.o(i.I2C_GenerateSTART)
    I2C_GenerateSTOP                         0x080021c7   Thumb Code    24  stm32f10x_i2c.o(i.I2C_GenerateSTOP)
    I2C_GetFlagStatus                        0x080021df   Thumb Code    58  stm32f10x_i2c.o(i.I2C_GetFlagStatus)
    I2C_Init                                 0x08002219   Thumb Code   222  stm32f10x_i2c.o(i.I2C_Init)
    I2C_Send7bitAddress                      0x08002305   Thumb Code    18  stm32f10x_i2c.o(i.I2C_Send7bitAddress)
    I2C_SendData                             0x08002317   Thumb Code     4  stm32f10x_i2c.o(i.I2C_SendData)
    IndicateLedClose                         0x0800231d   Thumb Code    28  role_manager.o(i.IndicateLedClose)
    IndicateLedOpen                          0x08002345   Thumb Code    28  role_manager.o(i.IndicateLedOpen)
    InfoChooseFUN                            0x0800236d   Thumb Code    38  option.o(i.InfoChooseFUN)
    InfoEnterFUN                             0x0800239d   Thumb Code    24  option.o(i.InfoEnterFUN)
    InitInputDevice                          0x080023c1   Thumb Code     8  input_system.o(i.InitInputDevice)
    InitMenuOption                           0x080023c9   Thumb Code    18  option_manager.o(i.InitMenuOption)
    InputDeviceRegister                      0x080023e9   Thumb Code    12  input_device.o(i.InputDeviceRegister)
    KAL_BeepDevicePWMCfg                     0x080023f9   Thumb Code    28  kal_beep.o(i.KAL_BeepDevicePWMCfg)
    KAL_BeepDevicePWMOff                     0x08002419   Thumb Code    12  kal_beep.o(i.KAL_BeepDevicePWMOff)
    KAL_BeepDevicePWMOn                      0x08002425   Thumb Code    12  kal_beep.o(i.KAL_BeepDevicePWMOn)
    KAL_GPIOButtonInit                       0x08002431   Thumb Code    12  kal_button.o(i.KAL_GPIOButtonInit)
    KAL_GPIOI2CDevInit                       0x0800243d   Thumb Code    12  kal_i2c.o(i.KAL_GPIOI2CDevInit)
    KAL_GPIOLedDevControl                    0x08002449   Thumb Code    16  kal_led.o(i.KAL_GPIOLedDevControl)
    KAL_GPIOLedDevInit                       0x08002459   Thumb Code    12  kal_led.o(i.KAL_GPIOLedDevInit)
    KAL_HardwareBeepDevInit                  0x08002465   Thumb Code    12  kal_beep.o(i.KAL_HardwareBeepDevInit)
    KAL_I2CDMACfg                            0x08002471   Thumb Code    12  kal_i2c.o(i.KAL_I2CDMACfg)
    KAL_I2CDMAEnable                         0x0800247d   Thumb Code    12  kal_i2c.o(i.KAL_I2CDMAEnable)
    KAL_TimerInit                            0x08002489   Thumb Code     8  kal_timer.o(i.KAL_TimerInit)
    LedDeviceRegister                        0x080024ad   Thumb Code    34  led_device.o(i.LedDeviceRegister)
    LogicThreadEntry                         0x080024d5   Thumb Code   364  logic_control.o(i.LogicThreadEntry)
    LogicThreadInit                          0x080026e1   Thumb Code    46  logic_control.o(i.LogicThreadInit)
    MemManage_Handler                        0x08002765   Thumb Code     4  stm32f10x_it.o(i.MemManage_Handler)
    MenuPublish                              0x080027c9   Thumb Code    12  option_manager.o(i.MenuPublish)
    MenuThreadEntry                          0x08002895   Thumb Code    66  option_manager.o(i.MenuThreadEntry)
    MenuThreadInit                           0x08002901   Thumb Code    16  option_manager.o(i.MenuThreadInit)
    NMI_Handler                              0x08002931   Thumb Code     2  stm32f10x_it.o(i.NMI_Handler)
    NVIC_Init                                0x0800295d   Thumb Code   100  misc.o(i.NVIC_Init)
    NVIC_PriorityGroupConfig                 0x080029cd   Thumb Code    10  misc.o(i.NVIC_PriorityGroupConfig)
    NodeRegisterToTREE                       0x080029e1   Thumb Code    20  node_manager.o(i.NodeRegisterToTREE)
    OLEDCommandSend                          0x08002a85   Thumb Code    14  oled_command.o(i.OLEDCommandSend)
    OLEDDataSend                             0x08002a93   Thumb Code    14  oled_command.o(i.OLEDDataSend)
    OptionControl                            0x08002b61   Thumb Code    52  option_manager.o(i.OptionControl)
    OptionRegister                           0x08002b99   Thumb Code    34  option_manager.o(i.OptionRegister)
    PWR_BackupAccessCmd                      0x08002bc1   Thumb Code     6  stm32f10x_pwr.o(i.PWR_BackupAccessCmd)
    PlayerAddSong                            0x08002bcd   Thumb Code    32  player_system.o(i.PlayerAddSong)
    PlayerChooseFUN                          0x08002bed   Thumb Code   172  option.o(i.PlayerChooseFUN)
    PlayerControl                            0x08002cc1   Thumb Code    90  player_system.o(i.PlayerControl)
    PlayerEnterFUN                           0x08002d1d   Thumb Code    66  option.o(i.PlayerEnterFUN)
    PlayerInit                               0x08002e11   Thumb Code   114  player.o(i.PlayerInit)
    PlayerLast                               0x08002ec5   Thumb Code    66  player_system.o(i.PlayerLast)
    PlayerNext                               0x08002f07   Thumb Code    68  player_system.o(i.PlayerNext)
    PlayerPlay                               0x08002f4b   Thumb Code    14  player_system.o(i.PlayerPlay)
    PlayerPublish                            0x08002f59   Thumb Code    12  player_system.o(i.PlayerPublish)
    PlayerShow                               0x08003041   Thumb Code   134  player_system.o(i.PlayerShow)
    PlayerStart                              0x0800314d   Thumb Code   100  player_system.o(i.PlayerStart)
    PlayerStop                               0x080031b5   Thumb Code    16  player_system.o(i.PlayerStop)
    PlayerThreadEntry                        0x08003249   Thumb Code   190  player_system.o(i.PlayerThreadEntry)
    PlayerThreadInit                         0x08003339   Thumb Code    24  player_system.o(i.PlayerThreadInit)
    PutInputBuffer                           0x0800337d   Thumb Code    78  input_buffer.o(i.PutInputBuffer)
    RCC_AHBPeriphClockCmd                    0x080033d1   Thumb Code    26  stm32f10x_rcc.o(i.RCC_AHBPeriphClockCmd)
    RCC_APB1PeriphClockCmd                   0x080033f1   Thumb Code    26  stm32f10x_rcc.o(i.RCC_APB1PeriphClockCmd)
    RCC_APB2PeriphClockCmd                   0x08003411   Thumb Code    26  stm32f10x_rcc.o(i.RCC_APB2PeriphClockCmd)
    RCC_BackupResetCmd                       0x08003431   Thumb Code     6  stm32f10x_rcc.o(i.RCC_BackupResetCmd)
    RCC_GetClocksFreq                        0x0800343d   Thumb Code   192  stm32f10x_rcc.o(i.RCC_GetClocksFreq)
    RCC_GetFlagStatus                        0x08003511   Thumb Code    56  stm32f10x_rcc.o(i.RCC_GetFlagStatus)
    RCC_LSICmd                               0x0800354d   Thumb Code     6  stm32f10x_rcc.o(i.RCC_LSICmd)
    RCC_RTCCLKCmd                            0x08003559   Thumb Code     6  stm32f10x_rcc.o(i.RCC_RTCCLKCmd)
    RCC_RTCCLKConfig                         0x08003565   Thumb Code    12  stm32f10x_rcc.o(i.RCC_RTCCLKConfig)
    RTCInit                                  0x08003575   Thumb Code    36  rtc_system.o(i.RTCInit)
    RTCNormalTime                            0x0800359d   Thumb Code    20  rtc_device.o(i.RTCNormalTime)
    RTCPublish                               0x080035b1   Thumb Code    12  rtc_system.o(i.RTCPublish)
    RTCThreadInit                            0x080035bd   Thumb Code    16  rtc_system.o(i.RTCThreadInit)
    RTCTimeStamp                             0x080035ed   Thumb Code    30  rtc_device.o(i.RTCTimeStamp)
    RTC_ClearITPendingBit                    0x0800360d   Thumb Code    12  stm32f10x_rtc.o(i.RTC_ClearITPendingBit)
    RTC_EnterConfigMode                      0x0800361d   Thumb Code    14  stm32f10x_rtc.o(i.RTC_EnterConfigMode)
    RTC_ExitConfigMode                       0x08003631   Thumb Code    16  stm32f10x_rtc.o(i.RTC_ExitConfigMode)
    RTC_GetCounter                           0x08003645   Thumb Code    16  stm32f10x_rtc.o(i.RTC_GetCounter)
    RTC_GetITStatus                          0x08003659   Thumb Code    32  stm32f10x_rtc.o(i.RTC_GetITStatus)
    RTC_IRQHandler                           0x0800367d   Thumb Code    36  rtc_system.o(i.RTC_IRQHandler)
    RTC_ITConfig                             0x080036ad   Thumb Code    26  stm32f10x_rtc.o(i.RTC_ITConfig)
    RTC_SetCounter                           0x080036cd   Thumb Code    24  stm32f10x_rtc.o(i.RTC_SetCounter)
    RTC_SetPrescaler                         0x080036e9   Thumb Code    26  stm32f10x_rtc.o(i.RTC_SetPrescaler)
    RTC_WaitForLastTask                      0x08003709   Thumb Code    16  stm32f10x_rtc.o(i.RTC_WaitForLastTask)
    RTC_WaitForSynchro                       0x0800371d   Thumb Code    30  stm32f10x_rtc.o(i.RTC_WaitForSynchro)
    RecoverSpeedIndex                        0x08003741   Thumb Code     8  role_system.o(i.RecoverSpeedIndex)
    RegisterMessage                          0x0800374d   Thumb Code   112  message_manager.o(i.RegisterMessage)
    RegisterSubscriber                       0x08003811   Thumb Code   128  message_manager.o(i.RegisterSubscriber)
    RoleRegister                             0x08003909   Thumb Code    60  role_manager.o(i.RoleRegister)
    RtcNvicConfig                            0x08003961   Thumb Code    32  drive_rtc.o(i.RtcNvicConfig)
    RtcNvicInit                              0x08003981   Thumb Code     8  rtc_device.o(i.RtcNvicInit)
    RtcPeripheralConfig                      0x08003989   Thumb Code    96  drive_rtc.o(i.RtcPeripheralConfig)
    STD_BeepDevicePWMCfg                     0x080039fd   Thumb Code   106  drive_pwm.o(i.STD_BeepDevicePWMCfg)
    STD_BeepDevicePWMOff                     0x08003a67   Thumb Code    18  drive_pwm.o(i.STD_BeepDevicePWMOff)
    STD_DHT11GpioConfigure                   0x08003a79   Thumb Code    42  drive_gpio.o(i.STD_DHT11GpioConfigure)
    STD_GPIOBeepDevConfig                    0x08003aa3   Thumb Code    42  drive_pwm.o(i.STD_GPIOBeepDevConfig)
    STD_GPIOButtonConfig                     0x08003acd   Thumb Code    38  drive_gpio.o(i.STD_GPIOButtonConfig)
    STD_GPIOI2CDevConfig                     0x08003af9   Thumb Code   114  drive_i2c.o(i.STD_GPIOI2CDevConfig)
    STD_GPIOLedDevConfig                     0x08003b75   Thumb Code    42  drive_gpio.o(i.STD_GPIOLedDevConfig)
    STD_GPIOLedDevControl                    0x08003b9f   Thumb Code    34  drive_gpio.o(i.STD_GPIOLedDevControl)
    STD_I2CDMACfg                            0x08003bc1   Thumb Code   112  drive_i2c.o(i.STD_I2CDMACfg)
    STD_I2CDMAEnable                         0x08003c31   Thumb Code    32  drive_i2c.o(i.STD_I2CDMAEnable)
    STD_Timer3Config                         0x08003c51   Thumb Code    96  drive_timer.o(i.STD_Timer3Config)
    STD_TimerConfig                          0x08003cb5   Thumb Code   104  drive_timer.o(i.STD_TimerConfig)
    SVC_Handler                              0x08003d1d   Thumb Code     2  stm32f10x_it.o(i.SVC_Handler)
    SetButtonInputDeviceCallBack             0x08003d21   Thumb Code     6  button.o(i.SetButtonInputDeviceCallBack)
    SetChooseFUN                             0x08003d2d   Thumb Code    38  option.o(i.SetChooseFUN)
    SetDefaultDisplayDev                     0x08003d5d   Thumb Code    44  display_system.o(i.SetDefaultDisplayDev)
    SetDefaultFontLib                        0x08003ddd   Thumb Code    38  fontlib_system.o(i.SetDefaultFontLib)
    SetEnterFUN                              0x08003e81   Thumb Code    24  option.o(i.SetEnterFUN)
    SetTimerProcessFunction                  0x08003f91   Thumb Code     6  drive_timer.o(i.SetTimerProcessFunction)
    ShowGraphInDisplayDev                    0x08003f9d   Thumb Code    38  show_graph.o(i.ShowGraphInDisplayDev)
    ShowNumberInDisplayDev                   0x08003fc5   Thumb Code    76  show_text.o(i.ShowNumberInDisplayDev)
    ShowTextInDisplayDev                     0x08004015   Thumb Code    74  show_text.o(i.ShowTextInDisplayDev)
    SysTick_Handler                          0x08004071   Thumb Code    10  stm32f10x_it.o(i.SysTick_Handler)
    SystemInit                               0x08004085   Thumb Code    78  system_stm32f10x.o(i.SystemInit)
    TIM2_IRQHandler                          0x080040e5   Thumb Code    46  drive_timer.o(i.TIM2_IRQHandler)
    TIM3_IRQHandler                          0x0800411d   Thumb Code    26  drive_timer.o(i.TIM3_IRQHandler)
    TIM_ClearITPendingBit                    0x0800413d   Thumb Code     6  stm32f10x_tim.o(i.TIM_ClearITPendingBit)
    TIM_Cmd                                  0x08004143   Thumb Code    24  stm32f10x_tim.o(i.TIM_Cmd)
    TIM_GetITStatus                          0x0800415b   Thumb Code    34  stm32f10x_tim.o(i.TIM_GetITStatus)
    TIM_ITConfig                             0x0800417d   Thumb Code    18  stm32f10x_tim.o(i.TIM_ITConfig)
    TIM_OC3Init                              0x08004191   Thumb Code   150  stm32f10x_tim.o(i.TIM_OC3Init)
    TIM_OC3PreloadConfig                     0x08004231   Thumb Code    18  stm32f10x_tim.o(i.TIM_OC3PreloadConfig)
    TIM_TimeBaseInit                         0x08004245   Thumb Code   122  stm32f10x_tim.o(i.TIM_TimeBaseInit)
    TempatureChooseFUN                       0x080042fd   Thumb Code   172  option.o(i.TempatureChooseFUN)
    TempatureEnterFUN                        0x080043d1   Thumb Code   200  option.o(i.TempatureEnterFUN)
    TimerFlushDisplayDev                     0x080044d9   Thumb Code    28  display_system.o(i.TimerFlushDisplayDev)
    TimingDelay_Decrement                    0x080044fd   Thumb Code    18  drive_delay.o(i.TimingDelay_Decrement)
    USART1_IRQHandler                        0x08004515   Thumb Code    20  drive_usart.o(i.USART1_IRQHandler)
    USART_Cmd                                0x08004531   Thumb Code    24  stm32f10x_usart.o(i.USART_Cmd)
    USART_Config                             0x08004549   Thumb Code   136  drive_usart.o(i.USART_Config)
    USART_GetFlagStatus                      0x080045d9   Thumb Code    26  stm32f10x_usart.o(i.USART_GetFlagStatus)
    USART_ITConfig                           0x080045f3   Thumb Code    74  stm32f10x_usart.o(i.USART_ITConfig)
    USART_Init                               0x0800463d   Thumb Code   210  stm32f10x_usart.o(i.USART_Init)
    USART_ReceiveData                        0x08004715   Thumb Code    10  stm32f10x_usart.o(i.USART_ReceiveData)
    USART_SendData                           0x0800471f   Thumb Code     8  stm32f10x_usart.o(i.USART_SendData)
    UsageFault_Handler                       0x08004727   Thumb Code     4  stm32f10x_it.o(i.UsageFault_Handler)
    UsartInit                                0x0800472d   Thumb Code    58  usart_init.o(i.UsartInit)
    Usart_SendByte                           0x080047a5   Thumb Code    30  drive_usart.o(i.Usart_SendByte)
    Usart_SendString                         0x080047c3   Thumb Code    42  drive_usart.o(i.Usart_SendString)
    __0printf$3                              0x080047ed   Thumb Code    22  printf3.o(i.__0printf$3)
    __1printf$3                              0x080047ed   Thumb Code     0  printf3.o(i.__0printf$3)
    __2printf                                0x080047ed   Thumb Code     0  printf3.o(i.__0printf$3)
    __ButtonDevcieManagerInit                0x0800480d   Thumb Code    32  button_device.o(i.__ButtonDevcieManagerInit)
    __DisplayDevTimerFlushControl            0x08004835   Thumb Code    14  display_device.o(i.__DisplayDevTimerFlushControl)
    __GetBeepDevice                          0x08004849   Thumb Code    60  beep_device.o(i.__GetBeepDevice)
    __GetDisplayDevice                       0x080048ad   Thumb Code    44  display_device.o(i.__GetDisplayDevice)
    __GetFontLib                             0x080048dd   Thumb Code    44  fontlib_manager.o(i.__GetFontLib)
    __GetGame                                0x0800490d   Thumb Code    36  game.o(i.__GetGame)
    __GetGameRole                            0x0800493d   Thumb Code    44  role_manager.o(i.__GetGameRole)
    __GetI2CDevice                           0x0800496d   Thumb Code    44  i2c_device.o(i.__GetI2CDevice)
    __GetLedDevice                           0x0800499d   Thumb Code    44  led_device.o(i.__GetLedDevice)
    __GetOption                              0x080049cd   Thumb Code    60  option_manager.o(i.__GetOption)
    __InitInputDevice                        0x08004a31   Thumb Code    20  input_device.o(i.__InitInputDevice)
    __scatterload_copy                       0x08004a49   Thumb Code    14  handlers.o(i.__scatterload_copy)
    __scatterload_null                       0x08004a57   Thumb Code     2  handlers.o(i.__scatterload_null)
    __scatterload_zeroinit                   0x08004a59   Thumb Code    14  handlers.o(i.__scatterload_zeroinit)
    button_cb                                0x08004d1d   Thumb Code    20  button.o(i.button_cb)
    delay                                    0x08004e11   Thumb Code    24  drive_delay.o(i.delay)
    fputc                                    0x08004f15   Thumb Code    18  drive_usart.o(i.fputc)
    main                                     0x08004f9d   Thumb Code   112  main.o(i.main)
    malloc                                   0x08005079   Thumb Code    92  malloc.o(i.malloc)
    my_button_scan                           0x080052a5   Thumb Code   374  button_device.o(i.my_button_scan)
    oled_clear                               0x08005425   Thumb Code    30  oled_command.o(i.oled_clear)
    oled_gram_refresh_dma                    0x08005445   Thumb Code   132  oled_command.o(i.oled_gram_refresh_dma)
    oled_init                                0x080054e1   Thumb Code   232  oled_command.o(i.oled_init)
    oled_setcursor                           0x080055d1   Thumb Code    38  oled_command.o(i.oled_setcursor)
    ring_buffer_init                         0x08005651   Thumb Code    10  ring_buffer.o(i.ring_buffer_init)
    ring_buffer_write                        0x0800565b   Thumb Code    34  ring_buffer.o(i.ring_buffer_write)
    rt_hw_stack_init                         0x0800567d   Thumb Code    58  cpuport.o(i.rt_hw_stack_init)
    rt_schedule                              0x080056bd   Thumb Code    28  scheduler.o(i.rt_schedule)
    rt_system_scheduler_init                 0x080056dd   Thumb Code     8  scheduler.o(i.rt_system_scheduler_init)
    rt_system_scheduler_start                0x080056e9   Thumb Code    18  scheduler.o(i.rt_system_scheduler_start)
    rt_thread_init                           0x08005701   Thumb Code    64  thread.o(i.rt_thread_init)
    ascii_font                               0x080057c4   Data        2048  ascii_fontlib.o(.constdata)
    song1                                    0x0800602c   Data         530  player.o(.constdata)
    song2                                    0x0800623e   Data         530  player.o(.constdata)
    song3                                    0x08006450   Data         530  player.o(.constdata)
    song4                                    0x08006662   Data         530  player.o(.constdata)
    song5                                    0x08006874   Data         530  player.o(.constdata)
    CLOUD                                    0x08006a86   Data          24  graph_data.o(.constdata)
    DINOSAUR                                 0x08006a9e   Data          64  graph_data.o(.constdata)
    GROUND                                   0x08006ade   Data         600  graph_data.o(.constdata)
    GroundImg                                0x08006d36   Data        1024  graph_data.o(.constdata)
    Cactus1                                  0x08007136   Data         128  graph_data.o(.constdata)
    CACTUS_1                                 0x080071b6   Data          16  graph_data.o(.constdata)
    CACTUS_2                                 0x080071c6   Data          32  graph_data.o(.constdata)
    CACTUS_3                                 0x080071e6   Data          48  graph_data.o(.constdata)
    CACTUS_4                                 0x08007216   Data          48  graph_data.o(.constdata)
    RESTART                                  0x08007246   Data          72  graph_data.o(.constdata)
    START                                    0x0800728e   Data        1024  graph_data.o(.constdata)
    HOME                                     0x0800768e   Data         288  graph_data.o(.constdata)
    TEMP                                     0x080077ae   Data         288  graph_data.o(.constdata)
    GAME                                     0x080078ce   Data         288  graph_data.o(.constdata)
    PLAYER                                   0x080079ee   Data         128  graph_data.o(.constdata)
    SETTING                                  0x08007a6e   Data         288  graph_data.o(.constdata)
    INFORMATION                              0x08007b8e   Data         288  graph_data.o(.constdata)
    LEFT                                     0x08007cae   Data          32  graph_data.o(.constdata)
    RIGHT                                    0x08007cce   Data          32  graph_data.o(.constdata)
    SIGNAL                                   0x08007cee   Data          60  graph_data.o(.constdata)
    Region$$Table$$Base                      0x08007d90   Number         0  anon$$obj.o(Region$$Table)
    Region$$Table$$Limit                     0x08007db0   Number         0  anon$$obj.o(Region$$Table)
    g_tMsgRTC                                0x2000004c   Data           8  rtc_system.o(.data)
    g_tPublisherrRTC                         0x20000054   Data           4  rtc_system.o(.data)
    flush_start                              0x2000014c   Data           4  display_device.o(.data)
    g_ptFaultDisplayDev                      0x20000160   Data           4  display_system.o(.data)
    iFPS                                     0x20000164   Data           4  display_system.o(.data)
    OLED_I2C1_DMA_BUSYFLAG                   0x2000016c   Data           4  oled_command.o(.data)
    player_status                            0x200001b8   Data           4  player_system.o(.data)
    g_tMsgPlayer                             0x200001bc   Data           8  player_system.o(.data)
    g_tPublisherPlayer                       0x200001c4   Data           4  player_system.o(.data)
    YES                                      0x200001cc   Data          32  graph_data.o(.data)
    BACK                                     0x200001ec   Data          32  graph_data.o(.data)
    BATTERY                                  0x2000020c   Data          32  graph_data.o(.data)
    BLUETOOTH                                0x2000022c   Data          32  graph_data.o(.data)
    g_tRoleGraphCloud                        0x2000024c   Data          32  role.o(.data)
    g_tGameRoleCloud1                        0x2000026c   Data          44  role.o(.data)
    g_tGameRoleCloud2                        0x20000298   Data          44  role.o(.data)
    g_tRoleGraphGround                       0x200002c4   Data          32  role.o(.data)
    g_tGameRoleGround                        0x200002e4   Data          44  role.o(.data)
    g_tRoleGraphCactus1                      0x20000318   Data          32  role.o(.data)
    g_tRoleGraphCactus2                      0x20000338   Data          32  role.o(.data)
    g_tGameRoleCactus1                       0x20000358   Data          44  role.o(.data)
    g_tGameRoleCactus2                       0x20000384   Data          44  role.o(.data)
    speed_index                              0x200003bc   Data           4  role.o(.data)
    g_tRoleGraphDinosaur                     0x200003c0   Data          32  role.o(.data)
    g_tGameRoleDinosaur                      0x200003e0   Data          44  role.o(.data)
    g_ptIndicateLed                          0x2000040c   Data           4  role_manager.o(.data)
    g_tAggregate                             0x20000410   Data          52  role_manager.o(.data)
    g_tIterator                              0x20000444   Data          16  role_manager.o(.data)
    g_ptDefaultPLAYERRole                    0x20000454   Data           4  role_system.o(.data)
    g_tGraphRESTART                          0x2000045c   Data          32  game_system.o(.data)
    g_tGraphSTART                            0x2000047c   Data          32  game_system.o(.data)
    enter_node_count                         0x200004a0   Data           4  option.o(.data)
    enter_status_count                       0x200004a4   Data           4  option.o(.data)
    g_tMenuGraphSIGNAL                       0x200004a8   Data          32  option.o(.data)
    g_tMenuGraphBLUETOOTH                    0x200004c8   Data          32  option.o(.data)
    g_tMenuGraphBATTERY                      0x200004e8   Data          32  option.o(.data)
    g_tMenuGraphLEFT                         0x20000508   Data          32  option.o(.data)
    g_tMenuGraphRIGHT                        0x20000528   Data          32  option.o(.data)
    g_tMenuGraphHOME                         0x20000548   Data          32  option.o(.data)
    g_tMenuGraphYES                          0x20000568   Data          32  option.o(.data)
    g_tMenuGraphBACK                         0x20000588   Data          32  option.o(.data)
    g_tOptionHOME                            0x200005a8   Data          28  option.o(.data)
    g_tMenuGraphTEMP                         0x200005c4   Data          32  option.o(.data)
    g_tOptionTEMPATURE                       0x200005e4   Data          28  option.o(.data)
    g_tMenuGraphGAME                         0x20000600   Data          32  option.o(.data)
    g_tOptionGAME                            0x20000620   Data          28  option.o(.data)
    g_tMenuGraphPLAYER                       0x2000063c   Data          32  option.o(.data)
    g_tOptionPLAYER                          0x2000065c   Data          28  option.o(.data)
    g_tMenuGraphSETTING                      0x20000678   Data          32  option.o(.data)
    g_tOptionSETTING                         0x20000698   Data          28  option.o(.data)
    g_tMenuGraphINFORMATION                  0x200006b4   Data          32  option.o(.data)
    g_tOptionINFORMATION                     0x200006d4   Data          28  option.o(.data)
    g_tOptionGAMEStart                       0x200006f0   Data          28  option.o(.data)
    g_tOptionGAMESet                         0x2000070c   Data          28  option.o(.data)
    g_tOptionGAMEInfo                        0x20000728   Data          28  option.o(.data)
    current_option                           0x20000754   Data           4  option_manager.o(.data)
    menu_data                                0x20000758   Data           8  option_manager.o(.data)
    g_tMsgMenu                               0x20000760   Data           8  option_manager.o(.data)
    g_tPublisherMenu                         0x20000768   Data           4  option_manager.o(.data)
    iSubscribePlayerStatus                   0x20000770   Data           4  logic_control.o(.data)
    tSubscribeMenuStatus                     0x20000774   Data           8  logic_control.o(.data)
    g_tPlayerElement                         0x2000077c   Data          24  logic_control.o(.data)
    g_tGameElement                           0x20000794   Data          24  logic_control.o(.data)
    g_tMenuElement                           0x200007ac   Data          24  logic_control.o(.data)
    g_tVisitorKEY1ShortPress                 0x200007c4   Data           4  logic_control.o(.data)
    g_tVisitorKEY2ShortPress                 0x200007c8   Data           4  logic_control.o(.data)
    g_tVisitorKEY3ShortPress                 0x200007cc   Data           4  logic_control.o(.data)
    g_tVisitorKEY1LongPress                  0x200007d0   Data           4  logic_control.o(.data)
    g_tVisitorKEY2LongPress                  0x200007d4   Data           4  logic_control.o(.data)
    g_tVisitorKEY3LongPress                  0x200007d8   Data           4  logic_control.o(.data)
    g_tSubcriberPlayerMsg                    0x200007e4   Data          12  logic_control.o(.data)
    g_tSubcriberMenuMsg                      0x200007f4   Data          12  logic_control.o(.data)
    g_tSubcriberRTCMsg                       0x20000800   Data          12  logic_control.o(.data)
    rt_interrupt_from_thread                 0x20000810   Data           4  cpuport.o(.data)
    rt_interrupt_to_thread                   0x20000814   Data           4  cpuport.o(.data)
    rt_thread_switch_interrupt_flag          0x20000818   Data           4  cpuport.o(.data)
    rt_current_thread                        0x2000081c   Data           4  scheduler.o(.data)
    g_ptScheduleThread                       0x20000820   Data           4  scheduler.o(.data)
    g_ptOledDev                              0x20000824   Data           4  displaydev_init.o(.data)
    __stdout                                 0x2000082c   Data           4  stdout.o(.data)
    __microlib_freelist                      0x20000830   Data           4  mvars.o(.data)
    __microlib_freelist_initialised          0x20000834   Data           4  mvars.o(.data)
    g_tLogicThread                           0x20000838   Data          32  main.o(.bss)
    g_tMenuThread                            0x20000858   Data          32  main.o(.bss)
    g_tPlayerThread                          0x20000878   Data          32  main.o(.bss)
    g_tGameThread                            0x20000898   Data          32  main.o(.bss)
    LogicThreadStack                         0x200008b8   Data         512  main.o(.bss)
    MenuThreadStack                          0x20000ab8   Data         512  main.o(.bss)
    PlayerThreadStack                        0x20000cb8   Data         512  main.o(.bss)
    GameThreadStack                          0x20000eb8   Data         512  main.o(.bss)
    usart1_ring_buffer                       0x200010b8   Data        1032  drive_usart.o(.bss)
    g_tGame                                  0x200027bc   Data          20  game.o(.bss)
    __heap_base                              0x200029b8   Data           0  startup_stm32f10x_md.o(HEAP)
    __heap_limit                             0x20002bb8   Data           0  startup_stm32f10x_md.o(HEAP)
    __initial_sp                             0x200037b8   Data           0  startup_stm32f10x_md.o(STACK)



==============================================================================

Memory Map of the image

  Image Entry point : 0x080000ed

  Load Region LR_IROM1 (Base: 0x08000000, Size: 0x000085e8, Max: 0x00010000, ABSOLUTE, COMPRESSED[0x00008094])

    Execution Region ER_IROM1 (Exec base: 0x08000000, Load base: 0x08000000, Size: 0x00007db0, Max: 0x00010000, ABSOLUTE)

    Exec Addr    Load Addr    Size         Type   Attr      Idx    E Section Name        Object

    0x08000000   0x08000000   0x000000ec   Data   RO            3    RESET               startup_stm32f10x_md.o
    0x080000ec   0x080000ec   0x00000000   Code   RO         5921  * .ARM.Collect$$$$00000000  mc_w.l(entry.o)
    0x080000ec   0x080000ec   0x00000004   Code   RO         6226    .ARM.Collect$$$$00000001  mc_w.l(entry2.o)
    0x080000f0   0x080000f0   0x00000004   Code   RO         6229    .ARM.Collect$$$$00000004  mc_w.l(entry5.o)
    0x080000f4   0x080000f4   0x00000000   Code   RO         6231    .ARM.Collect$$$$00000008  mc_w.l(entry7b.o)
    0x080000f4   0x080000f4   0x00000000   Code   RO         6233    .ARM.Collect$$$$0000000A  mc_w.l(entry8b.o)
    0x080000f4   0x080000f4   0x00000008   Code   RO         6234    .ARM.Collect$$$$0000000B  mc_w.l(entry9a.o)
    0x080000fc   0x080000fc   0x00000000   Code   RO         6236    .ARM.Collect$$$$0000000D  mc_w.l(entry10a.o)
    0x080000fc   0x080000fc   0x00000000   Code   RO         6238    .ARM.Collect$$$$0000000F  mc_w.l(entry11a.o)
    0x080000fc   0x080000fc   0x00000004   Code   RO         6227    .ARM.Collect$$$$00002712  mc_w.l(entry2.o)
    0x08000100   0x08000100   0x00000024   Code   RO            4    .text               startup_stm32f10x_md.o
    0x08000124   0x08000124   0x000000b0   Code   RO         5634    .text               context_rvds.o
    0x080001d4   0x080001d4   0x00000024   Code   RO         5924    .text               mc_w.l(rand.o)
    0x080001f8   0x080001f8   0x00000024   Code   RO         5927    .text               mc_w.l(memcpya.o)
    0x0800021c   0x0800021c   0x0000001c   Code   RO         5929    .text               mc_w.l(strcmp.o)
    0x08000238   0x08000238   0x0000002c   Code   RO         6242    .text               mc_w.l(uidiv.o)
    0x08000264   0x08000264   0x00000024   Code   RO         6263    .text               mc_w.l(init.o)
    0x08000288   0x08000288   0x00000056   Code   RO         6295    .text               mc_w.l(__dczerorl2.o)
    0x080002de   0x080002de   0x00000008   Code   RO         4640    i.ADDBeepDevice     beep_system.o
    0x080002e6   0x080002e6   0x00000008   Code   RO         4320    i.ADDDisplayDevice  display_system.o
    0x080002ee   0x080002ee   0x00000008   Code   RO         4496    i.ADDFontLib        fontlib_system.o
    0x080002f6   0x080002f6   0x00000008   Code   RO         4029    i.ADDI2CDevice      i2c_system.o
    0x080002fe   0x080002fe   0x00000002   PAD
    0x08000300   0x08000300   0x00000054   Code   RO         4445    i.ASCIIGetFontBitMap  ascii_fontlib.o
    0x08000354   0x08000354   0x0000000e   Code   RO         4446    i.ASCIIGetFontSize  ascii_fontlib.o
    0x08000362   0x08000362   0x00000002   PAD
    0x08000364   0x08000364   0x00000020   Code   RO         4583    i.AddBeepDeviceBeep  beep.o
    0x08000384   0x08000384   0x0000000c   Code   RO         4133    i.AddButtonDevice   button_system.o
    0x08000390   0x08000390   0x00000040   Code   RO         4050    i.AddButtonDeviceKEY  button.o
    0x080003d0   0x080003d0   0x00000010   Code   RO         4154    i.AddButtonInputDevice  button_input.o
    0x080003e0   0x080003e0   0x00000018   Code   RO         4253    i.AddDisplayDeviceOLED  oled.o
    0x080003f8   0x080003f8   0x00000018   Code   RO         4447    i.AddFontLibASCII   ascii_fontlib.o
    0x08000410   0x08000410   0x00000018   Code   RO         3974    i.AddI2CDeviceI2C1  i2c.o
    0x08000428   0x08000428   0x00000008   Code   RO         4206    i.AddInputDevice    input_system.o
    0x08000430   0x08000430   0x00000008   Code   RO         3920    i.AddLedDevice      led_system.o
    0x08000438   0x08000438   0x00000028   Code   RO         3873    i.AddLedDeviceToManager  led.o
    0x08000460   0x08000460   0x000000c4   Code   RO         5243    i.AddOptionToManager  option.o
    0x08000524   0x08000524   0x0000000c   Code   RO         5088    i.AddRole           role_system.o
    0x08000530   0x08000530   0x00000040   Code   RO         4902    i.AddRoleToManager  role.o
    0x08000570   0x08000570   0x00000010   Code   RO          401    i.BKP_DeInit        stm32f10x_bkp.o
    0x08000580   0x08000580   0x0000000c   Code   RO         4584    i.BeepDeviceInit    beep.o
    0x0800058c   0x0800058c   0x00000014   Code   RO         4585    i.BeepDevicePWMCfg  beep.o
    0x080005a0   0x080005a0   0x0000000c   Code   RO         4586    i.BeepDevicePWMOff  beep.o
    0x080005ac   0x080005ac   0x0000000c   Code   RO         4587    i.BeepDevicePWMOn   beep.o
    0x080005b8   0x080005b8   0x0000004c   Code   RO         4620    i.BeepDeviceRegister  beep_device.o
    0x08000604   0x08000604   0x000000dc   Code   RO         4661    i.BeepSongDecode    decode.o
    0x080006e0   0x080006e0   0x0000002c   Code   RO         4662    i.BeepSongDecodeInit  decode.o
    0x0800070c   0x0800070c   0x0000002a   Code   RO         4663    i.BeepSongGetData   decode.o
    0x08000736   0x08000736   0x00000002   PAD
    0x08000738   0x08000738   0x00000068   Code   RO         4664    i.BeepSongNewFreqTable  decode.o
    0x080007a0   0x080007a0   0x00000044   Code   RO         3108    i.BoradInit         main.o
    0x080007e4   0x080007e4   0x00000004   Code   RO         3221    i.BusFault_Handler  stm32f10x_it.o
    0x080007e8   0x080007e8   0x00000068   Code   RO         4155    i.ButtonInputDeviceCallBack  button_input.o
    0x08000850   0x08000850   0x00000010   Code   RO         4156    i.ButtonInputInit   button_input.o
    0x08000860   0x08000860   0x00000034   Code   RO         4079    i.ButtonRegister    button_device.o
    0x08000894   0x08000894   0x00000008   Code   RO         4080    i.ButtonTimerInit   button_device.o
    0x0800089c   0x0800089c   0x00000014   Code   RO         3609    i.CAL_BeepDevicePWMCfg  cal_beep.o
    0x080008b0   0x080008b0   0x0000000c   Code   RO         3610    i.CAL_BeepDevicePWMOff  cal_beep.o
    0x080008bc   0x080008bc   0x0000000c   Code   RO         3611    i.CAL_BeepDevicePWMOn  cal_beep.o
    0x080008c8   0x080008c8   0x0000000c   Code   RO         3534    i.CAL_GPIOButtonInit  cal_button.o
    0x080008d4   0x080008d4   0x00000010   Code   RO         3582    i.CAL_GPIOI2CDevInit  cal_i2c.o
    0x080008e4   0x080008e4   0x00000012   Code   RO         3561    i.CAL_GPIOLedDevControl  cal_led.o
    0x080008f6   0x080008f6   0x0000000e   Code   RO         3562    i.CAL_GPIOLedDevInit  cal_led.o
    0x08000904   0x08000904   0x0000000e   Code   RO         3612    i.CAL_HardwareBeepDevInit  cal_beep.o
    0x08000912   0x08000912   0x00000010   Code   RO         3583    i.CAL_I2CDMACfg     cal_i2c.o
    0x08000922   0x08000922   0x0000000c   Code   RO         3584    i.CAL_I2CDMAEnable  cal_i2c.o
    0x0800092e   0x0800092e   0x00000008   Code   RO         3549    i.CAL_TimerInit     cal_timer.o
    0x08000936   0x08000936   0x0000003a   Code   RO         4855    i.ClearGraphBitMapOnFrameBuffer  show_graph.o
    0x08000970   0x08000970   0x00000034   Code   RO         4856    i.ClearGraphInDisplayDev  show_graph.o
    0x080009a4   0x080009a4   0x0000004c   Code   RO         4857    i.ClearInDisplayDev  show_graph.o
    0x080009f0   0x080009f0   0x00000034   Code   RO         4081    i.ConstrcutorButtonManage  button_device.o
    0x08000a24   0x08000a24   0x000000cc   Code   RO         5442    i.CoreProcss        message_manager.o
    0x08000af0   0x08000af0   0x00000010   Code   RO         3941    i.DHT11Init         dht11_device.o
    0x08000b00   0x08000b00   0x00000048   Code   RO         3942    i.DHT11ReceiveAck   dht11_device.o
    0x08000b48   0x08000b48   0x00000048   Code   RO         3943    i.DHT11ReceiveByte  dht11_device.o
    0x08000b90   0x08000b90   0x00000070   Code   RO         3944    i.DHT11ReceiveData  dht11_device.o
    0x08000c00   0x08000c00   0x00000030   Code   RO         3945    i.DHT11Start        dht11_device.o
    0x08000c30   0x08000c30   0x0000002c   Code   RO         4362    i.DMA1_Channel6_IRQHandler  oled_command.o
    0x08000c5c   0x08000c5c   0x0000001c   Code   RO          866    i.DMA_ClearFlag     stm32f10x_dma.o
    0x08000c78   0x08000c78   0x00000018   Code   RO          868    i.DMA_Cmd           stm32f10x_dma.o
    0x08000c90   0x08000c90   0x0000014c   Code   RO          869    i.DMA_DeInit        stm32f10x_dma.o
    0x08000ddc   0x08000ddc   0x0000002c   Code   RO          871    i.DMA_GetFlagStatus  stm32f10x_dma.o
    0x08000e08   0x08000e08   0x00000012   Code   RO          873    i.DMA_ITConfig      stm32f10x_dma.o
    0x08000e1a   0x08000e1a   0x0000003c   Code   RO          874    i.DMA_Init          stm32f10x_dma.o
    0x08000e56   0x08000e56   0x00000004   Code   RO          875    i.DMA_SetCurrDataCounter  stm32f10x_dma.o
    0x08000e5a   0x08000e5a   0x00000002   Code   RO         3222    i.DebugMon_Handler  stm32f10x_it.o
    0x08000e5c   0x08000e5c   0x00000014   Code   RO         5026    i.DefaultDinosaurCollisionEXCUTE  role_manager.o
    0x08000e70   0x08000e70   0x00000018   Code   RO         5089    i.DefaultDinosaurCollisionJUDGE  role_system.o
    0x08000e88   0x08000e88   0x00000018   Code   RO         5090    i.DefaultDinosaurJUMP  role_system.o
    0x08000ea0   0x08000ea0   0x00000034   Code   RO         5150    i.DefaultGameControl  game_system.o
    0x08000ed4   0x08000ed4   0x00000078   Code   RO         4767    i.DefaultPlayerControl  player_system.o
    0x08000f4c   0x08000f4c   0x0000002c   Code   RO         3484    i.Delay_10us        drive_delay.o
    0x08000f78   0x08000f78   0x00000016   Code   RO         3485    i.Delay_ms          drive_delay.o
    0x08000f8e   0x08000f8e   0x00000002   PAD
    0x08000f90   0x08000f90   0x00000224   Code   RO         5711    i.DisplayDevInit    displaydev_init.o
    0x080011b4   0x080011b4   0x00000018   Code   RO         4287    i.DisplayDevTimerFlushControl  display_device.o
    0x080011cc   0x080011cc   0x00000028   Code   RO         4288    i.DisplayDeviceRegister  display_device.o
    0x080011f4   0x080011f4   0x00000046   Code   RO         4531    i.DrawBitMapOnFrameBuffer  show_text.o
    0x0800123a   0x0800123a   0x00000046   Code   RO         4858    i.DrawGraphBitMapOnFrameBuffer  show_graph.o
    0x08001280   0x08001280   0x00000006   Code   RO         4571    i.EncodeStr         encode_str.o
    0x08001286   0x08001286   0x0000000a   Code   RO         5468    i.FKLPVisit         logic_control.o
    0x08001290   0x08001290   0x0000000a   Code   RO         5469    i.FKSPVisit         logic_control.o
    0x0800129a   0x0800129a   0x00000002   PAD
    0x0800129c   0x0800129c   0x0000001c   Code   RO         4476    i.FontLibRegister   fontlib_manager.o
    0x080012b8   0x080012b8   0x0000006c   Code   RO         5244    i.GAMEInfoOptionChooseFUN  option.o
    0x08001324   0x08001324   0x00000028   Code   RO         5245    i.GAMEInfoOptionEnterFUN  option.o
    0x0800134c   0x0800134c   0x0000006c   Code   RO         5246    i.GAMESetOptionChooseFUN  option.o
    0x080013b8   0x080013b8   0x00000028   Code   RO         5247    i.GAMESetOptionEnterFUN  option.o
    0x080013e0   0x080013e0   0x000000b8   Code   RO         5248    i.GAMEStartOptionChooseFUN  option.o
    0x08001498   0x08001498   0x00000024   Code   RO         5249    i.GAMEStartOptionEnterFUN  option.o
    0x080014bc   0x080014bc   0x0000000c   Code   RO         4082    i.GPIOButtonInit    button_device.o
    0x080014c8   0x080014c8   0x00000116   Code   RO         1292    i.GPIO_Init         stm32f10x_gpio.o
    0x080015de   0x080015de   0x00000012   Code   RO         1296    i.GPIO_ReadInputDataBit  stm32f10x_gpio.o
    0x080015f0   0x080015f0   0x0000000a   Code   RO         1303    i.GPIO_WriteBit     stm32f10x_gpio.o
    0x080015fa   0x080015fa   0x00000002   PAD
    0x080015fc   0x080015fc   0x000000d4   Code   RO         5250    i.GameChooseFUN     option.o
    0x080016d0   0x080016d0   0x00000028   Code   RO         5251    i.GameEnterFUN      option.o
    0x080016f8   0x080016f8   0x0000002c   Code   RO         5470    i.GameFirstKeyLongPressFun  logic_control.o
    0x08001724   0x08001724   0x00000064   Code   RO         5471    i.GameFirstKeyShortPressFun  logic_control.o
    0x08001788   0x08001788   0x00000048   Code   RO         5152    i.GameRunning       game_system.o
    0x080017d0   0x080017d0   0x0000002c   Code   RO         5472    i.GameSecondKeyLongPressFun  logic_control.o
    0x080017fc   0x080017fc   0x00000030   Code   RO         5473    i.GameSecondKeyShortPressFun  logic_control.o
    0x0800182c   0x0800182c   0x00000038   Code   RO         5153    i.GameShow          game_system.o
    0x08001864   0x08001864   0x00000064   Code   RO         5154    i.GameStop          game_system.o
    0x080018c8   0x080018c8   0x0000002c   Code   RO         5474    i.GameThirdKeyLongPressFun  logic_control.o
    0x080018f4   0x080018f4   0x00000030   Code   RO         5475    i.GameThirdKeyShortPressFun  logic_control.o
    0x08001924   0x08001924   0x000000a4   Code   RO         5155    i.GameThreadEntry   game_system.o
    0x080019c8   0x080019c8   0x00000014   Code   RO         5156    i.GameThreadInit    game_system.o
    0x080019dc   0x080019dc   0x0000007c   Code   RO         5370    i.GetBackOption     option_manager.o
    0x08001a58   0x08001a58   0x0000000c   Code   RO         4641    i.GetBeepDevice     beep_system.o
    0x08001a64   0x08001a64   0x0000001c   Code   RO         4665    i.GetBeepSongLen    decode.o
    0x08001a80   0x08001a80   0x00000016   Code   RO         4666    i.GetBeepSongName   decode.o
    0x08001a96   0x08001a96   0x0000000c   Code   RO         4321    i.GetDisplayDevice  display_system.o
    0x08001aa2   0x08001aa2   0x00000002   PAD
    0x08001aa4   0x08001aa4   0x0000004c   Code   RO         5371    i.GetEnterOption    option_manager.o
    0x08001af0   0x08001af0   0x00000018   Code   RO         4497    i.GetFontBitMap     fontlib_system.o
    0x08001b08   0x08001b08   0x0000000c   Code   RO         4498    i.GetFontLib        fontlib_system.o
    0x08001b14   0x08001b14   0x00000008   Code   RO         5157    i.GetGame           game_system.o
    0x08001b1c   0x08001b1c   0x00000046   Code   RO         4859    i.GetGraphPixelColorFromFrameBuffer  show_graph.o
    0x08001b62   0x08001b62   0x00000002   PAD
    0x08001b64   0x08001b64   0x00000098   Code   RO         3753    i.GetGregorianDay   convert.o
    0x08001bfc   0x08001bfc   0x0000000c   Code   RO         4030    i.GetI2CDevice      i2c_system.o
    0x08001c08   0x08001c08   0x00000060   Code   RO         4233    i.GetInputBuffer    input_buffer.o
    0x08001c68   0x08001c68   0x0000000c   Code   RO         3921    i.GetLedDevice      led_system.o
    0x08001c74   0x08001c74   0x00000080   Code   RO         5372    i.GetNextOption     option_manager.o
    0x08001cf4   0x08001cf4   0x0000001c   Code   RO         5211    i.GetNodeFirstChild  node_manager.o
    0x08001d10   0x08001d10   0x0000001c   Code   RO         5212    i.GetNodeParent     node_manager.o
    0x08001d2c   0x08001d2c   0x0000001c   Code   RO         5213    i.GetNodeRightSibling  node_manager.o
    0x08001d48   0x08001d48   0x000000dc   Code   RO         3754    i.GetNormalTime     convert.o
    0x08001e24   0x08001e24   0x00000038   Code   RO         4532    i.GetPixelColorFromFrameBuffer  show_text.o
    0x08001e5c   0x08001e5c   0x0000007c   Code   RO         3755    i.GetUnixTime       convert.o
    0x08001ed8   0x08001ed8   0x0000002c   Code   RO         5476    i.HandlerMenuMsg    logic_control.o
    0x08001f04   0x08001f04   0x0000003c   Code   RO         5477    i.HandlerPlayerMsg  logic_control.o
    0x08001f40   0x08001f40   0x00000100   Code   RO         5478    i.HandlerRTCMsg     logic_control.o
    0x08002040   0x08002040   0x00000004   Code   RO         3223    i.HardFault_Handler  stm32f10x_it.o
    0x08002044   0x08002044   0x0000009c   Code   RO         5252    i.HomeChooseFUN     option.o
    0x080020e0   0x080020e0   0x00000028   Code   RO         5253    i.HomeEnterFUN      option.o
    0x08002108   0x08002108   0x0000000c   Code   RO         3975    i.I2CDeviceDMACfg   i2c.o
    0x08002114   0x08002114   0x0000000c   Code   RO         3976    i.I2CDeviceDMAEnable  i2c.o
    0x08002120   0x08002120   0x0000000c   Code   RO         3977    i.I2CDeviceInit     i2c.o
    0x0800212c   0x0800212c   0x00000028   Code   RO         4006    i.I2CDeviceRegister  i2c_device.o
    0x08002154   0x08002154   0x0000002a   Code   RO         1403    i.I2C_CheckEvent    stm32f10x_i2c.o
    0x0800217e   0x0800217e   0x00000018   Code   RO         1406    i.I2C_Cmd           stm32f10x_i2c.o
    0x08002196   0x08002196   0x00000018   Code   RO         1407    i.I2C_DMACmd        stm32f10x_i2c.o
    0x080021ae   0x080021ae   0x00000018   Code   RO         1413    i.I2C_GenerateSTART  stm32f10x_i2c.o
    0x080021c6   0x080021c6   0x00000018   Code   RO         1414    i.I2C_GenerateSTOP  stm32f10x_i2c.o
    0x080021de   0x080021de   0x0000003a   Code   RO         1415    i.I2C_GetFlagStatus  stm32f10x_i2c.o
    0x08002218   0x08002218   0x000000ec   Code   RO         1420    i.I2C_Init          stm32f10x_i2c.o
    0x08002304   0x08002304   0x00000012   Code   RO         1427    i.I2C_Send7bitAddress  stm32f10x_i2c.o
    0x08002316   0x08002316   0x00000004   Code   RO         1428    i.I2C_SendData      stm32f10x_i2c.o
    0x0800231a   0x0800231a   0x00000002   PAD
    0x0800231c   0x0800231c   0x00000028   Code   RO         5027    i.IndicateLedClose  role_manager.o
    0x08002344   0x08002344   0x00000028   Code   RO         5028    i.IndicateLedOpen   role_manager.o
    0x0800236c   0x0800236c   0x00000030   Code   RO         5254    i.InfoChooseFUN     option.o
    0x0800239c   0x0800239c   0x00000024   Code   RO         5255    i.InfoEnterFUN      option.o
    0x080023c0   0x080023c0   0x00000008   Code   RO         4208    i.InitInputDevice   input_system.o
    0x080023c8   0x080023c8   0x00000020   Code   RO         5373    i.InitMenuOption    option_manager.o
    0x080023e8   0x080023e8   0x00000010   Code   RO         4180    i.InputDeviceRegister  input_device.o
    0x080023f8   0x080023f8   0x00000020   Code   RO         3720    i.KAL_BeepDevicePWMCfg  kal_beep.o
    0x08002418   0x08002418   0x0000000c   Code   RO         3721    i.KAL_BeepDevicePWMOff  kal_beep.o
    0x08002424   0x08002424   0x0000000c   Code   RO         3722    i.KAL_BeepDevicePWMOn  kal_beep.o
    0x08002430   0x08002430   0x0000000c   Code   RO         3642    i.KAL_GPIOButtonInit  kal_button.o
    0x0800243c   0x0800243c   0x0000000c   Code   RO         3693    i.KAL_GPIOI2CDevInit  kal_i2c.o
    0x08002448   0x08002448   0x00000010   Code   RO         3672    i.KAL_GPIOLedDevControl  kal_led.o
    0x08002458   0x08002458   0x0000000c   Code   RO         3673    i.KAL_GPIOLedDevInit  kal_led.o
    0x08002464   0x08002464   0x0000000c   Code   RO         3723    i.KAL_HardwareBeepDevInit  kal_beep.o
    0x08002470   0x08002470   0x0000000c   Code   RO         3694    i.KAL_I2CDMACfg     kal_i2c.o
    0x0800247c   0x0800247c   0x0000000c   Code   RO         3695    i.KAL_I2CDMAEnable  kal_i2c.o
    0x08002488   0x08002488   0x00000008   Code   RO         3657    i.KAL_TimerInit     kal_timer.o
    0x08002490   0x08002490   0x00000010   Code   RO         3874    i.LedDeviceControl  led.o
    0x080024a0   0x080024a0   0x0000000c   Code   RO         3875    i.LedDeviceInit     led.o
    0x080024ac   0x080024ac   0x00000028   Code   RO         3900    i.LedDeviceRegister  led_device.o
    0x080024d4   0x080024d4   0x0000020c   Code   RO         5479    i.LogicThreadEntry  logic_control.o
    0x080026e0   0x080026e0   0x00000084   Code   RO         5480    i.LogicThreadInit   logic_control.o
    0x08002764   0x08002764   0x00000004   Code   RO         3224    i.MemManage_Handler  stm32f10x_it.o
    0x08002768   0x08002768   0x00000030   Code   RO         5481    i.MenuFirstKeyLongPressFun  logic_control.o
    0x08002798   0x08002798   0x00000030   Code   RO         5482    i.MenuFirstKeyShortPressFun  logic_control.o
    0x080027c8   0x080027c8   0x0000000c   Code   RO         5374    i.MenuPublish       option_manager.o
    0x080027d4   0x080027d4   0x00000030   Code   RO         5483    i.MenuSecondKeyLongPressFun  logic_control.o
    0x08002804   0x08002804   0x00000030   Code   RO         5484    i.MenuSecondKeyShortPressFun  logic_control.o
    0x08002834   0x08002834   0x00000030   Code   RO         5485    i.MenuThirdKeyLongPressFun  logic_control.o
    0x08002864   0x08002864   0x00000030   Code   RO         5486    i.MenuThirdKeyShortPressFun  logic_control.o
    0x08002894   0x08002894   0x0000006c   Code   RO         5375    i.MenuThreadEntry   option_manager.o
    0x08002900   0x08002900   0x00000030   Code   RO         5376    i.MenuThreadInit    option_manager.o
    0x08002930   0x08002930   0x00000002   Code   RO         3225    i.NMI_Handler       stm32f10x_it.o
    0x08002932   0x08002932   0x00000028   Code   RO         3347    i.NVIC_Configuration  drive_usart.o
    0x0800295a   0x0800295a   0x00000002   PAD
    0x0800295c   0x0800295c   0x00000070   Code   RO          137    i.NVIC_Init         misc.o
    0x080029cc   0x080029cc   0x00000014   Code   RO          138    i.NVIC_PriorityGroupConfig  misc.o
    0x080029e0   0x080029e0   0x00000018   Code   RO         5214    i.NodeRegisterToTREE  node_manager.o
    0x080029f8   0x080029f8   0x0000008c   Code   RO         4363    i.OLEDByteSend      oled_command.o
    0x08002a84   0x08002a84   0x0000000e   Code   RO         4364    i.OLEDCommandSend   oled_command.o
    0x08002a92   0x08002a92   0x0000000e   Code   RO         4365    i.OLEDDataSend      oled_command.o
    0x08002aa0   0x08002aa0   0x0000000a   Code   RO         4254    i.OLEDDeviceFlush   oled.o
    0x08002aaa   0x08002aaa   0x0000000e   Code   RO         4255    i.OLEDDeviceInit    oled.o
    0x08002ab8   0x08002ab8   0x00000078   Code   RO         4256    i.OLEDDeviceSetPixel  oled.o
    0x08002b30   0x08002b30   0x00000030   Code   RO         4366    i.OLEDInfDevInit    oled_command.o
    0x08002b60   0x08002b60   0x00000038   Code   RO         5377    i.OptionControl     option_manager.o
    0x08002b98   0x08002b98   0x00000028   Code   RO         5378    i.OptionRegister    option_manager.o
    0x08002bc0   0x08002bc0   0x0000000c   Code   RO         1646    i.PWR_BackupAccessCmd  stm32f10x_pwr.o
    0x08002bcc   0x08002bcc   0x00000020   Code   RO         4768    i.PlayerAddSong     player_system.o
    0x08002bec   0x08002bec   0x000000d4   Code   RO         5256    i.PlayerChooseFUN   option.o
    0x08002cc0   0x08002cc0   0x0000005a   Code   RO         4769    i.PlayerControl     player_system.o
    0x08002d1a   0x08002d1a   0x00000002   PAD
    0x08002d1c   0x08002d1c   0x00000070   Code   RO         5257    i.PlayerEnterFUN    option.o
    0x08002d8c   0x08002d8c   0x0000004c   Code   RO         5487    i.PlayerFirstKeyLongPressFun  logic_control.o
    0x08002dd8   0x08002dd8   0x00000038   Code   RO         5488    i.PlayerFirstKeyShortPressFun  logic_control.o
    0x08002e10   0x08002e10   0x000000b4   Code   RO         4707    i.PlayerInit        player.o
    0x08002ec4   0x08002ec4   0x00000042   Code   RO         4770    i.PlayerLast        player_system.o
    0x08002f06   0x08002f06   0x00000044   Code   RO         4771    i.PlayerNext        player_system.o
    0x08002f4a   0x08002f4a   0x0000000e   Code   RO         4772    i.PlayerPlay        player_system.o
    0x08002f58   0x08002f58   0x0000000c   Code   RO         4773    i.PlayerPublish     player_system.o
    0x08002f64   0x08002f64   0x00000070   Code   RO         5489    i.PlayerSecondKeyLongPressFun  logic_control.o
    0x08002fd4   0x08002fd4   0x0000006c   Code   RO         5490    i.PlayerSecondKeyShortPressFun  logic_control.o
    0x08003040   0x08003040   0x0000010c   Code   RO         4774    i.PlayerShow        player_system.o
    0x0800314c   0x0800314c   0x00000068   Code   RO         4775    i.PlayerStart       player_system.o
    0x080031b4   0x080031b4   0x00000010   Code   RO         4776    i.PlayerStop        player_system.o
    0x080031c4   0x080031c4   0x0000004c   Code   RO         5491    i.PlayerThirdKeyLongPressFun  logic_control.o
    0x08003210   0x08003210   0x00000038   Code   RO         5492    i.PlayerThirdKeyShortPressFun  logic_control.o
    0x08003248   0x08003248   0x000000f0   Code   RO         4777    i.PlayerThreadEntry  player_system.o
    0x08003338   0x08003338   0x00000044   Code   RO         4778    i.PlayerThreadInit  player_system.o
    0x0800337c   0x0800337c   0x00000054   Code   RO         4234    i.PutInputBuffer    input_buffer.o
    0x080033d0   0x080033d0   0x00000020   Code   RO         1707    i.RCC_AHBPeriphClockCmd  stm32f10x_rcc.o
    0x080033f0   0x080033f0   0x00000020   Code   RO         1708    i.RCC_APB1PeriphClockCmd  stm32f10x_rcc.o
    0x08003410   0x08003410   0x00000020   Code   RO         1710    i.RCC_APB2PeriphClockCmd  stm32f10x_rcc.o
    0x08003430   0x08003430   0x0000000c   Code   RO         1713    i.RCC_BackupResetCmd  stm32f10x_rcc.o
    0x0800343c   0x0800343c   0x000000d4   Code   RO         1718    i.RCC_GetClocksFreq  stm32f10x_rcc.o
    0x08003510   0x08003510   0x0000003c   Code   RO         1719    i.RCC_GetFlagStatus  stm32f10x_rcc.o
    0x0800354c   0x0800354c   0x0000000c   Code   RO         1727    i.RCC_LSICmd        stm32f10x_rcc.o
    0x08003558   0x08003558   0x0000000c   Code   RO         1733    i.RCC_RTCCLKCmd     stm32f10x_rcc.o
    0x08003564   0x08003564   0x00000010   Code   RO         1734    i.RCC_RTCCLKConfig  stm32f10x_rcc.o
    0x08003574   0x08003574   0x00000028   Code   RO         3829    i.RTCInit           rtc_system.o
    0x0800359c   0x0800359c   0x00000014   Code   RO         3792    i.RTCNormalTime     rtc_device.o
    0x080035b0   0x080035b0   0x0000000c   Code   RO         3830    i.RTCPublish        rtc_system.o
    0x080035bc   0x080035bc   0x00000030   Code   RO         3831    i.RTCThreadInit     rtc_system.o
    0x080035ec   0x080035ec   0x0000001e   Code   RO         3793    i.RTCTimeStamp      rtc_device.o
    0x0800360a   0x0800360a   0x00000002   PAD
    0x0800360c   0x0800360c   0x00000010   Code   RO         1907    i.RTC_ClearITPendingBit  stm32f10x_rtc.o
    0x0800361c   0x0800361c   0x00000014   Code   RO         1908    i.RTC_EnterConfigMode  stm32f10x_rtc.o
    0x08003630   0x08003630   0x00000014   Code   RO         1909    i.RTC_ExitConfigMode  stm32f10x_rtc.o
    0x08003644   0x08003644   0x00000014   Code   RO         1910    i.RTC_GetCounter    stm32f10x_rtc.o
    0x08003658   0x08003658   0x00000024   Code   RO         1913    i.RTC_GetITStatus   stm32f10x_rtc.o
    0x0800367c   0x0800367c   0x00000030   Code   RO         3832    i.RTC_IRQHandler    rtc_system.o
    0x080036ac   0x080036ac   0x00000020   Code   RO         1914    i.RTC_ITConfig      stm32f10x_rtc.o
    0x080036cc   0x080036cc   0x0000001c   Code   RO         1916    i.RTC_SetCounter    stm32f10x_rtc.o
    0x080036e8   0x080036e8   0x00000020   Code   RO         1917    i.RTC_SetPrescaler  stm32f10x_rtc.o
    0x08003708   0x08003708   0x00000014   Code   RO         1918    i.RTC_WaitForLastTask  stm32f10x_rtc.o
    0x0800371c   0x0800371c   0x00000024   Code   RO         1919    i.RTC_WaitForSynchro  stm32f10x_rtc.o
    0x08003740   0x08003740   0x0000000c   Code   RO         5091    i.RecoverSpeedIndex  role_system.o
    0x0800374c   0x0800374c   0x000000c4   Code   RO         5443    i.RegisterMessage   message_manager.o
    0x08003810   0x08003810   0x000000f8   Code   RO         5444    i.RegisterSubscriber  message_manager.o
    0x08003908   0x08003908   0x00000058   Code   RO         5029    i.RoleRegister      role_manager.o
    0x08003960   0x08003960   0x00000020   Code   RO         3516    i.RtcNvicConfig     drive_rtc.o
    0x08003980   0x08003980   0x00000008   Code   RO         3794    i.RtcNvicInit       rtc_device.o
    0x08003988   0x08003988   0x00000060   Code   RO         3517    i.RtcPeripheralConfig  drive_rtc.o
    0x080039e8   0x080039e8   0x0000000a   Code   RO         5493    i.SKLPVisit         logic_control.o
    0x080039f2   0x080039f2   0x0000000a   Code   RO         5494    i.SKSPVisit         logic_control.o
    0x080039fc   0x080039fc   0x0000006a   Code   RO         3457    i.STD_BeepDevicePWMCfg  drive_pwm.o
    0x08003a66   0x08003a66   0x00000012   Code   RO         3458    i.STD_BeepDevicePWMOff  drive_pwm.o
    0x08003a78   0x08003a78   0x0000002a   Code   RO         3278    i.STD_DHT11GpioConfigure  drive_gpio.o
    0x08003aa2   0x08003aa2   0x0000002a   Code   RO         3459    i.STD_GPIOBeepDevConfig  drive_pwm.o
    0x08003acc   0x08003acc   0x0000002c   Code   RO         3279    i.STD_GPIOButtonConfig  drive_gpio.o
    0x08003af8   0x08003af8   0x0000007c   Code   RO         3430    i.STD_GPIOI2CDevConfig  drive_i2c.o
    0x08003b74   0x08003b74   0x0000002a   Code   RO         3280    i.STD_GPIOLedDevConfig  drive_gpio.o
    0x08003b9e   0x08003b9e   0x00000022   Code   RO         3281    i.STD_GPIOLedDevControl  drive_gpio.o
    0x08003bc0   0x08003bc0   0x00000070   Code   RO         3431    i.STD_I2CDMACfg     drive_i2c.o
    0x08003c30   0x08003c30   0x00000020   Code   RO         3432    i.STD_I2CDMAEnable  drive_i2c.o
    0x08003c50   0x08003c50   0x00000064   Code   RO         3308    i.STD_Timer3Config  drive_timer.o
    0x08003cb4   0x08003cb4   0x00000068   Code   RO         3309    i.STD_TimerConfig   drive_timer.o
    0x08003d1c   0x08003d1c   0x00000002   Code   RO         3226    i.SVC_Handler       stm32f10x_it.o
    0x08003d1e   0x08003d1e   0x00000002   PAD
    0x08003d20   0x08003d20   0x0000000c   Code   RO         4051    i.SetButtonInputDeviceCallBack  button.o
    0x08003d2c   0x08003d2c   0x00000030   Code   RO         5258    i.SetChooseFUN      option.o
    0x08003d5c   0x08003d5c   0x00000080   Code   RO         4322    i.SetDefaultDisplayDev  display_system.o
    0x08003ddc   0x08003ddc   0x0000006c   Code   RO         4499    i.SetDefaultFontLib  fontlib_system.o
    0x08003e48   0x08003e48   0x00000038   Code   RO         5092    i.SetDefaultPLAYERDinosaur  role_system.o
    0x08003e80   0x08003e80   0x00000028   Code   RO         5259    i.SetEnterFUN       option.o
    0x08003ea8   0x08003ea8   0x00000008   Code   RO           24    i.SetSysClock       system_stm32f10x.o
    0x08003eb0   0x08003eb0   0x000000e0   Code   RO           25    i.SetSysClockTo72   system_stm32f10x.o
    0x08003f90   0x08003f90   0x0000000c   Code   RO         3310    i.SetTimerProcessFunction  drive_timer.o
    0x08003f9c   0x08003f9c   0x00000026   Code   RO         4860    i.ShowGraphInDisplayDev  show_graph.o
    0x08003fc2   0x08003fc2   0x00000002   PAD
    0x08003fc4   0x08003fc4   0x00000050   Code   RO         4533    i.ShowNumberInDisplayDev  show_text.o
    0x08004014   0x08004014   0x0000004a   Code   RO         4534    i.ShowTextInDisplayDev  show_text.o
    0x0800405e   0x0800405e   0x00000010   Code   RO         5495    i.SubscribeMsg      logic_control.o
    0x0800406e   0x0800406e   0x00000002   PAD
    0x08004070   0x08004070   0x00000014   Code   RO         3227    i.SysTick_Handler   stm32f10x_it.o
    0x08004084   0x08004084   0x00000060   Code   RO           27    i.SystemInit        system_stm32f10x.o
    0x080040e4   0x080040e4   0x00000038   Code   RO         3311    i.TIM2_IRQHandler   drive_timer.o
    0x0800411c   0x0800411c   0x00000020   Code   RO         3312    i.TIM3_IRQHandler   drive_timer.o
    0x0800413c   0x0800413c   0x00000006   Code   RO         2337    i.TIM_ClearITPendingBit  stm32f10x_tim.o
    0x08004142   0x08004142   0x00000018   Code   RO         2342    i.TIM_Cmd           stm32f10x_tim.o
    0x0800415a   0x0800415a   0x00000022   Code   RO         2363    i.TIM_GetITStatus   stm32f10x_tim.o
    0x0800417c   0x0800417c   0x00000012   Code   RO         2367    i.TIM_ITConfig      stm32f10x_tim.o
    0x0800418e   0x0800418e   0x00000002   PAD
    0x08004190   0x08004190   0x000000a0   Code   RO         2381    i.TIM_OC3Init       stm32f10x_tim.o
    0x08004230   0x08004230   0x00000012   Code   RO         2384    i.TIM_OC3PreloadConfig  stm32f10x_tim.o
    0x08004242   0x08004242   0x00000002   PAD
    0x08004244   0x08004244   0x000000a4   Code   RO         2413    i.TIM_TimeBaseInit  stm32f10x_tim.o
    0x080042e8   0x080042e8   0x0000000a   Code   RO         5496    i.TKLPVisit         logic_control.o
    0x080042f2   0x080042f2   0x0000000a   Code   RO         5497    i.TKSPVisit         logic_control.o
    0x080042fc   0x080042fc   0x000000d4   Code   RO         5260    i.TempatureChooseFUN  option.o
    0x080043d0   0x080043d0   0x00000108   Code   RO         5261    i.TempatureEnterFUN  option.o
    0x080044d8   0x080044d8   0x00000024   Code   RO         4323    i.TimerFlushDisplayDev  display_system.o
    0x080044fc   0x080044fc   0x00000018   Code   RO         3486    i.TimingDelay_Decrement  drive_delay.o
    0x08004514   0x08004514   0x0000001c   Code   RO         3348    i.USART1_IRQHandler  drive_usart.o
    0x08004530   0x08004530   0x00000018   Code   RO         2878    i.USART_Cmd         stm32f10x_usart.o
    0x08004548   0x08004548   0x00000090   Code   RO         3349    i.USART_Config      drive_usart.o
    0x080045d8   0x080045d8   0x0000001a   Code   RO         2881    i.USART_GetFlagStatus  stm32f10x_usart.o
    0x080045f2   0x080045f2   0x0000004a   Code   RO         2884    i.USART_ITConfig    stm32f10x_usart.o
    0x0800463c   0x0800463c   0x000000d8   Code   RO         2885    i.USART_Init        stm32f10x_usart.o
    0x08004714   0x08004714   0x0000000a   Code   RO         2892    i.USART_ReceiveData  stm32f10x_usart.o
    0x0800471e   0x0800471e   0x00000008   Code   RO         2895    i.USART_SendData    stm32f10x_usart.o
    0x08004726   0x08004726   0x00000004   Code   RO         3228    i.UsageFault_Handler  stm32f10x_it.o
    0x0800472a   0x0800472a   0x00000002   PAD
    0x0800472c   0x0800472c   0x00000078   Code   RO         5695    i.UsartInit         usart_init.o
    0x080047a4   0x080047a4   0x0000001e   Code   RO         3350    i.Usart_SendByte    drive_usart.o
    0x080047c2   0x080047c2   0x0000002a   Code   RO         3351    i.Usart_SendString  drive_usart.o
    0x080047ec   0x080047ec   0x00000020   Code   RO         6022    i.__0printf$3       mc_w.l(printf3.o)
    0x0800480c   0x0800480c   0x00000028   Code   RO         4083    i.__ButtonDevcieManagerInit  button_device.o
    0x08004834   0x08004834   0x00000014   Code   RO         4289    i.__DisplayDevTimerFlushControl  display_device.o
    0x08004848   0x08004848   0x00000064   Code   RO         4621    i.__GetBeepDevice   beep_device.o
    0x080048ac   0x080048ac   0x00000030   Code   RO         4290    i.__GetDisplayDevice  display_device.o
    0x080048dc   0x080048dc   0x00000030   Code   RO         4477    i.__GetFontLib      fontlib_manager.o
    0x0800490c   0x0800490c   0x00000030   Code   RO         5130    i.__GetGame         game.o
    0x0800493c   0x0800493c   0x00000030   Code   RO         5030    i.__GetGameRole     role_manager.o
    0x0800496c   0x0800496c   0x00000030   Code   RO         4007    i.__GetI2CDevice    i2c_device.o
    0x0800499c   0x0800499c   0x00000030   Code   RO         3901    i.__GetLedDevice    led_device.o
    0x080049cc   0x080049cc   0x00000064   Code   RO         5379    i.__GetOption       option_manager.o
    0x08004a30   0x08004a30   0x00000018   Code   RO         4182    i.__InitInputDevice  input_device.o
    0x08004a48   0x08004a48   0x0000000e   Code   RO         6289    i.__scatterload_copy  mc_w.l(handlers.o)
    0x08004a56   0x08004a56   0x00000002   Code   RO         6290    i.__scatterload_null  mc_w.l(handlers.o)
    0x08004a58   0x08004a58   0x0000000e   Code   RO         6291    i.__scatterload_zeroinit  mc_w.l(handlers.o)
    0x08004a66   0x08004a66   0x00000002   PAD
    0x08004a68   0x08004a68   0x000001b8   Code   RO         6029    i._printf_core      mc_w.l(printf3.o)
    0x08004c20   0x08004c20   0x00000028   Code   RO         4708    i.audio_close       player.o
    0x08004c48   0x08004c48   0x00000030   Code   RO         4709    i.audio_control     player.o
    0x08004c78   0x08004c78   0x00000030   Code   RO         4710    i.audio_init        player.o
    0x08004ca8   0x08004ca8   0x00000018   Code   RO         4711    i.audio_open        player.o
    0x08004cc0   0x08004cc0   0x0000005c   Code   RO         4712    i.audio_write       player.o
    0x08004d1c   0x08004d1c   0x00000018   Code   RO         4052    i.button_cb         button.o
    0x08004d34   0x08004d34   0x0000001c   Code   RO         4903    i.clear_cactus      role.o
    0x08004d50   0x08004d50   0x0000001c   Code   RO         4904    i.clear_cloud       role.o
    0x08004d6c   0x08004d6c   0x0000001c   Code   RO         4905    i.clear_dinosaur    role.o
    0x08004d88   0x08004d88   0x00000006   Code   RO         4906    i.clear_ground      role.o
    0x08004d8e   0x08004d8e   0x00000038   Code   RO         4907    i.control_dinosaur  role.o
    0x08004dc6   0x08004dc6   0x00000024   Code   RO         4713    i.decode_control    player.o
    0x08004dea   0x08004dea   0x0000000a   Code   RO         4714    i.decode_init       player.o
    0x08004df4   0x08004df4   0x0000001c   Code   RO         4715    i.decode_read       player.o
    0x08004e10   0x08004e10   0x00000018   Code   RO         3487    i.delay             drive_delay.o
    0x08004e28   0x08004e28   0x0000001c   Code   RO         4908    i.excute_cactus1    role.o
    0x08004e44   0x08004e44   0x0000001c   Code   RO         4909    i.excute_cactus2    role.o
    0x08004e60   0x08004e60   0x0000001c   Code   RO         4910    i.excute_cloud      role.o
    0x08004e7c   0x08004e7c   0x0000001c   Code   RO         4911    i.excute_dinosaur   role.o
    0x08004e98   0x08004e98   0x0000001c   Code   RO         4912    i.excute_ground     role.o
    0x08004eb4   0x08004eb4   0x00000060   Code   RO         5031    i.excute_item       role_manager.o
    0x08004f14   0x08004f14   0x00000018   Code   RO         3353    i.fputc             drive_usart.o
    0x08004f2c   0x08004f2c   0x0000001c   Code   RO         4913    i.load_cactus       role.o
    0x08004f48   0x08004f48   0x0000001c   Code   RO         4914    i.load_cloud        role.o
    0x08004f64   0x08004f64   0x0000001c   Code   RO         4915    i.load_dinosaur     role.o
    0x08004f80   0x08004f80   0x0000001c   Code   RO         4916    i.load_ground       role.o
    0x08004f9c   0x08004f9c   0x000000dc   Code   RO         3109    i.main              main.o
    0x08005078   0x08005078   0x0000006c   Code   RO         6195    i.malloc            mc_w.l(malloc.o)
    0x080050e4   0x080050e4   0x00000060   Code   RO         4917    i.move_cactus1      role.o
    0x08005144   0x08005144   0x00000060   Code   RO         4918    i.move_cactus2      role.o
    0x080051a4   0x080051a4   0x00000040   Code   RO         4919    i.move_cloud        role.o
    0x080051e4   0x080051e4   0x0000009c   Code   RO         4920    i.move_dinosaur     role.o
    0x08005280   0x08005280   0x00000022   Code   RO         4921    i.move_ground       role.o
    0x080052a2   0x080052a2   0x00000002   PAD
    0x080052a4   0x080052a4   0x00000180   Code   RO         4085    i.my_button_scan    button_device.o
    0x08005424   0x08005424   0x0000001e   Code   RO         4368    i.oled_clear        oled_command.o
    0x08005442   0x08005442   0x00000002   PAD
    0x08005444   0x08005444   0x0000009c   Code   RO         4370    i.oled_gram_refresh_dma  oled_command.o
    0x080054e0   0x080054e0   0x000000f0   Code   RO         4372    i.oled_init         oled_command.o
    0x080055d0   0x080055d0   0x00000026   Code   RO         4373    i.oled_setcursor    oled_command.o
    0x080055f6   0x080055f6   0x00000010   Code   RO         4922    i.recover_data      role.o
    0x08005606   0x08005606   0x00000024   Code   RO         5032    i.recover_item      role_manager.o
    0x0800562a   0x0800562a   0x00000026   Code   RO         4535    i.reverse           show_text.o
    0x08005650   0x08005650   0x0000000a   Code   RO         3403    i.ring_buffer_init  ring_buffer.o
    0x0800565a   0x0800565a   0x00000022   Code   RO         3405    i.ring_buffer_write  ring_buffer.o
    0x0800567c   0x0800567c   0x00000040   Code   RO         5638    i.rt_hw_stack_init  cpuport.o
    0x080056bc   0x080056bc   0x00000020   Code   RO         5653    i.rt_schedule       scheduler.o
    0x080056dc   0x080056dc   0x0000000c   Code   RO         5654    i.rt_system_scheduler_init  scheduler.o
    0x080056e8   0x080056e8   0x00000018   Code   RO         5655    i.rt_system_scheduler_start  scheduler.o
    0x08005700   0x08005700   0x00000040   Code   RO         5680    i.rt_thread_init    thread.o
    0x08005740   0x08005740   0x00000026   Code   RO         5033    i.traversal_excute_item  role_manager.o
    0x08005766   0x08005766   0x0000002e   Code   RO         5034    i.traversal_recover_item  role_manager.o
    0x08005794   0x08005794   0x00000030   Data   RO         3756    .constdata          convert.o
    0x080057c4   0x080057c4   0x00000800   Data   RO         4448    .constdata          ascii_fontlib.o
    0x08005fc4   0x08005fc4   0x00000068   Data   RO         4668    .constdata          decode.o
    0x0800602c   0x0800602c   0x00000a5a   Data   RO         4717    .constdata          player.o
    0x08006a86   0x08006a86   0x000012a4   Data   RO         4894    .constdata          graph_data.o
    0x08007d2a   0x08007d2a   0x00000002   PAD
    0x08007d2c   0x08007d2c   0x0000000a   Data   RO         3835    .conststring        rtc_system.o
    0x08007d36   0x08007d36   0x00000002   PAD
    0x08007d38   0x08007d38   0x00000007   Data   RO         4157    .conststring        button_input.o
    0x08007d3f   0x08007d3f   0x00000001   PAD
    0x08007d40   0x08007d40   0x0000000d   Data   RO         4779    .conststring        player_system.o
    0x08007d4d   0x08007d4d   0x00000003   PAD
    0x08007d50   0x08007d50   0x00000031   Data   RO         4923    .conststring        role.o
    0x08007d81   0x08007d81   0x00000003   PAD
    0x08007d84   0x08007d84   0x0000000b   Data   RO         5381    .conststring        option_manager.o
    0x08007d8f   0x08007d8f   0x00000001   PAD
    0x08007d90   0x08007d90   0x00000020   Data   RO         6287    Region$$Table       anon$$obj.o


    Execution Region RW_IRAM1 (Exec base: 0x20000000, Load base: 0x08007db0, Size: 0x000037b8, Max: 0x00005000, ABSOLUTE, COMPRESSED[0x000002e4])

    Exec Addr    Load Addr    Size         Type   Attr      Idx    E Section Name        Object

    0x20000000   COMPRESSED   0x00000014   Data   RW         1738    .data               stm32f10x_rcc.o
    0x20000014   COMPRESSED   0x00000004   Data   RW         3313    .data               drive_timer.o
    0x20000018   COMPRESSED   0x00000004   Data   RW         3488    .data               drive_delay.o
    0x2000001c   COMPRESSED   0x00000030   Data   RW         3757    .data               convert.o
    0x2000004c   COMPRESSED   0x0000000c   Data   RW         3836    .data               rtc_system.o
    0x20000058   COMPRESSED   0x00000030   Data   RW         3876    .data               led.o
    0x20000088   COMPRESSED   0x0000002c   Data   RW         3978    .data               i2c.o
    0x200000b4   COMPRESSED   0x00000058   Data   RW         4053    .data               button.o
    0x2000010c   COMPRESSED   0x00000004   Data   RW         4087    .data               button_device.o
    0x20000110   COMPRESSED   0x00000014   Data   RW         4158    .data               button_input.o
    0x20000124   COMPRESSED   0x00000004   Data   RW         4183    .data               input_device.o
    0x20000128   COMPRESSED   0x00000024   Data   RW         4258    .data               oled.o
    0x2000014c   COMPRESSED   0x00000014   Data   RW         4291    .data               display_device.o
    0x20000160   COMPRESSED   0x00000008   Data   RW         4325    .data               display_system.o
    0x20000168   COMPRESSED   0x00000008   Data   RW         4374    .data               oled_command.o
    0x20000170   COMPRESSED   0x00000014   Data   RW         4449    .data               ascii_fontlib.o
    0x20000184   COMPRESSED   0x00000004   Data   RW         4500    .data               fontlib_system.o
    0x20000188   COMPRESSED   0x00000020   Data   RW         4588    .data               beep.o
    0x200001a8   COMPRESSED   0x0000000c   Data   RW         4718    .data               player.o
    0x200001b4   COMPRESSED   0x00000018   Data   RW         4780    .data               player_system.o
    0x200001cc   COMPRESSED   0x00000080   Data   RW         4895    .data               graph_data.o
    0x2000024c   COMPRESSED   0x000001c0   Data   RW         4924    .data               role.o
    0x2000040c   COMPRESSED   0x00000048   Data   RW         5035    .data               role_manager.o
    0x20000454   COMPRESSED   0x00000004   Data   RW         5093    .data               role_system.o
    0x20000458   COMPRESSED   0x00000004   Data   RW         5132    .data               game.o
    0x2000045c   COMPRESSED   0x00000044   Data   RW         5158    .data               game_system.o
    0x200004a0   COMPRESSED   0x000002b4   Data   RW         5262    .data               option.o
    0x20000754   COMPRESSED   0x00000018   Data   RW         5382    .data               option_manager.o
    0x2000076c   COMPRESSED   0x000000a4   Data   RW         5499    .data               logic_control.o
    0x20000810   COMPRESSED   0x0000000c   Data   RW         5639    .data               cpuport.o
    0x2000081c   COMPRESSED   0x00000008   Data   RW         5656    .data               scheduler.o
    0x20000824   COMPRESSED   0x00000004   Data   RW         5712    .data               displaydev_init.o
    0x20000828   COMPRESSED   0x00000004   Data   RW         5925    .data               mc_w.l(rand.o)
    0x2000082c   COMPRESSED   0x00000004   Data   RW         6241    .data               mc_w.l(stdout.o)
    0x20000830   COMPRESSED   0x00000004   Data   RW         6246    .data               mc_w.l(mvars.o)
    0x20000834   COMPRESSED   0x00000004   Data   RW         6247    .data               mc_w.l(mvars.o)
    0x20000838        -       0x00000880   Zero   RW         3110    .bss                main.o
    0x200010b8        -       0x00000408   Zero   RW         3354    .bss                drive_usart.o
    0x200014c0        -       0x0000001c   Zero   RW         3834    .bss                rtc_system.o
    0x200014dc        -       0x00000018   Zero   RW         3902    .bss                led_device.o
    0x200014f4        -       0x0000000c   Zero   RW         4008    .bss                i2c_device.o
    0x20001500        -       0x00000030   Zero   RW         4086    .bss                button_device.o
    0x20001530        -       0x000001c0   Zero   RW         4235    .bss                input_buffer.o
    0x200016f0        -       0x00001000   Zero   RW         4257    .bss                oled.o
    0x200026f0        -       0x00000014   Zero   RW         4478    .bss                fontlib_manager.o
    0x20002704        -       0x00000014   Zero   RW         4536    .bss                show_text.o
    0x20002718        -       0x0000000c   Zero   RW         4622    .bss                beep_device.o
    0x20002724        -       0x00000030   Zero   RW         4667    .bss                decode.o
    0x20002754        -       0x00000068   Zero   RW         4716    .bss                player.o
    0x200027bc        -       0x00000014   Zero   RW         5131    .bss                game.o
    0x200027d0        -       0x00000054   Zero   RW         5215    .bss                node_manager.o
    0x20002824        -       0x00000054   Zero   RW         5380    .bss                option_manager.o
    0x20002878        -       0x00000120   Zero   RW         5445    .bss                message_manager.o
    0x20002998        -       0x0000001c   Zero   RW         5498    .bss                logic_control.o
    0x200029b4   COMPRESSED   0x00000004   PAD
    0x200029b8        -       0x00000200   Zero   RW            2    HEAP                startup_stm32f10x_md.o
    0x20002bb8        -       0x00000c00   Zero   RW            1    STACK               startup_stm32f10x_md.o


==============================================================================

Image component sizes


      Code (inc. data)   RO Data    RW Data    ZI Data      Debug   Object Name

       122         18       2048         20          0       3247   ascii_fontlib.o
        88         14          0         32          0       3032   beep.o
       176         74          0          0         12       2015   beep_device.o
        20          0          0          0          0        988   beep_system.o
       100         46          0         88          0       2568   button.o
       548         30          0          4         48       4150   button_device.o
       136         34          7         20          0       1707   button_input.o
        12          0          0          0          0        470   button_system.o
        58          0          0          0          0       3082   cal_beep.o
        12          0          0          0          0        509   cal_button.o
        44          0          0          0          0       2536   cal_i2c.o
        32          0          0          0          0       1917   cal_led.o
         8          0          0          0          0        436   cal_timer.o
       176         22          0          0          0        628   context_rvds.o
       496         18         48         48          0       3090   convert.o
         0          0          0          0          0       4508   core_cm3.o
        64          6          0         12          0       1765   cpuport.o
       460         44        104          0         48       5190   decode.o
       320         46          0          0          0       2647   dht11_device.o
       132         18          0         20          0       3293   display_device.o
       184         92          0          8          0       2383   display_system.o
       548        146          0          4          0       1107   displaydev_init.o
       114         14          0          4          0       2148   drive_delay.o
       162          6          0          0          0       2359   drive_gpio.o
       268         10          0          0          0       2102   drive_i2c.o
       166          0          0          0          0       1902   drive_pwm.o
       128          0          0          0          0        998   drive_rtc.o
       304         26          0          4          0       2771   drive_timer.o
       308         22          0          0       1032       4360   drive_usart.o
         6          0          0          0          0        508   encode_str.o
        76          8          0          0         20       1957   fontlib_manager.o
       152         74          0          4          0       2282   fontlib_system.o
        48         12          0          4         20        710   game.o
       472         96          0         68          0       4030   game_system.o
         0          0       4772        128          0       1359   graph_data.o
        60         12          0         44          0       2499   i2c.o
        88         10          0          0         12       2621   i2c_device.o
        20          0          0          0          0        978   i2c_system.o
       180         12          0          0        448       1762   input_buffer.o
        40          8          0          4          0       1538   input_device.o
        16          0          0          0          0        907   input_system.o
        68          4          0          0          0       2482   kal_beep.o
        12          0          0          0          0        509   kal_button.o
        36          0          0          0          0       1804   kal_i2c.o
        28          0          0          0          0       1385   kal_led.o
         8          0          0          0          0        436   kal_timer.o
        68         20          0         48          0       2192   led.o
        88         10          0          0         24       1957   led_device.o
        20          0          0          0          0        978   led_system.o
      2192       1026          0        164         28      15278   logic_control.o
       288        108          0          0       2176      14376   main.o
       648        280          0          0        288       3184   message_manager.o
       132         22          0          0          0       1631   misc.o
       108         22          0          0         84       2791   node_manager.o
       168         12          0         36       4096       2963   oled.o
       724         66          0          8          0       5882   oled_command.o
      2132        640          0        692          0      11492   option.o
       724        300         11         24         84       6702   option_manager.o
       506        116       2650         12        104       5429   player.o
      1098        252         13         24          0       8149   player_system.o
        44          0          0          0          0       1411   ring_buffer.o
       924         80         49        448          0      12013   role.o
       452         62          0         72          0       5649   role_manager.o
       128         52          0          4          0       2536   role_system.o
        58          0          0          0          0       1981   rtc_device.o
       148         48         10         12         28       2773   rtc_system.o
        68         14          0          8          0       1884   scheduler.o
       364          8          0          0          0       4577   show_graph.o
       318          4          0          0         20       3988   show_text.o
        36          8        236          0       3584        852   startup_stm32f10x_md.o
        16          0          0          0          0        505   stm32f10x_bkp.o
       510         26          0          0          0       5918   stm32f10x_dma.o
       306          0          0          0          0       3292   stm32f10x_gpio.o
       454         14          0          0          0       7419   stm32f10x_i2c.o
        42         10          0          0          0       3341   stm32f10x_it.o
        12          6          0          0          0        538   stm32f10x_pwr.o
       420         64          0         20          0       7983   stm32f10x_rcc.o
       260         48          0          0          0       5424   stm32f10x_rtc.o
       424         52          0          0          0       5083   stm32f10x_tim.o
       358          6          0          0          0       5617   stm32f10x_usart.o
       328         28          0          0          0     266881   system_stm32f10x.o
        64          0          0          0          0       1489   thread.o
       120         62          0          0          0        528   usart_init.o

    ----------------------------------------------------------------------
     21286       4388       9992       2088      12160     530361   Object Totals
         0          0         32          0          0          0   (incl. Generated)
        40          0         12          0          4          0   (incl. Padding)

    ----------------------------------------------------------------------

      Code (inc. data)   RO Data    RW Data    ZI Data      Debug   Library Member Name

        86          0          0          0          0          0   __dczerorl2.o
         0          0          0          0          0          0   entry.o
         0          0          0          0          0          0   entry10a.o
         0          0          0          0          0          0   entry11a.o
         8          4          0          0          0          0   entry2.o
         4          0          0          0          0          0   entry5.o
         0          0          0          0          0          0   entry7b.o
         0          0          0          0          0          0   entry8b.o
         8          4          0          0          0          0   entry9a.o
        30          0          0          0          0          0   handlers.o
        36          8          0          0          0         68   init.o
       108         16          0          0          0         84   malloc.o
        36          0          0          0          0         68   memcpya.o
         0          0          0          8          0          0   mvars.o
       472         14          0          0          0        184   printf3.o
        36         10          0          4          0        136   rand.o
         0          0          0          4          0          0   stdout.o
        28          0          0          0          0         76   strcmp.o
        44          0          0          0          0         80   uidiv.o

    ----------------------------------------------------------------------
       898         56          0         16          0        696   Library Totals
         2          0          0          0          0          0   (incl. Padding)

    ----------------------------------------------------------------------

      Code (inc. data)   RO Data    RW Data    ZI Data      Debug   Library Name

       896         56          0         16          0        696   mc_w.l

    ----------------------------------------------------------------------
       898         56          0         16          0        696   Library Totals

    ----------------------------------------------------------------------

==============================================================================


      Code (inc. data)   RO Data    RW Data    ZI Data      Debug   

     22184       4444       9992       2104      12160     512413   Grand Totals
     22184       4444       9992        740      12160     512413   ELF Image Totals (compressed)
     22184       4444       9992        740          0          0   ROM Totals

==============================================================================

    Total RO  Size (Code + RO Data)                32176 (  31.42kB)
    Total RW  Size (RW Data + ZI Data)             14264 (  13.93kB)
    Total ROM Size (Code + RO Data + RW Data)      32916 (  32.14kB)

==============================================================================

