<html>
<body>
<pre>
<h1>µVision Build Log</h1>
<h2>Tool Versions:</h2>
IDE-Version: ¦ÌVision V5.38.0.0
Copyright (C) 2022 ARM Ltd and ARM Germany GmbH. All rights reserved.
License Information: k Administrator, k, LIC=CZLZX-HSJVD-RARDM-XMX7S-V1YVI-XPP5P
 
Tool Versions:
Toolchain:       MDK-ARM Plus  Version: 5.38.0.0
Toolchain Path:  D:\Keil_v5\ARM\ARMCC\Bin
C Compiler:      Armcc.exe V5.06 update 6 (build 750)
Assembler:       Armasm.exe V5.06 update 6 (build 750)
Linker/Locator:  ArmLink.exe V5.06 update 6 (build 750)
Library Manager: ArmAr.exe V5.06 update 6 (build 750)
Hex Converter:   FromElf.exe V5.06 update 6 (build 750)
CPU DLL:         SARMCM3.DLL V5.38.0.0
Dialog DLL:      DCM.DLL V1.17.5.0
Target DLL:      STLink\ST-LINKIII-KEIL_SWO.dll V3.1.0.0
Dialog DLL:      TCM.DLL V1.56.4.0
 
<h2>Project:</h2>
D:\Desktop\watch_wds\12_12_watch_nano - msgcentre\Project\BH-F103.uvprojx
Project File Date:  11/19/2024

<h2>Output:</h2>
*** Using Compiler 'V5.06 update 6 (build 750)', folder: 'D:\Keil_v5\ARM\ARMCC\Bin'
Rebuild target 'Target 1'
assembling startup_stm32f10x_md.s...
compiling core_cm3.c...
compiling stm32f10x_bkp.c...
compiling misc.c...
compiling stm32f10x_cec.c...
compiling stm32f10x_adc.c...
compiling stm32f10x_crc.c...
compiling stm32f10x_exti.c...
compiling stm32f10x_dbgmcu.c...
compiling system_stm32f10x.c...
compiling stm32f10x_dma.c...
compiling stm32f10x_dac.c...
compiling stm32f10x_can.c...
compiling stm32f10x_flash.c...
compiling stm32f10x_fsmc.c...
compiling stm32f10x_gpio.c...
compiling stm32f10x_iwdg.c...
compiling stm32f10x_pwr.c...
compiling stm32f10x_rcc.c...
compiling stm32f10x_i2c.c...
compiling stm32f10x_rtc.c...
compiling stm32f10x_sdio.c...
compiling stm32f10x_spi.c...
compiling stm32f10x_usart.c...
compiling ring_buffer.c...
compiling stm32f10x_wwdg.c...
compiling stm32f10x_tim.c...
compiling stm32f10x_it.c...
compiling cal_button.c...
compiling main.c...
compiling cal_timer.c...
compiling board.c...
compiling cal_led.c...
compiling drive_gpio.c...
compiling drive_timer.c...
compiling drive_usart.c...
compiling kal_button.c...
compiling drive_i2c.c...
compiling drive_pwm.c...
compiling drive_delay.c...
compiling kal_timer.c...
compiling drive_rtc.c...
compiling kal_led.c...
compiling kal_beep.c...
compiling kal_i2c.c...
compiling cal_i2c.c...
compiling cal_beep.c...
compiling led_device.c...
compiling led_system.c...
compiling i2c_device.c...
compiling i2c_system.c...
compiling rtc_device.c...
compiling convert.c...
compiling input_device.c...
compiling led.c...
compiling input_system.c...
compiling rtc_system.c...
compiling dht11_device.c...
compiling i2c.c...
..\watch\dev\i2c\i2c.c(36): warning:  #1296-D: extended constant initialiser used
  	.iDMAperBaseAddr = I2C1_DMA_PERBASEADDR,
..\watch\dev\i2c\i2c.c: 1 warning, 0 errors
compiling input_buffer.c...
compiling display_device.c...
compiling display_system.c...
compiling button_device.c...
compiling button.c...
compiling ascii_fontlib.c...
compiling fontlib_manager.c...
compiling button_input.c...
compiling button_system.c...
compiling fontlib_system.c...
compiling show_text.c...
compiling encode_str.c...
compiling beep_system.c...
compiling oled.c...
compiling beep_device.c...
compiling decode.c...
compiling player.c...
compiling oled_command.c...
compiling show_graph.c...
compiling graph_data.c...
compiling role_manager.c...
compiling role.c...
compiling role_system.c...
compiling game.c...
compiling beep.c...
compiling node_manager.c...
compiling option_manager.c...
compiling message_manager.c...
compiling player_system.c...
compiling logic_control.c...
compiling game_system.c...
compiling option.c...
compiling usart_init.c...
compiling usart1_test.c...
compiling displaydev_init.c...
compiling led_test.c...
compiling input_test.c...
..\watch\unittest\input_test.c(12): warning:  #177-D: variable "event"  was declared but never referenced
      InputEvent event;
..\watch\unittest\input_test.c: 1 warning, 0 errors
compiling beep_test.c...
compiling display_test.c...
compiling decode_test.c...
compiling text_test.c...
compiling player_test.c...
compiling clock.c...
compiling graph_test.c...
compiling cpu.c...
compiling components.c...
compiling idle.c...
compiling irq.c...
compiling mem.c...
compiling ipc.c...
compiling game_test.c...
compiling memheap.c...
compiling iterator_test.c...
compiling kservice.c...
compiling mempool.c...
compiling scheduler.c...
compiling menu_test.c...
compiling object.c...
compiling message_test.c...
compiling slab.c...
assembling context_rvds.S...
compiling cpuport.c...
compiling timer.c...
compiling thread.c...
linking...
Program Size: Code=30664 RO-data=10296 RW-data=2328 ZI-data=16608  
FromELF: creating hex file...
After Build - User command #1: fromelf --bin --output D:\Desktop\watch_wds\11_02_thread_unittest\Project\Objects\project.bin D:\Desktop\watch_wds\11_02_thread_unittest\Project\Objects\BH-F103.axf
After Build - User command #2: fromelf  --text  -a -c  --output D:\Desktop\watch_wds\11_02_thread_unittest\Project\Objects\project.dis D:\Desktop\watch_wds\11_02_thread_unittest\Project\Objects\BH-F103.axf
".\Objects\BH-F103.axf" - 0 Error(s), 2 Warning(s).

<h2>Software Packages used:</h2>

Package Vendor: Keil
                https://www.keil.com/pack/Keil.STM32F1xx_DFP.2.4.1.pack
                Keil.STM32F1xx_DFP.2.4.1
                STMicroelectronics STM32F1 Series Device Support, Drivers and Examples

<h2>Collection of Component include folders:</h2>
  D:/Users/Administrator/AppData/Local/Arm/Packs/Keil/STM32F1xx_DFP/2.4.1/Device/Include

<h2>Collection of Component Files used:</h2>
Build Time Elapsed:  00:00:02
</pre>
</body>
</html>
